Component: ARM Compiler 5.06 update 7 (build 960) Tool: armlink [4d3601]

==============================================================================

Section Cross References

    startup_stm32f407xx.o(STACK) refers (Special) to heapauxi.o(.text) for __use_two_region_memory
    startup_stm32f407xx.o(HEAP) refers (Special) to heapauxi.o(.text) for __use_two_region_memory
    startup_stm32f407xx.o(RESET) refers (Special) to heapauxi.o(.text) for __use_two_region_memory
    startup_stm32f407xx.o(RESET) refers to startup_stm32f407xx.o(STACK) for __initial_sp
    startup_stm32f407xx.o(RESET) refers to startup_stm32f407xx.o(.text) for Reset_Handler
    startup_stm32f407xx.o(RESET) refers to stm32f4xx_it.o(i.NMI_Handler) for NMI_Handler
    startup_stm32f407xx.o(RESET) refers to stm32f4xx_it.o(i.HardFault_Handler) for HardFault_Handler
    startup_stm32f407xx.o(RESET) refers to stm32f4xx_it.o(i.MemManage_Handler) for MemManage_Handler
    startup_stm32f407xx.o(RESET) refers to stm32f4xx_it.o(i.BusFault_Handler) for BusFault_Handler
    startup_stm32f407xx.o(RESET) refers to stm32f4xx_it.o(i.UsageFault_Handler) for UsageFault_Handler
    startup_stm32f407xx.o(RESET) refers to port.o(.emb_text) for SVC_Handler
    startup_stm32f407xx.o(RESET) refers to stm32f4xx_it.o(i.DebugMon_Handler) for DebugMon_Handler
    startup_stm32f407xx.o(RESET) refers to port.o(i.SysTick_Handler) for SysTick_Handler
    startup_stm32f407xx.o(RESET) refers to stm32f4xx_it.o(i.EXTI0_IRQHandler) for EXTI0_IRQHandler
    startup_stm32f407xx.o(RESET) refers to stm32f4xx_it.o(i.DMA1_Stream1_IRQHandler) for DMA1_Stream1_IRQHandler
    startup_stm32f407xx.o(RESET) refers to stm32f4xx_it.o(i.CAN1_TX_IRQHandler) for CAN1_TX_IRQHandler
    startup_stm32f407xx.o(RESET) refers to stm32f4xx_it.o(i.CAN1_RX0_IRQHandler) for CAN1_RX0_IRQHandler
    startup_stm32f407xx.o(RESET) refers to stm32f4xx_it.o(i.TIM1_UP_TIM10_IRQHandler) for TIM1_UP_TIM10_IRQHandler
    startup_stm32f407xx.o(RESET) refers to stm32f4xx_it.o(i.DMA2_Stream1_IRQHandler) for DMA2_Stream1_IRQHandler
    startup_stm32f407xx.o(RESET) refers to stm32f4xx_it.o(i.CAN2_TX_IRQHandler) for CAN2_TX_IRQHandler
    startup_stm32f407xx.o(RESET) refers to stm32f4xx_it.o(i.CAN2_RX0_IRQHandler) for CAN2_RX0_IRQHandler
    startup_stm32f407xx.o(RESET) refers to stm32f4xx_it.o(i.OTG_FS_IRQHandler) for OTG_FS_IRQHandler
    startup_stm32f407xx.o(RESET) refers to stm32f4xx_it.o(i.DMA2_Stream5_IRQHandler) for DMA2_Stream5_IRQHandler
    startup_stm32f407xx.o(RESET) refers to stm32f4xx_it.o(i.DMA2_Stream6_IRQHandler) for DMA2_Stream6_IRQHandler
    startup_stm32f407xx.o(RESET) refers to stm32f4xx_it.o(i.DMA2_Stream7_IRQHandler) for DMA2_Stream7_IRQHandler
    startup_stm32f407xx.o(RESET) refers to stm32f4xx_it.o(i.USART6_IRQHandler) for USART6_IRQHandler
    startup_stm32f407xx.o(.text) refers (Special) to heapauxi.o(.text) for __use_two_region_memory
    startup_stm32f407xx.o(.text) refers to system_stm32f4xx.o(i.SystemInit) for SystemInit
    startup_stm32f407xx.o(.text) refers to __main.o(!!!main) for __main
    startup_stm32f407xx.o(.text) refers to startup_stm32f407xx.o(HEAP) for Heap_Mem
    startup_stm32f407xx.o(.text) refers to startup_stm32f407xx.o(STACK) for Stack_Mem
    main.o(i.HAL_TIM_PeriodElapsedCallback) refers to stm32f4xx_hal.o(i.HAL_IncTick) for HAL_IncTick
    main.o(i.SystemClock_Config) refers to rt_memclr_w.o(.text) for __aeabi_memclr4
    main.o(i.SystemClock_Config) refers to stm32f4xx_hal_rcc.o(i.HAL_RCC_OscConfig) for HAL_RCC_OscConfig
    main.o(i.SystemClock_Config) refers to main.o(i.Error_Handler) for Error_Handler
    main.o(i.SystemClock_Config) refers to stm32f4xx_hal_rcc.o(i.HAL_RCC_ClockConfig) for HAL_RCC_ClockConfig
    main.o(i.main) refers to stm32f4xx_hal.o(i.HAL_Init) for HAL_Init
    main.o(i.main) refers to main.o(i.SystemClock_Config) for SystemClock_Config
    main.o(i.main) refers to gpio.o(i.MX_GPIO_Init) for MX_GPIO_Init
    main.o(i.main) refers to dma.o(i.MX_DMA_Init) for MX_DMA_Init
    main.o(i.main) refers to can.o(i.MX_CAN1_Init) for MX_CAN1_Init
    main.o(i.main) refers to usart.o(i.MX_USART1_UART_Init) for MX_USART1_UART_Init
    main.o(i.main) refers to tim.o(i.MX_TIM5_Init) for MX_TIM5_Init
    main.o(i.main) refers to can.o(i.MX_CAN2_Init) for MX_CAN2_Init
    main.o(i.main) refers to usart.o(i.MX_USART3_UART_Init) for MX_USART3_UART_Init
    main.o(i.main) refers to usart.o(i.MX_USART6_UART_Init) for MX_USART6_UART_Init
    main.o(i.main) refers to rtc.o(i.MX_RTC_Init) for MX_RTC_Init
    main.o(i.main) refers to spi.o(i.MX_SPI2_Init) for MX_SPI2_Init
    main.o(i.main) refers to bsp_delay.o(i.delay_init) for delay_init
    main.o(i.main) refers to stm32f4xx_hal.o(i.HAL_Delay) for HAL_Delay
    main.o(i.main) refers to freertos.o(i.MX_FREERTOS_Init) for MX_FREERTOS_Init
    main.o(i.main) refers to cmsis_os.o(i.osKernelStart) for osKernelStart
    freertos.o(i.ALL_Init) refers to usb_device.o(i.MX_USB_DEVICE_Init) for MX_USB_DEVICE_Init
[...]
    J6006_Yaw_P                              0x200001f0   Data           4  cloud_control.o(.data)
    J6006_Yaw_V                              0x200001f4   Data           4  cloud_control.o(.data)
    J6006_Yaw_Kp                             0x200001f8   Data           4  cloud_control.o(.data)
    J6006_Yaw_Kd                             0x200001fc   Data           4  cloud_control.o(.data)
    yaw_angle_last                           0x20000200   Data           4  cloud_control.o(.data)
    chassis_yaw_last                         0x20000204   Data           4  cloud_control.o(.data)
    chassis_yaw_unwrapped                    0x20000208   Data           4  cloud_control.o(.data)
    follow_cloud                             0x2000020c   Data           1  cloud_control.o(.data)
    chassis_turns                            0x20000210   Data           4  cloud_control.o(.data)
    Info_flag                                0x20000214   Data           4  cloud_control.o(.data)
    flag5                                    0x20000218   Data           4  cloud_control.o(.data)
    flag6                                    0x2000021c   Data           4  cloud_control.o(.data)
    flag_Angle_Cloud                         0x20000220   Data           4  cloud_control.o(.data)
    Cloud_FUN                                0x20000224   Data          16  cloud_control.o(.data)
    PowerTxData                              0x20000238   Data           8  powercontrol.o(.data)
    PowerControl_Fun                         0x20000240   Data           8  powercontrol.o(.data)
    dirt                                     0x20000248   Data           2  steer_omni_chassis.o(.data)
    follow                                   0x2000024a   Data           1  steer_omni_chassis.o(.data)
    flag_angletocloud                        0x2000024c   Data           4  steer_omni_chassis.o(.data)
    flag_Angle_ChassisToCloud                0x20000250   Data           4  steer_omni_chassis.o(.data)
    flag_angle_hd                            0x20000254   Data           4  steer_omni_chassis.o(.data)
    RGB_flow_color                           0x20000258   Data          28  task_led.o(.data)
    FS_Desc                                  0x20000278   Data          28  usbd_desc.o(.data)
    USBD_LangIDDesc                          0x20000294   Data           4  usbd_desc.o(.data)
    USBD_FS_DeviceDesc                       0x20000298   Data          18  usbd_desc.o(.data)
    USBD_StringSerial                        0x200002ac   Data          26  usbd_desc.o(.data)
    USBD_Interface_fops_FS                   0x200002c8   Data          20  usbd_cdc_if.o(.data)
    SystemCoreClock                          0x200002dc   Data           4  system_stm32f4xx.o(.data)
    uwTick                                   0x200002e0   Data           4  stm32f4xx_hal.o(.data)
    uwTickPrio                               0x200002e4   Data           4  stm32f4xx_hal.o(.data)
    uwTickFreq                               0x200002e8   Data           1  stm32f4xx_hal.o(.data)
    USBD_CDC                                 0x20000340   Data          56  usbd_cdc.o(.data)
    pxCurrentTCB                             0x20000378   Data           4  tasks.o(.data)
    c_data                                   0x200003f4   Data           4  vofa.o(.data)
    hcan1                                    0x20000aa0   Data          40  can.o(.bss)
    hcan2                                    0x20000ac8   Data          40  can.o(.bss)
    hrtc                                     0x20000af0   Data          32  rtc.o(.bss)
    hspi2                                    0x20000b10   Data          88  spi.o(.bss)
    htim5                                    0x20000b68   Data          72  tim.o(.bss)
    huart1                                   0x20000bb0   Data          72  usart.o(.bss)
    huart3                                   0x20000bf8   Data          72  usart.o(.bss)
    huart6                                   0x20000c40   Data          72  usart.o(.bss)
    hdma_usart1_rx                           0x20000c88   Data          96  usart.o(.bss)
    hdma_usart1_tx                           0x20000ce8   Data          96  usart.o(.bss)
    hdma_usart3_rx                           0x20000d48   Data          96  usart.o(.bss)
    hdma_usart6_rx                           0x20000da8   Data          96  usart.o(.bss)
    hdma_usart6_tx                           0x20000e08   Data          96  usart.o(.bss)
    htim1                                    0x20000e68   Data          72  stm32f4xx_hal_timebase_tim.o(.bss)
    Cloud_YAWODKalman                        0x20000eb0   Data          48  pid.o(.bss)
    Cloud_PITCHODKalman                      0x20000ee0   Data          48  pid.o(.bss)
    ControlMes                               0x20000f10   Data          32  bsp_boardcommunication.o(.bss)
    JudgeSystem_rxBuff                       0x20000f30   Data         136  protocol_judgement.o(.bss)
    g_referee                                0x20000fb8   Data         412  protocol_judgement.o(.bss)
    Can_Data                                 0x20001154   Data         152  bsp_can.o(.bss)
    Usart_Data                               0x20001234   Data         130  bsp_usart.o(.bss)
    Saber_Rxbuffer                           0x200012b8   Data          76  saber_c3.o(.bss)
    Saber_Montage                            0x20001304   Data         152  saber_c3.o(.bss)
    Saber_Angle                              0x2000139c   Data          24  saber_c3.o(.bss)
    RC_CtrlData                              0x200013b4   Data          22  dt7.o(.bss)
    M3508_Array                              0x200013dc   Data        1400  m3508_motor.o(.bss)
    M6020s_Yaw                               0x20001954   Data         200  m6020_motor.o(.bss)
    M6020s_Chassis1                          0x20001a1c   Data         200  m6020_motor.o(.bss)
    M6020s_Chassis2                          0x20001ae4   Data         200  m6020_motor.o(.bss)
    J4310s_Pitch                             0x20001bac   Data          76  dm_motor.o(.bss)
    J6006s_Yaw                               0x20001bf8   Data          76  dm_motor.o(.bss)
    J6006s_YawIPID                           0x20001c44   Data          80  cloud_control.o(.bss)
    J6006s_YawOPID                           0x20001c94   Data          80  cloud_control.o(.bss)
    AutoAim_J6006s_YawIPID                   0x20001ce4   Data          80  cloud_control.o(.bss)
    AutoAim_J6006s_YawOPID                   0x20001d34   Data          80  cloud_control.o(.bss)
    Cloud_YawMotorAngle_Error_Kalman         0x20001d84   Data          48  cloud_control.o(.bss)
    Cloud_YawCurrent_Kalman                  0x20001db4   Data          48  cloud_control.o(.bss)
    Cloud_YawCurrent_Kalman_manul            0x20001de4   Data          48  cloud_control.o(.bss)
    Cloud                                    0x20001e14   Data          24  cloud_control.o(.bss)
    PowerRxData                              0x20001e2c   Data          12  powercontrol.o(.bss)
    Steer_Omni_Data                          0x20001e38   Data          44  steer_omni_chassis.o(.bss)
    chassis_follow                           0x20001e64   Data          80  steer_omni_chassis.o(.bss)
    cloud_follow                             0x20001eb4   Data          80  steer_omni_chassis.o(.bss)
    UpperCom_Receive_Buffer                  0x20001f04   Data          31  task_communicatewithpc.o(.bss)
    hUsbDeviceFS                             0x20001f24   Data         732  usb_device.o(.bss)
    USBD_StrDesc                             0x20002200   Data         512  usbd_desc.o(.bss)
    UserRxBufferFS                           0x20002400   Data        2048  usbd_cdc_if.o(.bss)
    UserTxBufferFS                           0x20002c00   Data        2048  usbd_cdc_if.o(.bss)
    hpcd_USB_OTG_FS                          0x20003620   Data        1252  usbd_conf.o(.bss)
    xQueueRegistry                           0x20003b04   Data          64  queue.o(.bss)
    __libspace_start                         0x2000b51c   Data          96  libspace.o(.bss)
    __temporary_stack_top$libspace           0x2000b57c   Data           0  libspace.o(.bss)



==============================================================================

Memory Map of the image

  Image Entry point : 0x08000189

  Load Region LR_IROM1 (Base: 0x08000000, Size: 0x00012278, Max: 0x00100000, ABSOLUTE, COMPRESSED[0x00011ff0])

    Execution Region ER_IROM1 (Exec base: 0x08000000, Load base: 0x08000000, Size: 0x00011e80, Max: 0x00100000, ABSOLUTE)

    Exec Addr    Load Addr    Size         Type   Attr      Idx    E Section Name        Object

    0x08000000   0x08000000   0x00000188   Data   RO            3    RESET               startup_stm32f407xx.o
    0x08000188   0x08000188   0x00000008   Code   RO         9890  * !!!main             c_w.l(__main.o)
    0x08000190   0x08000190   0x00000034   Code   RO        10320    !!!scatter          c_w.l(__scatter.o)
    0x080001c4   0x080001c4   0x0000005a   Code   RO        10318    !!dczerorl2         c_w.l(__dczerorl2.o)
    0x0800021e   0x0800021e   0x00000002   PAD
    0x08000220   0x08000220   0x0000001c   Code   RO        10322    !!handler_zi        c_w.l(__scatter_zi.o)
    0x0800023c   0x0800023c   0x00000002   Code   RO        10185    .ARM.Collect$$libinit$$00000000  c_w.l(libinit.o)
    0x0800023e   0x0800023e   0x00000004   Code   RO        10186    .ARM.Collect$$libinit$$00000001  c_w.l(libinit2.o)
    0x08000242   0x08000242   0x00000000   Code   RO        10189    .ARM.Collect$$libinit$$00000004  c_w.l(libinit2.o)
    0x08000242   0x08000242   0x00000000   Code   RO        10192    .ARM.Collect$$libinit$$0000000A  c_w.l(libinit2.o)
    0x08000242   0x08000242   0x00000000   Code   RO        10194    .ARM.Collect$$libinit$$0000000C  c_w.l(libinit2.o)
    0x08000242   0x08000242   0x00000000   Code   RO        10196    .ARM.Collect$$libinit$$0000000E  c_w.l(libinit2.o)
    0x08000242   0x08000242   0x00000000   Code   RO        10199    .ARM.Collect$$libinit$$00000011  c_w.l(libinit2.o)
    0x08000242   0x08000242   0x00000000   Code   RO        10201    .ARM.Collect$$libinit$$00000013  c_w.l(libinit2.o)
    0x08000242   0x08000242   0x00000000   Code   RO        10203    .ARM.Collect$$libinit$$00000015  c_w.l(libinit2.o)
    0x08000242   0x08000242   0x00000000   Code   RO        10205    .ARM.Collect$$libinit$$00000017  c_w.l(libinit2.o)
    0x08000242   0x08000242   0x00000000   Code   RO        10207    .ARM.Collect$$libinit$$00000019  c_w.l(libinit2.o)
    0x08000242   0x08000242   0x00000000   Code   RO        10209    .ARM.Collect$$libinit$$0000001B  c_w.l(libinit2.o)
    0x08000242   0x08000242   0x00000000   Code   RO        10211    .ARM.Collect$$libinit$$0000001D  c_w.l(libinit2.o)
    0x08000242   0x08000242   0x00000000   Code   RO        10213    .ARM.Collect$$libinit$$0000001F  c_w.l(libinit2.o)
    0x08000242   0x08000242   0x00000000   Code   RO        10215    .ARM.Collect$$libinit$$00000021  c_w.l(libinit2.o)
    0x08000242   0x08000242   0x00000000   Code   RO        10217    .ARM.Collect$$libinit$$00000023  c_w.l(libinit2.o)
    0x08000242   0x08000242   0x00000000   Code   RO        10219    .ARM.Collect$$libinit$$00000025  c_w.l(libinit2.o)
    0x08000242   0x08000242   0x00000000   Code   RO        10223    .ARM.Collect$$libinit$$0000002C  c_w.l(libinit2.o)
    0x08000242   0x08000242   0x00000000   Code   RO        10225    .ARM.Collect$$libinit$$0000002E  c_w.l(libinit2.o)
    0x08000242   0x08000242   0x00000000   Code   RO        10227    .ARM.Collect$$libinit$$00000030  c_w.l(libinit2.o)
    0x08000242   0x08000242   0x00000000   Code   RO        10229    .ARM.Collect$$libinit$$00000032  c_w.l(libinit2.o)
    0x08000242   0x08000242   0x00000002   Code   RO        10230    .ARM.Collect$$libinit$$00000033  c_w.l(libinit2.o)
    0x08000244   0x08000244   0x00000002   Code   RO        10281    .ARM.Collect$$libshutdown$$00000000  c_w.l(libshutdown.o)
    0x08000246   0x08000246   0x00000000   Code   RO        10299    .ARM.Collect$$libshutdown$$00000002  c_w.l(libshutdown2.o)
    0x08000246   0x08000246   0x00000000   Code   RO        10301    .ARM.Collect$$libshutdown$$00000004  c_w.l(libshutdown2.o)
    0x08000246   0x08000246   0x00000000   Code   RO        10303    .ARM.Collect$$libshutdown$$00000006  c_w.l(libshutdown2.o)
    0x08000246   0x08000246   0x00000000   Code   RO        10306    .ARM.Collect$$libshutdown$$00000009  c_w.l(libshutdown2.o)
    0x08000246   0x08000246   0x00000000   Code   RO        10309    .ARM.Collect$$libshutdown$$0000000C  c_w.l(libshutdown2.o)
    0x08000246   0x08000246   0x00000000   Code   RO        10311    .ARM.Collect$$libshutdown$$0000000E  c_w.l(libshutdown2.o)
    0x08000246   0x08000246   0x00000000   Code   RO        10314    .ARM.Collect$$libshutdown$$00000011  c_w.l(libshutdown2.o)
    0x08000246   0x08000246   0x00000002   Code   RO        10315    .ARM.Collect$$libshutdown$$00000012  c_w.l(libshutdown2.o)
    0x08000248   0x08000248   0x00000000   Code   RO        10012    .ARM.Collect$$rtentry$$00000000  c_w.l(__rtentry.o)
    0x08000248   0x08000248   0x00000000   Code   RO        10101    .ARM.Collect$$rtentry$$00000002  c_w.l(__rtentry2.o)
    0x08000248   0x08000248   0x00000006   Code   RO        10113    .ARM.Collect$$rtentry$$00000004  c_w.l(__rtentry4.o)
    0x0800024e   0x0800024e   0x00000000   Code   RO        10103    .ARM.Collect$$rtentry$$00000009  c_w.l(__rtentry2.o)
    0x0800024e   0x0800024e   0x00000004   Code   RO        10104    .ARM.Collect$$rtentry$$0000000A  c_w.l(__rtentry2.o)
    0x08000252   0x08000252   0x00000000   Code   RO        10106    .ARM.Collect$$rtentry$$0000000C  c_w.l(__rtentry2.o)
    0x08000252   0x08000252   0x00000008   Code   RO        10107    .ARM.Collect$$rtentry$$0000000D  c_w.l(__rtentry2.o)
    0x0800025a   0x0800025a   0x00000002   Code   RO        10233    .ARM.Collect$$rtexit$$00000000  c_w.l(rtexit.o)
    0x0800025c   0x0800025c   0x00000000   Code   RO        10250    .ARM.Collect$$rtexit$$00000002  c_w.l(rtexit2.o)
    0x0800025c   0x0800025c   0x00000004   Code   RO        10251    .ARM.Collect$$rtexit$$00000003  c_w.l(rtexit2.o)
    0x08000260   0x08000260   0x00000006   Code   RO        10252    .ARM.Collect$$rtexit$$00000004  c_w.l(rtexit2.o)
    0x08000266   0x08000266   0x00000002   PAD
    0x08000268   0x08000268   0x000000be   Code   RO         9571    .emb_text           port.o
    0x08000326   0x08000326   0x00000002   PAD
    0x08000328   0x08000328   0x00000040   Code   RO            4    .text               startup_stm32f407xx.o
    0x08000368   0x08000368   0x000000ee   Code   RO         9843    .text               c_w.l(lludivv7m.o)
    0x08000456   0x08000456   0x0000008a   Code   RO         9880    .text               c_w.l(rt_memcpy_v6.o)
    0x080004e0   0x080004e0   0x00000064   Code   RO         9882    .text               c_w.l(rt_memcpy_w.o)
    0x08000544   0x08000544   0x0000004e   Code   RO         9886    .text               c_w.l(rt_memclr_w.o)
    0x08000592   0x08000592   0x00000006   Code   RO         9888    .text               c_w.l(heapauxi.o)
    0x08000598   0x08000598   0x00000016   Code   RO        10017    .text               c_w.l(_rserrno.o)
    0x080005ae   0x080005ae   0x00000002   PAD
    0x080005b0   0x080005b0   0x00000008   Code   RO        10125    .text               c_w.l(rt_errno_addr_intlibspace.o)
    0x080005b8   0x080005b8   0x00000008   Code   RO        10167    .text               c_w.l(libspace.o)
    0x080005c0   0x080005c0   0x0000004a   Code   RO        10170    .text               c_w.l(sys_stackheap_outer.o)
    0x0800060a   0x0800060a   0x00000012   Code   RO        10172    .text               c_w.l(exit.o)
    0x0800061c   0x0800061c   0x0000000c   Code   RO        10247    .text               c_w.l(sys_exit.o)
    0x08000628   0x08000628   0x00000002   Code   RO        10268    .text               c_w.l(use_no_semi.o)
    0x0800062a   0x0800062a   0x00000000   Code   RO        10270    .text               c_w.l(indicate_semi.o)
    0x0800062a   0x0800062a   0x00000002   PAD
    0x0800062c   0x0800062c   0x0000011c   Code   RO          309    i.ALL_Init          freertos.o
    0x08000748   0x08000748   0x00000024   Code   RO         2987    i.AllCanSend        task_cansend.o
    0x0800076c   0x0800076c   0x00000174   Code   RO         1133    i.Angle_PID         pid.o
    0x080008e0   0x080008e0   0x00000024   Code   RO         1523    i.Append_CRC8_Check_Sum  crc.o
    0x08000904   0x08000904   0x00000108   Code   RO         1413    i.Board2_To_1       bsp_boardcommunication.o
    0x08000a0c   0x08000a0c   0x000000bc   Code   RO         1414    i.Board2_getChassisInfo  bsp_boardcommunication.o
    0x08000ac8   0x08000ac8   0x00000130   Code   RO         1415    i.Board2_getGimbalInfo  bsp_boardcommunication.o
    0x08000bf8   0x08000bf8   0x00000004   Code   RO          783    i.BusFault_Handler  stm32f4xx_it.o
    0x08000bfc   0x08000bfc   0x00000010   Code   RO          784    i.CAN1_RX0_IRQHandler  stm32f4xx_it.o
    0x08000c0c   0x08000c0c   0x00000010   Code   RO          785    i.CAN1_TX_IRQHandler  stm32f4xx_it.o
    0x08000c1c   0x08000c1c   0x00000010   Code   RO          786    i.CAN2_RX0_IRQHandler  stm32f4xx_it.o
    0x08000c2c   0x08000c2c   0x00000010   Code   RO          787    i.CAN2_TX_IRQHandler  stm32f4xx_it.o
    0x08000c3c   0x08000c3c   0x00000030   Code   RO         1640    i.CAN_FILTER_Init   bsp_can.o
    0x08000c6c   0x08000c6c   0x00000034   Code   RO         1641    i.CAN_IT_Init       bsp_can.o
    0x08000ca0   0x08000ca0   0x0000004a   Code   RO         1642    i.CAN_SendData      bsp_can.o
    0x08000cea   0x08000cea   0x00000008   Code   RO         3332    i.CDC_Control_FS    usbd_cdc_if.o
    0x08000cf2   0x08000cf2   0x00000004   Code   RO         3333    i.CDC_DeInit_FS     usbd_cdc_if.o
    0x08000cf6   0x08000cf6   0x00000002   PAD
    0x08000cf8   0x08000cf8   0x00000024   Code   RO         3334    i.CDC_Init_FS       usbd_cdc_if.o
    0x08000d1c   0x08000d1c   0x00000054   Code   RO         3335    i.CDC_Receive_FS    usbd_cdc_if.o
    0x08000d70   0x08000d70   0x00000004   Code   RO         3336    i.CDC_TransmitCplt_FS  usbd_cdc_if.o
    0x08000d74   0x08000d74   0x0000002c   Code   RO         3337    i.CDC_Transmit_FS   usbd_cdc_if.o
    0x08000da0   0x08000da0   0x0000005c   Code   RO         2951    i.Can1Receives      task_canreceive.o
    0x08000dfc   0x08000dfc   0x000000b0   Code   RO         2952    i.Can2Receives      task_canreceive.o
    0x08000eac   0x08000eac   0x000001fc   Code   RO         2852    i.Chassis_Init      steer_omni_chassis.o
    0x080010a8   0x080010a8   0x00000044   Code   RO         2614    i.Check_DM          dm_motor.o
    0x080010ec   0x080010ec   0x00000050   Code   RO         1135    i.Clear_PositionPIDData  pid.o
    0x0800113c   0x0800113c   0x00000104   Code   RO         2697    i.Cloud_Init        cloud_control.o
    0x08001240   0x08001240   0x000000bc   Code   RO         2698    i.Cloud_Sport_Out   cloud_control.o
    0x080012fc   0x080012fc   0x00000260   Code   RO         2699    i.Cloud_Yaw_Angle_Set  cloud_control.o
    0x0800155c   0x0800155c   0x00000010   Code   RO          788    i.DMA1_Stream1_IRQHandler  stm32f4xx_it.o
    0x0800156c   0x0800156c   0x00000010   Code   RO          789    i.DMA2_Stream1_IRQHandler  stm32f4xx_it.o
    0x0800157c   0x0800157c   0x00000010   Code   RO          790    i.DMA2_Stream5_IRQHandler  stm32f4xx_it.o
    0x0800158c   0x0800158c   0x00000010   Code   RO          791    i.DMA2_Stream6_IRQHandler  stm32f4xx_it.o
    0x0800159c   0x0800159c   0x00000010   Code   RO          792    i.DMA2_Stream7_IRQHandler  stm32f4xx_it.o
    0x080015ac   0x080015ac   0x00000034   Code   RO         5720    i.DMA_CalcBaseAndBitshift  stm32f4xx_hal_dma.o
    0x080015e0   0x080015e0   0x000000aa   Code   RO         5721    i.DMA_CheckFifoParam  stm32f4xx_hal_dma.o
    0x0800168a   0x0800168a   0x0000002c   Code   RO         5722    i.DMA_SetConfig     stm32f4xx_hal_dma.o
    0x080016b6   0x080016b6   0x00000002   PAD
    0x080016b8   0x080016b8   0x0000005c   Code   RO         2615    i.DM_Enable         dm_motor.o
    0x08001714   0x08001714   0x0000002a   Code   RO         2616    i.DM_MIT_Init       dm_motor.o
    0x0800173e   0x0800173e   0x0000001c   Code   RO         2617    i.DM_Reset          dm_motor.o
    0x0800175a   0x0800175a   0x0000004c   Code   RO         2618    i.DM_Save_Pos_Zero  dm_motor.o
    0x080017a6   0x080017a6   0x00000002   PAD
    0x080017a8   0x080017a8   0x0000044c   Code   RO         2619    i.DM_getInfo        dm_motor.o
    0x08001bf4   0x08001bf4   0x00000100   Code   RO         2620    i.DM_setParameter   dm_motor.o
    0x08001cf4   0x08001cf4   0x00000004   Code   RO         2621    i.DM_setTargetAngle  dm_motor.o
    0x08001cf8   0x08001cf8   0x000002c0   Code   RO         2156    i.DT7_Handle        dt7.o
    0x08001fb8   0x08001fb8   0x00000018   Code   RO         2157    i.DT7_Init          dt7.o
    0x08001fd0   0x08001fd0   0x00000002   Code   RO          793    i.DebugMon_Handler  stm32f4xx_it.o
    0x08001fd2   0x08001fd2   0x0000000a   Code   RO          794    i.EXTI0_IRQHandler  stm32f4xx_it.o
    0x08001fdc   0x08001fdc   0x00000006   Code   RO           13    i.Error_Handler     main.o
    0x08001fe2   0x08001fe2   0x00000002   PAD
    0x08001fe4   0x08001fe4   0x00000240   Code   RO         1331    i.FuzzyComputation  fuzzypid.o
    0x08002224   0x08002224   0x00000034   Code   RO         1524    i.Get_CRC16_Check_Sum  crc.o
    0x08002258   0x08002258   0x00000024   Code   RO         1525    i.Get_CRC8_Check_Sum  crc.o
    0x0800227c   0x0800227c   0x00000038   Code   RO         3254    i.Get_SerialNum     usbd_desc.o
    0x080022b4   0x080022b4   0x0000002a   Code   RO         6417    i.HAL_CAN_ActivateNotification  stm32f4xx_hal_can.o
    0x080022de   0x080022de   0x0000014a   Code   RO         6418    i.HAL_CAN_AddTxMessage  stm32f4xx_hal_can.o
    0x08002428   0x08002428   0x00000124   Code   RO         6419    i.HAL_CAN_ConfigFilter  stm32f4xx_hal_can.o
    0x0800254c   0x0800254c   0x00000002   Code   RO         6422    i.HAL_CAN_ErrorCallback  stm32f4xx_hal_can.o
    0x0800254e   0x0800254e   0x00000194   Code   RO         6425    i.HAL_CAN_GetRxMessage  stm32f4xx_hal_can.o
    0x080026e2   0x080026e2   0x0000024e   Code   RO         6429    i.HAL_CAN_IRQHandler  stm32f4xx_hal_can.o
    0x08002930   0x08002930   0x00000174   Code   RO         6430    i.HAL_CAN_Init      stm32f4xx_hal_can.o
    0x08002aa4   0x08002aa4   0x00000180   Code   RO          525    i.HAL_CAN_MspInit   can.o
    0x08002c24   0x08002c24   0x00000002   Code   RO         6437    i.HAL_CAN_RxFifo0FullCallback  stm32f4xx_hal_can.o
    0x08002c26   0x08002c26   0x00000002   PAD
    0x08002c28   0x08002c28   0x00000110   Code   RO         1643    i.HAL_CAN_RxFifo0MsgPendingCallback  bsp_can.o
    0x08002d38   0x08002d38   0x00000002   Code   RO         6439    i.HAL_CAN_RxFifo1FullCallback  stm32f4xx_hal_can.o
    0x08002d3a   0x08002d3a   0x00000002   Code   RO         6440    i.HAL_CAN_RxFifo1MsgPendingCallback  stm32f4xx_hal_can.o
    0x08002d3c   0x08002d3c   0x00000002   Code   RO         6441    i.HAL_CAN_SleepCallback  stm32f4xx_hal_can.o
    0x08002d3e   0x08002d3e   0x0000005e   Code   RO         6442    i.HAL_CAN_Start     stm32f4xx_hal_can.o
    0x08002d9c   0x08002d9c   0x00000002   Code   RO         6444    i.HAL_CAN_TxMailbox0AbortCallback  stm32f4xx_hal_can.o
    0x08002d9e   0x08002d9e   0x00000002   Code   RO         6445    i.HAL_CAN_TxMailbox0CompleteCallback  stm32f4xx_hal_can.o
    0x08002da0   0x08002da0   0x00000002   Code   RO         6446    i.HAL_CAN_TxMailbox1AbortCallback  stm32f4xx_hal_can.o
    0x08002da2   0x08002da2   0x00000002   Code   RO         6447    i.HAL_CAN_TxMailbox1CompleteCallback  stm32f4xx_hal_can.o
    0x08002da4   0x08002da4   0x00000002   Code   RO         6448    i.HAL_CAN_TxMailbox2AbortCallback  stm32f4xx_hal_can.o
    0x08002da6   0x08002da6   0x00000002   Code   RO         6449    i.HAL_CAN_TxMailbox2CompleteCallback  stm32f4xx_hal_can.o
    0x08002da8   0x08002da8   0x00000002   Code   RO         6451    i.HAL_CAN_WakeUpFromRxMsgCallback  stm32f4xx_hal_can.o
    0x08002daa   0x08002daa   0x000000ac   Code   RO         5723    i.HAL_DMA_Abort     stm32f4xx_hal_dma.o
    0x08002e56   0x08002e56   0x00000028   Code   RO         5724    i.HAL_DMA_Abort_IT  stm32f4xx_hal_dma.o
    0x08002e7e   0x08002e7e   0x00000002   PAD
    0x08002e80   0x08002e80   0x00000240   Code   RO         5728    i.HAL_DMA_IRQHandler  stm32f4xx_hal_dma.o
    0x080030c0   0x080030c0   0x000000ec   Code   RO         5729    i.HAL_DMA_Init      stm32f4xx_hal_dma.o
    0x080031ac   0x080031ac   0x00000092   Code   RO         5733    i.HAL_DMA_Start_IT  stm32f4xx_hal_dma.o
    0x0800323e   0x0800323e   0x00000002   PAD
    0x08003240   0x08003240   0x00000028   Code   RO         6165    i.HAL_Delay         stm32f4xx_hal.o
    0x08003268   0x08003268   0x00000002   Code   RO         5614    i.HAL_GPIO_EXTI_Callback  stm32f4xx_hal_gpio.o
    0x0800326a   0x0800326a   0x00000002   PAD
    0x0800326c   0x0800326c   0x0000001c   Code   RO         5615    i.HAL_GPIO_EXTI_IRQHandler  stm32f4xx_hal_gpio.o
    0x08003288   0x08003288   0x000001f4   Code   RO         5616    i.HAL_GPIO_Init     stm32f4xx_hal_gpio.o
    0x0800347c   0x0800347c   0x0000000c   Code   RO         5620    i.HAL_GPIO_WritePin  stm32f4xx_hal_gpio.o
    0x08003488   0x08003488   0x0000000c   Code   RO         6171    i.HAL_GetTick       stm32f4xx_hal.o
    0x08003494   0x08003494   0x00000018   Code   RO         6177    i.HAL_IncTick       stm32f4xx_hal.o
    0x080034ac   0x080034ac   0x0000003c   Code   RO         6178    i.HAL_Init          stm32f4xx_hal.o
    0x080034e8   0x080034e8   0x000000a0   Code   RO          943    i.HAL_InitTick      stm32f4xx_hal_timebase_tim.o
    0x08003588   0x08003588   0x00000054   Code   RO          919    i.HAL_MspInit       stm32f4xx_hal_msp.o
    0x080035dc   0x080035dc   0x00000028   Code   RO         6008    i.HAL_NVIC_EnableIRQ  stm32f4xx_hal_cortex.o
    0x08003604   0x08003604   0x0000007c   Code   RO         6014    i.HAL_NVIC_SetPriority  stm32f4xx_hal_cortex.o
    0x08003680   0x08003680   0x00000028   Code   RO         6015    i.HAL_NVIC_SetPriorityGrouping  stm32f4xx_hal_cortex.o
    0x080036a8   0x080036a8   0x00000002   Code   RO         4864    i.HAL_PCDEx_LPM_Callback  stm32f4xx_hal_pcd_ex.o
    0x080036aa   0x080036aa   0x0000000a   Code   RO         4865    i.HAL_PCDEx_SetRxFiFo  stm32f4xx_hal_pcd_ex.o
    0x080036b4   0x080036b4   0x0000004e   Code   RO         4866    i.HAL_PCDEx_SetTxFiFo  stm32f4xx_hal_pcd_ex.o
    0x08003702   0x08003702   0x00000008   Code   RO         3392    i.HAL_PCD_ConnectCallback  usbd_conf.o
    0x0800370a   0x0800370a   0x00000012   Code   RO         3393    i.HAL_PCD_DataInStageCallback  usbd_conf.o
    0x0800371c   0x0800371c   0x00000014   Code   RO         3394    i.HAL_PCD_DataOutStageCallback  usbd_conf.o
    0x08003730   0x08003730   0x00000008   Code   RO         3395    i.HAL_PCD_DisconnectCallback  usbd_conf.o
    0x08003738   0x08003738   0x00000042   Code   RO         4629    i.HAL_PCD_EP_Abort  stm32f4xx_hal_pcd.o
    0x0800377a   0x0800377a   0x0000006a   Code   RO         4630    i.HAL_PCD_EP_Close  stm32f4xx_hal_pcd.o
    0x080037e4   0x080037e4   0x0000007c   Code   RO         4631    i.HAL_PCD_EP_ClrStall  stm32f4xx_hal_pcd.o
    0x08003860   0x08003860   0x00000016   Code   RO         4633    i.HAL_PCD_EP_GetRxCount  stm32f4xx_hal_pcd.o
    0x08003876   0x08003876   0x0000008e   Code   RO         4634    i.HAL_PCD_EP_Open   stm32f4xx_hal_pcd.o
    0x08003904   0x08003904   0x00000046   Code   RO         4635    i.HAL_PCD_EP_Receive  stm32f4xx_hal_pcd.o
    0x0800394a   0x0800394a   0x0000008a   Code   RO         4636    i.HAL_PCD_EP_SetStall  stm32f4xx_hal_pcd.o
    0x080039d4   0x080039d4   0x00000048   Code   RO         4637    i.HAL_PCD_EP_Transmit  stm32f4xx_hal_pcd.o
    0x08003a1c   0x08003a1c   0x000006ca   Code   RO         4639    i.HAL_PCD_IRQHandler  stm32f4xx_hal_pcd.o
    0x080040e6   0x080040e6   0x00000008   Code   RO         3396    i.HAL_PCD_ISOINIncompleteCallback  usbd_conf.o
    0x080040ee   0x080040ee   0x00000008   Code   RO         3397    i.HAL_PCD_ISOOUTIncompleteCallback  usbd_conf.o
    0x080040f6   0x080040f6   0x0000015e   Code   RO         4642    i.HAL_PCD_Init      stm32f4xx_hal_pcd.o
    0x08004254   0x08004254   0x00000084   Code   RO         3399    i.HAL_PCD_MspInit   usbd_conf.o
    0x080042d8   0x080042d8   0x0000002e   Code   RO         3400    i.HAL_PCD_ResetCallback  usbd_conf.o
    0x08004306   0x08004306   0x00000008   Code   RO         3401    i.HAL_PCD_ResumeCallback  usbd_conf.o
    0x0800430e   0x0800430e   0x00000008   Code   RO         3402    i.HAL_PCD_SOFCallback  usbd_conf.o
    0x08004316   0x08004316   0x00000034   Code   RO         4648    i.HAL_PCD_SetAddress  stm32f4xx_hal_pcd.o
    0x0800434a   0x0800434a   0x0000000e   Code   RO         3403    i.HAL_PCD_SetupStageCallback  usbd_conf.o
    0x08004358   0x08004358   0x0000004c   Code   RO         4651    i.HAL_PCD_Start     stm32f4xx_hal_pcd.o
    0x080043a4   0x080043a4   0x00000030   Code   RO         3404    i.HAL_PCD_SuspendCallback  usbd_conf.o
    0x080043d4   0x080043d4   0x000001a0   Code   RO         5322    i.HAL_RCCEx_PeriphCLKConfig  stm32f4xx_hal_rcc_ex.o
    0x08004574   0x08004574   0x00000184   Code   RO         5217    i.HAL_RCC_ClockConfig  stm32f4xx_hal_rcc.o
    0x080046f8   0x080046f8   0x00000044   Code   RO         5221    i.HAL_RCC_GetClockConfig  stm32f4xx_hal_rcc.o
    0x0800473c   0x0800473c   0x0000000c   Code   RO         5222    i.HAL_RCC_GetHCLKFreq  stm32f4xx_hal_rcc.o
    0x08004748   0x08004748   0x00000020   Code   RO         5224    i.HAL_RCC_GetPCLK1Freq  stm32f4xx_hal_rcc.o
    0x08004768   0x08004768   0x00000020   Code   RO         5225    i.HAL_RCC_GetPCLK2Freq  stm32f4xx_hal_rcc.o
    0x08004788   0x08004788   0x000000b0   Code   RO         5226    i.HAL_RCC_GetSysClockFreq  stm32f4xx_hal_rcc.o
    0x08004838   0x08004838   0x0000049c   Code   RO         5229    i.HAL_RCC_OscConfig  stm32f4xx_hal_rcc.o
    0x08004cd4   0x08004cd4   0x000000b4   Code   RO         6663    i.HAL_RTC_Init      stm32f4xx_hal_rtc.o
    0x08004d88   0x08004d88   0x0000003c   Code   RO          598    i.HAL_RTC_MspInit   rtc.o
    0x08004dc4   0x08004dc4   0x000000c0   Code   RO         6669    i.HAL_RTC_SetDate   stm32f4xx_hal_rtc.o
    0x08004e84   0x08004e84   0x000000ec   Code   RO         6670    i.HAL_RTC_SetTime   stm32f4xx_hal_rtc.o
    0x08004f70   0x08004f70   0x00000038   Code   RO         6671    i.HAL_RTC_WaitForSynchro  stm32f4xx_hal_rtc.o
    0x08004fa8   0x08004fa8   0x000000c8   Code   RO         7063    i.HAL_SPI_Init      stm32f4xx_hal_spi.o
    0x08005070   0x08005070   0x00000088   Code   RO          640    i.HAL_SPI_MspInit   spi.o
    0x080050f8   0x080050f8   0x00000002   Code   RO         4353    i.HAL_TIMEx_BreakCallback  stm32f4xx_hal_tim_ex.o
    0x080050fa   0x080050fa   0x00000002   Code   RO         4354    i.HAL_TIMEx_CommutCallback  stm32f4xx_hal_tim_ex.o
    0x080050fc   0x080050fc   0x000000b4   Code   RO         4372    i.HAL_TIMEx_MasterConfigSynchronization  stm32f4xx_hal_tim_ex.o
    0x080051b0   0x080051b0   0x00000066   Code   RO         3638    i.HAL_TIM_Base_Init  stm32f4xx_hal_tim.o
    0x08005216   0x08005216   0x00000002   PAD
    0x08005218   0x08005218   0x00000034   Code   RO          682    i.HAL_TIM_Base_MspInit  tim.o
    0x0800524c   0x0800524c   0x0000009c   Code   RO         3641    i.HAL_TIM_Base_Start  stm32f4xx_hal_tim.o
    0x080052e8   0x080052e8   0x000000a8   Code   RO         3643    i.HAL_TIM_Base_Start_IT  stm32f4xx_hal_tim.o
    0x08005390   0x08005390   0x0000010c   Code   RO         3647    i.HAL_TIM_ConfigClockSource  stm32f4xx_hal_tim.o
    0x0800549c   0x0800549c   0x00000002   Code   RO         3672    i.HAL_TIM_IC_CaptureCallback  stm32f4xx_hal_tim.o
    0x0800549e   0x0800549e   0x0000016c   Code   RO         3686    i.HAL_TIM_IRQHandler  stm32f4xx_hal_tim.o
    0x0800560a   0x0800560a   0x00000002   PAD
    0x0800560c   0x0800560c   0x00000084   Code   RO          683    i.HAL_TIM_MspPostInit  tim.o
    0x08005690   0x08005690   0x00000002   Code   RO         3689    i.HAL_TIM_OC_DelayElapsedCallback  stm32f4xx_hal_tim.o
    0x08005692   0x08005692   0x00000104   Code   RO         3710    i.HAL_TIM_PWM_ConfigChannel  stm32f4xx_hal_tim.o
    0x08005796   0x08005796   0x00000066   Code   RO         3713    i.HAL_TIM_PWM_Init  stm32f4xx_hal_tim.o
    0x080057fc   0x080057fc   0x00000002   Code   RO         3715    i.HAL_TIM_PWM_MspInit  stm32f4xx_hal_tim.o
    0x080057fe   0x080057fe   0x00000002   Code   RO         3716    i.HAL_TIM_PWM_PulseFinishedCallback  stm32f4xx_hal_tim.o
    0x08005800   0x08005800   0x0000010c   Code   RO         3718    i.HAL_TIM_PWM_Start  stm32f4xx_hal_tim.o
    0x0800590c   0x0800590c   0x00000018   Code   RO           14    i.HAL_TIM_PeriodElapsedCallback  main.o
    0x08005924   0x08005924   0x00000002   Code   RO         3729    i.HAL_TIM_TriggerCallback  stm32f4xx_hal_tim.o
    0x08005926   0x08005926   0x00000072   Code   RO         7384    i.HAL_UARTEx_ReceiveToIdle_DMA  stm32f4xx_hal_uart.o
    0x08005998   0x08005998   0x00000070   Code   RO         1691    i.HAL_UARTEx_RxEventCallback  bsp_usart.o
    0x08005a08   0x08005a08   0x00000002   Code   RO         7400    i.HAL_UART_ErrorCallback  stm32f4xx_hal_uart.o
    0x08005a0a   0x08005a0a   0x00000002   PAD
    0x08005a0c   0x08005a0c   0x000002e8   Code   RO         7403    i.HAL_UART_IRQHandler  stm32f4xx_hal_uart.o
    0x08005cf4   0x08005cf4   0x00000076   Code   RO         7404    i.HAL_UART_Init     stm32f4xx_hal_uart.o
    0x08005d6a   0x08005d6a   0x00000002   PAD
    0x08005d6c   0x08005d6c   0x00000328   Code   RO          730    i.HAL_UART_MspInit  usart.o
    0x08006094   0x08006094   0x0000002c   Code   RO         7408    i.HAL_UART_Receive_DMA  stm32f4xx_hal_uart.o
    0x080060c0   0x080060c0   0x00000028   Code   RO         1692    i.HAL_UART_RxCpltCallback  bsp_usart.o
    0x080060e8   0x080060e8   0x00000002   Code   RO         7411    i.HAL_UART_RxHalfCpltCallback  stm32f4xx_hal_uart.o
    0x080060ea   0x080060ea   0x00000002   Code   RO         7415    i.HAL_UART_TxCpltCallback  stm32f4xx_hal_uart.o
    0x080060ec   0x080060ec   0x00000004   Code   RO          795    i.HardFault_Handler  stm32f4xx_it.o
    0x080060f0   0x080060f0   0x0000003e   Code   RO         3255    i.IntToUnicode      usbd_desc.o
    0x0800612e   0x0800612e   0x00000002   PAD
    0x08006130   0x08006130   0x0000001c   Code   RO         1590    i.JudgeSystem_Handler  protocol_judgement.o
    0x0800614c   0x0800614c   0x00000014   Code   RO         1591    i.JudgeSystem_USART_Receive_DMA  protocol_judgement.o
    0x08006160   0x08006160   0x00000264   Code   RO         1592    i.Judge_GetMessage  protocol_judgement.o
    0x080063c4   0x080063c4   0x00000070   Code   RO         9751    i.JustFloat_Send    vofa.o
    0x08006434   0x08006434   0x00000042   Code   RO         1332    i.Linear_Quantization  fuzzypid.o
    0x08006476   0x08006476   0x0000001a   Code   RO         2435    i.M3508_Init        m3508_motor.o
    0x08006490   0x08006490   0x00000198   Code   RO         2436    i.M3508_getInfo     m3508_motor.o
    0x08006628   0x08006628   0x0000001e   Code   RO         2437    i.M3508_setCurrent  m3508_motor.o
    0x08006646   0x08006646   0x00000002   PAD
    0x08006648   0x08006648   0x00000024   Code   RO         2503    i.M6020_Init        m6020_motor.o
    0x0800666c   0x0800666c   0x00000018   Code   RO         2504    i.M6020_Reset       m6020_motor.o
    0x08006684   0x08006684   0x00000110   Code   RO         2505    i.M6020_getInfo     m6020_motor.o
    0x08006794   0x08006794   0x000000a8   Code   RO         2506    i.M6020_location_change  m6020_motor.o
    0x0800683c   0x0800683c   0x00000004   Code   RO         2507    i.M6020_setTargetAngle  m6020_motor.o
    0x08006840   0x08006840   0x0000001e   Code   RO         2508    i.M6020_setVoltage  m6020_motor.o
    0x0800685e   0x0800685e   0x00000002   PAD
    0x08006860   0x08006860   0x0000013c   Code   RO         2509    i.M6020_velocity_change  m6020_motor.o
    0x0800699c   0x0800699c   0x00000044   Code   RO          526    i.MX_CAN1_Init      can.o
    0x080069e0   0x080069e0   0x00000044   Code   RO          527    i.MX_CAN2_Init      can.o
    0x08006a24   0x08006a24   0x00000098   Code   RO          573    i.MX_DMA_Init       dma.o
    0x08006abc   0x08006abc   0x00000188   Code   RO          310    i.MX_FREERTOS_Init  freertos.o
    0x08006c44   0x08006c44   0x0000011c   Code   RO          500    i.MX_GPIO_Init      gpio.o
    0x08006d60   0x08006d60   0x00000088   Code   RO          599    i.MX_RTC_Init       rtc.o
    0x08006de8   0x08006de8   0x0000004c   Code   RO          641    i.MX_SPI2_Init      spi.o
    0x08006e34   0x08006e34   0x000000c4   Code   RO          684    i.MX_TIM5_Init      tim.o
    0x08006ef8   0x08006ef8   0x00000038   Code   RO          731    i.MX_USART1_UART_Init  usart.o
    0x08006f30   0x08006f30   0x00000040   Code   RO          732    i.MX_USART3_UART_Init  usart.o
    0x08006f70   0x08006f70   0x00000038   Code   RO          733    i.MX_USART6_UART_Init  usart.o
    0x08006fa8   0x08006fa8   0x00000054   Code   RO         3223    i.MX_USB_DEVICE_Init  usb_device.o
    0x08006ffc   0x08006ffc   0x00000004   Code   RO          796    i.MemManage_Handler  stm32f4xx_it.o
    0x08007000   0x08007000   0x00000178   Code   RO         1333    i.Membership_Calc   fuzzypid.o
    0x08007178   0x08007178   0x00000004   Code   RO          797    i.NMI_Handler       stm32f4xx_it.o
    0x0800717c   0x0800717c   0x00000010   Code   RO          798    i.OTG_FS_IRQHandler  stm32f4xx_it.o
    0x0800718c   0x0800718c   0x00000044   Code   RO         3126    i.Off_Line_Check    task_offlinecheck.o
    0x080071d0   0x080071d0   0x00000040   Code   RO         1085    i.One_Kalman_Create  kalman_filter.o
    0x08007210   0x08007210   0x00000086   Code   RO         1086    i.One_Kalman_Filter  kalman_filter.o
    0x08007296   0x08007296   0x00000002   PAD
    0x08007298   0x08007298   0x00000064   Code   RO         4655    i.PCD_EP_OutSetupPacket_int  stm32f4xx_hal_pcd.o
    0x080072fc   0x080072fc   0x00000144   Code   RO         4656    i.PCD_EP_OutXfrComplete_int  stm32f4xx_hal_pcd.o
    0x08007440   0x08007440   0x000000b6   Code   RO         4657    i.PCD_WriteEmptyTxFifo  stm32f4xx_hal_pcd.o
    0x080074f6   0x080074f6   0x00000002   PAD
    0x080074f8   0x080074f8   0x00000018   Code   RO         2700    i.PID_Clear_Yaw     cloud_control.o
    0x08007510   0x08007510   0x000000ee   Code   RO         1138    i.Position_PID      pid.o
    0x080075fe   0x080075fe   0x00000002   PAD
    0x08007600   0x08007600   0x00000074   Code   RO         1139    i.Position_PIDInit  pid.o
    0x08007674   0x08007674   0x00000140   Code   RO         1140    i.Position_PID_Yaw  pid.o
    0x080077b4   0x080077b4   0x00000050   Code   RO         2810    i.PowerControl_MsgRec  powercontrol.o
    0x08007804   0x08007804   0x00000058   Code   RO         2811    i.PowerControl_MsgSend  powercontrol.o
    0x0800785c   0x0800785c   0x0000000c   Code   RO         2056    i.R4                saber_c3.o
    0x08007868   0x08007868   0x0000001a   Code   RO         6673    i.RTC_ByteToBcd2    stm32f4xx_hal_rtc.o
    0x08007882   0x08007882   0x0000004a   Code   RO         6674    i.RTC_EnterInitMode  stm32f4xx_hal_rtc.o
    0x080078cc   0x080078cc   0x0000002e   Code   RO         6675    i.RTC_ExitInitMode  stm32f4xx_hal_rtc.o
    0x080078fa   0x080078fa   0x00000002   PAD
    0x080078fc   0x080078fc   0x00000040   Code   RO         3060    i.Robot_Control     task_robotcontrol.o
    0x0800793c   0x0800793c   0x0000009c   Code   RO         2057    i.Saber_Cheak       saber_c3.o
    0x080079d8   0x080079d8   0x00000018   Code   RO         2058    i.Saber_Init        saber_c3.o
    0x080079f0   0x080079f0   0x0000009c   Code   RO         2059    i.Saber_Read        saber_c3.o
    0x08007a8c   0x08007a8c   0x00000124   Code   RO         2853    i.Set_Chassis_Speed_From_UpperCom  steer_omni_chassis.o
    0x08007bb0   0x08007bb0   0x0000000a   Code   RO          311    i.StartDefaultTask  freertos.o
    0x08007bba   0x08007bba   0x00000002   PAD
    0x08007bbc   0x08007bbc   0x00000190   Code   RO         2854    i.Steer_Omni_Chassis_Out  steer_omni_chassis.o
    0x08007d4c   0x08007d4c   0x00000020   Code   RO         2855    i.Steer_Omni_GetAngle  steer_omni_chassis.o
    0x08007d6c   0x08007d6c   0x00000034   Code   RO         9572    i.SysTick_Handler   port.o
    0x08007da0   0x08007da0   0x000000b8   Code   RO           15    i.SystemClock_Config  main.o
    0x08007e58   0x08007e58   0x00000014   Code   RO         3600    i.SystemInit        system_stm32f4xx.o
    0x08007e6c   0x08007e6c   0x00000010   Code   RO          799    i.TIM1_UP_TIM10_IRQHandler  stm32f4xx_it.o
    0x08007e7c   0x08007e7c   0x000000e8   Code   RO         3731    i.TIM_Base_SetConfig  stm32f4xx_hal_tim.o
    0x08007f64   0x08007f64   0x00000022   Code   RO         3732    i.TIM_CCxChannelCmd  stm32f4xx_hal_tim.o
    0x08007f86   0x08007f86   0x00000016   Code   RO         3742    i.TIM_ETR_SetConfig  stm32f4xx_hal_tim.o
    0x08007f9c   0x08007f9c   0x00000012   Code   RO         3743    i.TIM_ITRx_SetConfig  stm32f4xx_hal_tim.o
    0x08007fae   0x08007fae   0x00000002   PAD
    0x08007fb0   0x08007fb0   0x00000070   Code   RO         3744    i.TIM_OC1_SetConfig  stm32f4xx_hal_tim.o
    0x08008020   0x08008020   0x0000007c   Code   RO         3745    i.TIM_OC2_SetConfig  stm32f4xx_hal_tim.o
    0x0800809c   0x0800809c   0x00000078   Code   RO         3746    i.TIM_OC3_SetConfig  stm32f4xx_hal_tim.o
    0x08008114   0x08008114   0x00000054   Code   RO         3747    i.TIM_OC4_SetConfig  stm32f4xx_hal_tim.o
    0x08008168   0x08008168   0x00000026   Code   RO         3749    i.TIM_TI1_ConfigInputStage  stm32f4xx_hal_tim.o
    0x0800818e   0x0800818e   0x00000028   Code   RO         3751    i.TIM_TI2_ConfigInputStage  stm32f4xx_hal_tim.o
    0x080081b6   0x080081b6   0x00000014   Code   RO         7417    i.UART_DMAAbortOnError  stm32f4xx_hal_uart.o
    0x080081ca   0x080081ca   0x00000050   Code   RO         7418    i.UART_DMAError     stm32f4xx_hal_uart.o
    0x0800821a   0x0800821a   0x000000b4   Code   RO         7419    i.UART_DMAReceiveCplt  stm32f4xx_hal_uart.o
    0x080082ce   0x080082ce   0x00000024   Code   RO         7421    i.UART_DMARxHalfCplt  stm32f4xx_hal_uart.o
    0x080082f2   0x080082f2   0x0000006c   Code   RO         7427    i.UART_EndRxTransfer  stm32f4xx_hal_uart.o
    0x0800835e   0x0800835e   0x00000020   Code   RO         7428    i.UART_EndTransmit_IT  stm32f4xx_hal_uart.o
    0x0800837e   0x0800837e   0x00000026   Code   RO         7429    i.UART_EndTxTransfer  stm32f4xx_hal_uart.o
    0x080083a4   0x080083a4   0x000000fc   Code   RO         7430    i.UART_Receive_IT   stm32f4xx_hal_uart.o
    0x080084a0   0x080084a0   0x0000022c   Code   RO         7431    i.UART_SetConfig    stm32f4xx_hal_uart.o
    0x080086cc   0x080086cc   0x000000c8   Code   RO         7432    i.UART_Start_Receive_DMA  stm32f4xx_hal_uart.o
    0x08008794   0x08008794   0x00000060   Code   RO         7434    i.UART_Transmit_IT  stm32f4xx_hal_uart.o
    0x080087f4   0x080087f4   0x00000010   Code   RO          800    i.USART6_IRQHandler  stm32f4xx_it.o
    0x08008804   0x08008804   0x00000020   Code   RO         3186    i.USBCommunicateTask_Receive  task_communicatewithpc.o
    0x08008824   0x08008824   0x00000010   Code   RO         3187    i.USBCommunicateTask_Send  task_communicatewithpc.o
    0x08008834   0x08008834   0x00000078   Code   RO         8067    i.USBD_CDC_DataIn   usbd_cdc.o
    0x080088ac   0x080088ac   0x0000003e   Code   RO         8068    i.USBD_CDC_DataOut  usbd_cdc.o
    0x080088ea   0x080088ea   0x00000002   PAD
    0x080088ec   0x080088ec   0x00000094   Code   RO         8069    i.USBD_CDC_DeInit   usbd_cdc.o
    0x08008980   0x08008980   0x00000038   Code   RO         8070    i.USBD_CDC_EP0_RxReady  usbd_cdc.o
    0x080089b8   0x080089b8   0x0000000c   Code   RO         8071    i.USBD_CDC_GetDeviceQualifierDescriptor  usbd_cdc.o
    0x080089c4   0x080089c4   0x0000003c   Code   RO         8072    i.USBD_CDC_GetFSCfgDesc  usbd_cdc.o
    0x08008a00   0x08008a00   0x00000040   Code   RO         8073    i.USBD_CDC_GetHSCfgDesc  usbd_cdc.o
    0x08008a40   0x08008a40   0x0000003c   Code   RO         8074    i.USBD_CDC_GetOtherSpeedCfgDesc  usbd_cdc.o
    0x08008a7c   0x08008a7c   0x00000160   Code   RO         8075    i.USBD_CDC_Init     usbd_cdc.o
    0x08008bdc   0x08008bdc   0x00000048   Code   RO         8076    i.USBD_CDC_ReceivePacket  usbd_cdc.o
    0x08008c24   0x08008c24   0x00000018   Code   RO         8077    i.USBD_CDC_RegisterInterface  usbd_cdc.o
    0x08008c3c   0x08008c3c   0x0000001c   Code   RO         8078    i.USBD_CDC_SetRxBuffer  usbd_cdc.o
    0x08008c58   0x08008c58   0x00000020   Code   RO         8079    i.USBD_CDC_SetTxBuffer  usbd_cdc.o
    0x08008c78   0x08008c78   0x00000110   Code   RO         8080    i.USBD_CDC_Setup    usbd_cdc.o
    0x08008d88   0x08008d88   0x00000054   Code   RO         8081    i.USBD_CDC_TransmitPacket  usbd_cdc.o
    0x08008ddc   0x08008ddc   0x00000014   Code   RO         7747    i.USBD_ClrClassConfig  usbd_core.o
    0x08008df0   0x08008df0   0x00000026   Code   RO         7909    i.USBD_ClrFeature   usbd_ctlreq.o
    0x08008e16   0x08008e16   0x00000004   Code   RO         7748    i.USBD_CoreFindEP   usbd_core.o
    0x08008e1a   0x08008e1a   0x00000004   Code   RO         7749    i.USBD_CoreFindIF   usbd_core.o
    0x08008e1e   0x08008e1e   0x00000010   Code   RO         8007    i.USBD_CtlContinueRx  usbd_ioreq.o
    0x08008e2e   0x08008e2e   0x00000010   Code   RO         8008    i.USBD_CtlContinueSendData  usbd_ioreq.o
    0x08008e3e   0x08008e3e   0x00000018   Code   RO         7910    i.USBD_CtlError     usbd_ctlreq.o
    0x08008e56   0x08008e56   0x0000001e   Code   RO         8009    i.USBD_CtlPrepareRx  usbd_ioreq.o
    0x08008e74   0x08008e74   0x00000016   Code   RO         8010    i.USBD_CtlReceiveStatus  usbd_ioreq.o
    0x08008e8a   0x08008e8a   0x0000001a   Code   RO         8011    i.USBD_CtlSendData  usbd_ioreq.o
    0x08008ea4   0x08008ea4   0x00000016   Code   RO         8012    i.USBD_CtlSendStatus  usbd_ioreq.o
    0x08008eba   0x08008eba   0x00000002   PAD
    0x08008ebc   0x08008ebc   0x00000030   Code   RO         3256    i.USBD_FS_ConfigStrDescriptor  usbd_desc.o
    0x08008eec   0x08008eec   0x0000000c   Code   RO         3257    i.USBD_FS_DeviceDescriptor  usbd_desc.o
    0x08008ef8   0x08008ef8   0x00000034   Code   RO         3258    i.USBD_FS_InterfaceStrDescriptor  usbd_desc.o
    0x08008f2c   0x08008f2c   0x0000000c   Code   RO         3259    i.USBD_FS_LangIDStrDescriptor  usbd_desc.o
    0x08008f38   0x08008f38   0x00000028   Code   RO         3260    i.USBD_FS_ManufacturerStrDescriptor  usbd_desc.o
    0x08008f60   0x08008f60   0x0000003c   Code   RO         3261    i.USBD_FS_ProductStrDescriptor  usbd_desc.o
    0x08008f9c   0x08008f9c   0x00000014   Code   RO         3262    i.USBD_FS_SerialStrDescriptor  usbd_desc.o
    0x08008fb0   0x08008fb0   0x00000034   Code   RO         7911    i.USBD_GetConfig    usbd_ctlreq.o
    0x08008fe4   0x08008fe4   0x000001b4   Code   RO         7912    i.USBD_GetDescriptor  usbd_ctlreq.o
    0x08009198   0x08009198   0x0000003c   Code   RO         7751    i.USBD_GetEpDesc    usbd_core.o
    0x080091d4   0x080091d4   0x00000018   Code   RO         7913    i.USBD_GetLen       usbd_ctlreq.o
    0x080091ec   0x080091ec   0x0000000e   Code   RO         7752    i.USBD_GetNextDesc  usbd_core.o
    0x080091fa   0x080091fa   0x00000036   Code   RO         7914    i.USBD_GetStatus    usbd_ctlreq.o
    0x08009230   0x08009230   0x00000058   Code   RO         7915    i.USBD_GetString    usbd_ctlreq.o
    0x08009288   0x08009288   0x00000024   Code   RO         3405    i.USBD_Get_USB_Status  usbd_conf.o
    0x080092ac   0x080092ac   0x00000028   Code   RO         7753    i.USBD_Init         usbd_core.o
    0x080092d4   0x080092d4   0x00000012   Code   RO         3406    i.USBD_LL_ClearStallEP  usbd_conf.o
    0x080092e6   0x080092e6   0x00000012   Code   RO         3407    i.USBD_LL_CloseEP   usbd_conf.o
    0x080092f8   0x080092f8   0x000000dc   Code   RO         7754    i.USBD_LL_DataInStage  usbd_core.o
    0x080093d4   0x080093d4   0x000000d0   Code   RO         7755    i.USBD_LL_DataOutStage  usbd_core.o
    0x080094a4   0x080094a4   0x00000004   Code   RO         7756    i.USBD_LL_DevConnected  usbd_core.o
    0x080094a8   0x080094a8   0x00000020   Code   RO         7757    i.USBD_LL_DevDisconnected  usbd_core.o
    0x080094c8   0x080094c8   0x00000008   Code   RO         3411    i.USBD_LL_GetRxDataSize  usbd_conf.o
    0x080094d0   0x080094d0   0x00000060   Code   RO         3412    i.USBD_LL_Init      usbd_conf.o
    0x08009530   0x08009530   0x00000020   Code   RO         3413    i.USBD_LL_IsStallEP  usbd_conf.o
    0x08009550   0x08009550   0x0000002a   Code   RO         7758    i.USBD_LL_IsoINIncomplete  usbd_core.o
    0x0800957a   0x0800957a   0x0000002a   Code   RO         7759    i.USBD_LL_IsoOUTIncomplete  usbd_core.o
    0x080095a4   0x080095a4   0x00000018   Code   RO         3414    i.USBD_LL_OpenEP    usbd_conf.o
    0x080095bc   0x080095bc   0x00000012   Code   RO         3415    i.USBD_LL_PrepareReceive  usbd_conf.o
    0x080095ce   0x080095ce   0x00000060   Code   RO         7760    i.USBD_LL_Reset     usbd_core.o
    0x0800962e   0x0800962e   0x00000014   Code   RO         7761    i.USBD_LL_Resume    usbd_core.o
    0x08009642   0x08009642   0x0000001a   Code   RO         7762    i.USBD_LL_SOF       usbd_core.o
    0x0800965c   0x0800965c   0x00000006   Code   RO         7763    i.USBD_LL_SetSpeed  usbd_core.o
    0x08009662   0x08009662   0x00000012   Code   RO         3416    i.USBD_LL_SetUSBAddress  usbd_conf.o
    0x08009674   0x08009674   0x00000064   Code   RO         7764    i.USBD_LL_SetupStage  usbd_core.o
    0x080096d8   0x080096d8   0x00000012   Code   RO         3417    i.USBD_LL_StallEP   usbd_conf.o
    0x080096ea   0x080096ea   0x00000012   Code   RO         3418    i.USBD_LL_Start     usbd_conf.o
    0x080096fc   0x080096fc   0x0000001a   Code   RO         7765    i.USBD_LL_Suspend   usbd_core.o
    0x08009716   0x08009716   0x00000012   Code   RO         3420    i.USBD_LL_Transmit  usbd_conf.o
    0x08009728   0x08009728   0x00000032   Code   RO         7916    i.USBD_ParseSetupRequest  usbd_ctlreq.o
    0x0800975a   0x0800975a   0x0000003a   Code   RO         7766    i.USBD_RegisterClass  usbd_core.o
    0x08009794   0x08009794   0x00000004   Code   RO         7767    i.USBD_RunTestMode  usbd_core.o
    0x08009798   0x08009798   0x00000058   Code   RO         7917    i.USBD_SetAddress   usbd_ctlreq.o
    0x080097f0   0x080097f0   0x00000014   Code   RO         7768    i.USBD_SetClassConfig  usbd_core.o
    0x08009804   0x08009804   0x000000dc   Code   RO         7918    i.USBD_SetConfig    usbd_ctlreq.o
    0x080098e0   0x080098e0   0x00000024   Code   RO         7919    i.USBD_SetFeature   usbd_ctlreq.o
    0x08009904   0x08009904   0x00000004   Code   RO         7769    i.USBD_Start        usbd_core.o
    0x08009908   0x08009908   0x00000076   Code   RO         7920    i.USBD_StdDevReq    usbd_ctlreq.o
    0x0800997e   0x0800997e   0x0000022e   Code   RO         7921    i.USBD_StdEPReq     usbd_ctlreq.o
    0x08009bac   0x08009bac   0x0000008e   Code   RO         7922    i.USBD_StdItfReq    usbd_ctlreq.o
    0x08009c3a   0x08009c3a   0x00000002   Code   RO         3421    i.USBD_static_free  usbd_conf.o
    0x08009c3c   0x08009c3c   0x00000008   Code   RO         3422    i.USBD_static_malloc  usbd_conf.o
    0x08009c44   0x08009c44   0x000000d0   Code   RO         4906    i.USB_ActivateEndpoint  stm32f4xx_ll_usb.o
    0x08009d14   0x08009d14   0x00000028   Code   RO         4908    i.USB_ActivateSetup  stm32f4xx_ll_usb.o
    0x08009d3c   0x08009d3c   0x0000008c   Code   RO         4910    i.USB_CoreInit      stm32f4xx_ll_usb.o
    0x08009dc8   0x08009dc8   0x00000054   Code   RO         4911    i.USB_CoreReset     stm32f4xx_ll_usb.o
    0x08009e1c   0x08009e1c   0x0000014c   Code   RO         4914    i.USB_DeactivateEndpoint  stm32f4xx_ll_usb.o
    0x08009f68   0x08009f68   0x00000024   Code   RO         4915    i.USB_DevConnect    stm32f4xx_ll_usb.o
    0x08009f8c   0x08009f8c   0x00000024   Code   RO         4916    i.USB_DevDisconnect  stm32f4xx_ll_usb.o
    0x08009fb0   0x08009fb0   0x000001e8   Code   RO         4917    i.USB_DevInit       stm32f4xx_ll_usb.o
    0x0800a198   0x0800a198   0x0000000e   Code   RO         4918    i.USB_DisableGlobalInt  stm32f4xx_ll_usb.o
    0x0800a1a6   0x0800a1a6   0x00000002   PAD
    0x0800a1a8   0x0800a1a8   0x00000070   Code   RO         4921    i.USB_EP0_OutStart  stm32f4xx_ll_usb.o
    0x0800a218   0x0800a218   0x0000008e   Code   RO         4922    i.USB_EPClearStall  stm32f4xx_ll_usb.o
    0x0800a2a6   0x0800a2a6   0x0000009a   Code   RO         4923    i.USB_EPSetStall    stm32f4xx_ll_usb.o
    0x0800a340   0x0800a340   0x000003c0   Code   RO         4924    i.USB_EPStartXfer   stm32f4xx_ll_usb.o
    0x0800a700   0x0800a700   0x000000ec   Code   RO         4925    i.USB_EPStopXfer    stm32f4xx_ll_usb.o
    0x0800a7ec   0x0800a7ec   0x0000000e   Code   RO         4926    i.USB_EnableGlobalInt  stm32f4xx_ll_usb.o
    0x0800a7fa   0x0800a7fa   0x00000050   Code   RO         4927    i.USB_FlushRxFifo   stm32f4xx_ll_usb.o
    0x0800a84a   0x0800a84a   0x00000054   Code   RO         4928    i.USB_FlushTxFifo   stm32f4xx_ll_usb.o
    0x0800a89e   0x0800a89e   0x00000026   Code   RO         4930    i.USB_GetDevSpeed   stm32f4xx_ll_usb.o
    0x0800a8c4   0x0800a8c4   0x0000000a   Code   RO         4932    i.USB_GetMode       stm32f4xx_ll_usb.o
    0x0800a8ce   0x0800a8ce   0x00000014   Code   RO         4940    i.USB_ReadDevAllInEpInterrupt  stm32f4xx_ll_usb.o
    0x0800a8e2   0x0800a8e2   0x00000014   Code   RO         4941    i.USB_ReadDevAllOutEpInterrupt  stm32f4xx_ll_usb.o
    0x0800a8f6   0x0800a8f6   0x00000032   Code   RO         4942    i.USB_ReadDevInEPInterrupt  stm32f4xx_ll_usb.o
    0x0800a928   0x0800a928   0x0000001a   Code   RO         4943    i.USB_ReadDevOutEPInterrupt  stm32f4xx_ll_usb.o
    0x0800a942   0x0800a942   0x0000000a   Code   RO         4944    i.USB_ReadInterrupts  stm32f4xx_ll_usb.o
    0x0800a94c   0x0800a94c   0x00000060   Code   RO         4945    i.USB_ReadPacket    stm32f4xx_ll_usb.o
    0x0800a9ac   0x0800a9ac   0x00000068   Code   RO         4947    i.USB_SetCurrentMode  stm32f4xx_ll_usb.o
    0x0800aa14   0x0800aa14   0x0000002a   Code   RO         4948    i.USB_SetDevAddress  stm32f4xx_ll_usb.o
    0x0800aa3e   0x0800aa3e   0x00000012   Code   RO         4949    i.USB_SetDevSpeed   stm32f4xx_ll_usb.o
    0x0800aa50   0x0800aa50   0x000000e8   Code   RO         4950    i.USB_SetTurnaroundTime  stm32f4xx_ll_usb.o
    0x0800ab38   0x0800ab38   0x00000044   Code   RO         4953    i.USB_WritePacket   stm32f4xx_ll_usb.o
    0x0800ab7c   0x0800ab7c   0x000000a4   Code   RO         1469    i.UpperCom_Receive_From_Up  protocol_uppercomputer.o
    0x0800ac20   0x0800ac20   0x00000088   Code   RO         1470    i.UpperCom_Send_To_Up  protocol_uppercomputer.o
    0x0800aca8   0x0800aca8   0x00000004   Code   RO          801    i.UsageFault_Handler  stm32f4xx_it.o
    0x0800acac   0x0800acac   0x00000018   Code   RO         1693    i.Usart_DMA_Receive_Init  bsp_usart.o
    0x0800acc4   0x0800acc4   0x00000040   Code   RO         1527    i.Verify_CRC16_Check_Sum  crc.o
    0x0800ad04   0x0800ad04   0x0000002e   Code   RO         1528    i.Verify_CRC8_Check_Sum  crc.o
    0x0800ad32   0x0800ad32   0x00000002   PAD
    0x0800ad34   0x0800ad34   0x00000034   Code   RO         3153    i.Vofa_Assist       task_vofa.o
    0x0800ad68   0x0800ad68   0x00000030   Code   RO        10084    i.__ARM_fpclassify  m_wm.l(fpclassify.o)
    0x0800ad98   0x0800ad98   0x00000010   Code   RO         6021    i.__NVIC_GetPriorityGrouping  stm32f4xx_hal_cortex.o
    0x0800ada8   0x0800ada8   0x00000028   Code   RO         6022    i.__NVIC_SetPriority  stm32f4xx_hal_cortex.o
    0x0800add0   0x0800add0   0x000002d8   Code   RO        10053    i.__hardfp_atan     m_wm.l(atan.o)
    0x0800b0a8   0x0800b0a8   0x00000200   Code   RO         9944    i.__hardfp_atan2    m_wm.l(atan2.o)
    0x0800b2a8   0x0800b2a8   0x000000c8   Code   RO         9956    i.__hardfp_cos      m_wm.l(cos.o)
    0x0800b370   0x0800b370   0x00000014   Code   RO         9968    i.__hardfp_fabs     m_wm.l(fabs.o)
    0x0800b384   0x0800b384   0x00000004   PAD
    0x0800b388   0x0800b388   0x00000c50   Code   RO         9974    i.__hardfp_pow      m_wm.l(pow.o)
    0x0800bfd8   0x0800bfd8   0x000000c8   Code   RO         9988    i.__hardfp_sin      m_wm.l(sin.o)
    0x0800c0a0   0x0800c0a0   0x0000007a   Code   RO        10000    i.__hardfp_sqrt     m_wm.l(sqrt.o)
    0x0800c11a   0x0800c11a   0x00000006   PAD
    0x0800c120   0x0800c120   0x00000438   Code   RO        10089    i.__ieee754_rem_pio2  m_wm.l(rred.o)
    0x0800c558   0x0800c558   0x00000170   Code   RO        10067    i.__kernel_cos      m_wm.l(cos_i.o)
    0x0800c6c8   0x0800c6c8   0x000000f8   Code   RO        10086    i.__kernel_poly     m_wm.l(poly.o)
    0x0800c7c0   0x0800c7c0   0x00000130   Code   RO        10094    i.__kernel_sin      m_wm.l(sin_i.o)
    0x0800c8f0   0x0800c8f0   0x00000030   Code   RO        10070    i.__mathlib_dbl_divzero  m_wm.l(dunder.o)
    0x0800c920   0x0800c920   0x00000014   Code   RO        10071    i.__mathlib_dbl_infnan  m_wm.l(dunder.o)
    0x0800c934   0x0800c934   0x00000014   Code   RO        10072    i.__mathlib_dbl_infnan2  m_wm.l(dunder.o)
    0x0800c948   0x0800c948   0x00000020   Code   RO        10073    i.__mathlib_dbl_invalid  m_wm.l(dunder.o)
    0x0800c968   0x0800c968   0x00000020   Code   RO        10074    i.__mathlib_dbl_overflow  m_wm.l(dunder.o)
    0x0800c988   0x0800c988   0x00000020   Code   RO        10076    i.__mathlib_dbl_underflow  m_wm.l(dunder.o)
    0x0800c9a8   0x0800c9a8   0x00000068   Code   RO         1845    i.aRGB_led_show     bsp_led.o
    0x0800ca10   0x0800ca10   0x0000002e   Code   RO         1141    i.abs_limit         pid.o
    0x0800ca3e   0x0800ca3e   0x00000010   Code   RO        10055    i.atan              m_wm.l(atan.o)
    0x0800ca4e   0x0800ca4e   0x00000002   PAD
    0x0800ca50   0x0800ca50   0x00000098   Code   RO         2701    i.chassis_follow_mode_cloud  cloud_control.o
    0x0800cae8   0x0800cae8   0x000000b0   Code   RO         2857    i.chassis_target_calc  steer_omni_chassis.o
    0x0800cb98   0x0800cb98   0x00000028   Code   RO         2858    i.choose_UpperComorDT7  steer_omni_chassis.o
    0x0800cbc0   0x0800cbc0   0x00000084   Code   RO         2859    i.cloud_follow_mode_chassis  steer_omni_chassis.o
    0x0800cc44   0x0800cc44   0x00000030   Code   RO         1735    i.delay_init        bsp_delay.o
    0x0800cc74   0x0800cc74   0x00000510   Code   RO         2860    i.direction_motor_angle_set  steer_omni_chassis.o
    0x0800d184   0x0800d184   0x00000018   Code   RO         9970    i.fabs              m_wm.l(fabs.o)
    0x0800d19c   0x0800d19c   0x00000032   Code   RO         2622    i.float_to_uint     dm_motor.o
    0x0800d1ce   0x0800d1ce   0x0000001e   Code   RO         9752    i.float_turn_u8     vofa.o
    0x0800d1ec   0x0800d1ec   0x000001a8   Code   RO         3018    i.led_RGB_flow_task  task_led.o
    0x0800d394   0x0800d394   0x00000048   Code   RO           16    i.main              main.o
    0x0800d3dc   0x0800d3dc   0x0000000e   Code   RO         9149    i.makeFreeRtosPriority  cmsis_os.o
    0x0800d3ea   0x0800d3ea   0x00000002   PAD
    0x0800d3ec   0x0800d3ec   0x00000590   Code   RO         2441    i.motor_velocity_change  m3508_motor.o
    0x0800d97c   0x0800d97c   0x000003ec   Code   RO         2861    i.move_motor_speed_set  steer_omni_chassis.o
    0x0800dd68   0x0800dd68   0x00000018   Code   RO         9151    i.osDelay           cmsis_os.o
    0x0800dd80   0x0800dd80   0x0000000a   Code   RO         9154    i.osKernelStart     cmsis_os.o
    0x0800dd8a   0x0800dd8a   0x0000005e   Code   RO         9188    i.osThreadCreate    cmsis_os.o
    0x0800dde8   0x0800dde8   0x00000098   Code   RO         8651    i.prvAddCurrentTaskToDelayedList  tasks.o
    0x0800de80   0x0800de80   0x000000b4   Code   RO         8652    i.prvAddNewTaskToReadyList  tasks.o
    0x0800df34   0x0800df34   0x00000074   Code   RO         8993    i.prvCheckForValidListAndQueue  timers.o
    0x0800dfa8   0x0800dfa8   0x00000048   Code   RO         8653    i.prvCheckTasksWaitingTermination  tasks.o
    0x0800dff0   0x0800dff0   0x0000002a   Code   RO         8314    i.prvCopyDataFromQueue  queue.o
    0x0800e01a   0x0800e01a   0x0000007e   Code   RO         8315    i.prvCopyDataToQueue  queue.o
    0x0800e098   0x0800e098   0x00000050   Code   RO         8654    i.prvDeleteTCB      tasks.o
    0x0800e0e8   0x0800e0e8   0x00000028   Code   RO         8994    i.prvGetNextExpireTime  timers.o
    0x0800e110   0x0800e110   0x0000007c   Code   RO         9516    i.prvHeapInit       heap_4.o
    0x0800e18c   0x0800e18c   0x00000028   Code   RO         8655    i.prvIdleTask       tasks.o
    0x0800e1b4   0x0800e1b4   0x00000026   Code   RO         8318    i.prvInitialiseNewQueue  queue.o
    0x0800e1da   0x0800e1da   0x000000b4   Code   RO         8656    i.prvInitialiseNewTask  tasks.o
    0x0800e28e   0x0800e28e   0x00000002   PAD
    0x0800e290   0x0800e290   0x00000068   Code   RO         8657    i.prvInitialiseTaskLists  tasks.o
    0x0800e2f8   0x0800e2f8   0x00000068   Code   RO         9517    i.prvInsertBlockIntoFreeList  heap_4.o
    0x0800e360   0x0800e360   0x00000058   Code   RO         8996    i.prvInsertTimerInActiveList  timers.o
    0x0800e3b8   0x0800e3b8   0x0000001a   Code   RO         8319    i.prvIsQueueEmpty   queue.o
    0x0800e3d2   0x0800e3d2   0x0000001e   Code   RO         8320    i.prvIsQueueFull    queue.o
    0x0800e3f0   0x0800e3f0   0x00000074   Code   RO         8997    i.prvProcessExpiredTimer  timers.o
    0x0800e464   0x0800e464   0x00000138   Code   RO         8998    i.prvProcessReceivedCommands  timers.o
    0x0800e59c   0x0800e59c   0x00000074   Code   RO         8999    i.prvProcessTimerOrBlockTask  timers.o
    0x0800e610   0x0800e610   0x00000034   Code   RO         8658    i.prvResetNextTaskUnblockTime  tasks.o
    0x0800e644   0x0800e644   0x0000002c   Code   RO         9000    i.prvSampleTimeNow  timers.o
    0x0800e670   0x0800e670   0x000000a4   Code   RO         9001    i.prvSwitchTimerLists  timers.o
    0x0800e714   0x0800e714   0x00000040   Code   RO         9573    i.prvTaskExitError  port.o
    0x0800e754   0x0800e754   0x0000001a   Code   RO         9002    i.prvTimerTask      timers.o
    0x0800e76e   0x0800e76e   0x0000007e   Code   RO         8321    i.prvUnlockQueue    queue.o
    0x0800e7ec   0x0800e7ec   0x0000014c   Code   RO         9518    i.pvPortMalloc      heap_4.o
    0x0800e938   0x0800e938   0x0000002c   Code   RO         9574    i.pxPortInitialiseStack  port.o
    0x0800e964   0x0800e964   0x000000f2   Code   RO         1142    i.speed_angle_limit_pid  pid.o
    0x0800ea56   0x0800ea56   0x00000002   PAD
    0x0800ea58   0x0800ea58   0x00000130   Code   RO         1416    i.speed_nonlinear_function  bsp_boardcommunication.o
    0x0800eb88   0x0800eb88   0x0000006e   Code   RO        10002    i.sqrt              m_wm.l(sqrt.o)
    0x0800ebf6   0x0800ebf6   0x00000034   Code   RO         2623    i.uint_to_float     dm_motor.o
    0x0800ec2a   0x0800ec2a   0x00000028   Code   RO         8274    i.uxListRemove      list.o
    0x0800ec52   0x0800ec52   0x00000002   PAD
    0x0800ec54   0x0800ec54   0x00000018   Code   RO          312    i.vApplicationGetIdleTaskMemory  freertos.o
    0x0800ec6c   0x0800ec6c   0x00000018   Code   RO          313    i.vApplicationGetTimerTaskMemory  freertos.o
    0x0800ec84   0x0800ec84   0x0000001a   Code   RO         8275    i.vListInitialise   list.o
    0x0800ec9e   0x0800ec9e   0x00000006   Code   RO         8276    i.vListInitialiseItem  list.o
    0x0800eca4   0x0800eca4   0x00000034   Code   RO         8277    i.vListInsert       list.o
    0x0800ecd8   0x0800ecd8   0x00000018   Code   RO         8278    i.vListInsertEnd    list.o
    0x0800ecf0   0x0800ecf0   0x00000054   Code   RO         9576    i.vPortEnterCritical  port.o
    0x0800ed44   0x0800ed44   0x0000003c   Code   RO         9577    i.vPortExitCritical  port.o
    0x0800ed80   0x0800ed80   0x000000a4   Code   RO         9519    i.vPortFree         heap_4.o
    0x0800ee24   0x0800ee24   0x00000028   Code   RO         9578    i.vPortSetupTimerInterrupt  port.o
    0x0800ee4c   0x0800ee4c   0x00000078   Code   RO         9579    i.vPortValidateInterruptPriority  port.o
    0x0800eec4   0x0800eec4   0x0000002c   Code   RO         8325    i.vQueueAddToRegistry  queue.o
    0x0800eef0   0x0800eef0   0x0000004a   Code   RO         8328    i.vQueueWaitForMessageRestricted  queue.o
    0x0800ef3a   0x0800ef3a   0x00000002   PAD
    0x0800ef3c   0x0800ef3c   0x0000005c   Code   RO         8668    i.vTaskDelay        tasks.o
    0x0800ef98   0x0800ef98   0x000000d4   Code   RO         8669    i.vTaskDelayUntil   tasks.o
    0x0800f06c   0x0800f06c   0x000000f4   Code   RO         8670    i.vTaskDelete       tasks.o
    0x0800f160   0x0800f160   0x00000018   Code   RO         8672    i.vTaskInternalSetTimeOutState  tasks.o
    0x0800f178   0x0800f178   0x0000000c   Code   RO         8673    i.vTaskMissedYield  tasks.o
    0x0800f184   0x0800f184   0x00000038   Code   RO         8675    i.vTaskPlaceOnEventList  tasks.o
    0x0800f1bc   0x0800f1bc   0x00000040   Code   RO         8676    i.vTaskPlaceOnEventListRestricted  tasks.o
    0x0800f1fc   0x0800f1fc   0x000000b8   Code   RO         8683    i.vTaskStartScheduler  tasks.o
    0x0800f2b4   0x0800f2b4   0x00000010   Code   RO         8685    i.vTaskSuspendAll   tasks.o
    0x0800f2c4   0x0800f2c4   0x0000008c   Code   RO         8686    i.vTaskSwitchContext  tasks.o
    0x0800f350   0x0800f350   0x000001a4   Code   RO         2862    i.v_cloud_convertto_chassis  steer_omni_chassis.o
    0x0800f4f4   0x0800f4f4   0x0000003c   Code   RO         2702    i.wrap8192          cloud_control.o
    0x0800f530   0x0800f530   0x00000168   Code   RO         9580    i.xPortStartScheduler  port.o
    0x0800f698   0x0800f698   0x0000005a   Code   RO         8331    i.xQueueGenericCreate  queue.o
    0x0800f6f2   0x0800f6f2   0x000000e0   Code   RO         8332    i.xQueueGenericCreateStatic  queue.o
    0x0800f7d2   0x0800f7d2   0x00000002   PAD
    0x0800f7d4   0x0800f7d4   0x00000098   Code   RO         8333    i.xQueueGenericReset  queue.o
    0x0800f86c   0x0800f86c   0x000001a8   Code   RO         8334    i.xQueueGenericSend  queue.o
    0x0800fa14   0x0800fa14   0x000000fc   Code   RO         8335    i.xQueueGenericSendFromISR  queue.o
    0x0800fb10   0x0800fb10   0x00000168   Code   RO         8341    i.xQueueReceive     queue.o
    0x0800fc78   0x0800fc78   0x0000008c   Code   RO         8688    i.xTaskCheckForTimeOut  tasks.o
    0x0800fd04   0x0800fd04   0x00000064   Code   RO         8689    i.xTaskCreate       tasks.o
    0x0800fd68   0x0800fd68   0x000000ba   Code   RO         8690    i.xTaskCreateStatic  tasks.o
    0x0800fe22   0x0800fe22   0x00000002   PAD
    0x0800fe24   0x0800fe24   0x00000020   Code   RO         8695    i.xTaskGetSchedulerState  tasks.o
    0x0800fe44   0x0800fe44   0x0000000c   Code   RO         8696    i.xTaskGetTickCount  tasks.o
    0x0800fe50   0x0800fe50   0x00000148   Code   RO         8698    i.xTaskIncrementTick  tasks.o
    0x0800ff98   0x0800ff98   0x000000c8   Code   RO         8701    i.xTaskPriorityDisinherit  tasks.o
    0x08010060   0x08010060   0x00000098   Code   RO         8703    i.xTaskRemoveFromEventList  tasks.o
    0x080100f8   0x080100f8   0x00000104   Code   RO         8704    i.xTaskResumeAll    tasks.o
    0x080101fc   0x080101fc   0x00000078   Code   RO         9009    i.xTimerCreateTimerTask  timers.o
    0x08010274   0x08010274   0x00000084   Code   RO         9010    i.xTimerGenericCommand  timers.o
    0x080102f8   0x080102f8   0x00000018   Code   RO         9892    x$fpl$basic         fz_wm.l(basic.o)
    0x08010310   0x08010310   0x00000062   Code   RO         9894    x$fpl$d2f           fz_wm.l(d2f.o)
    0x08010372   0x08010372   0x00000002   PAD
    0x08010374   0x08010374   0x00000150   Code   RO         9896    x$fpl$dadd          fz_wm.l(daddsub_clz.o)
    0x080104c4   0x080104c4   0x00000010   Code   RO        10161    x$fpl$dcheck1       fz_wm.l(dcheck1.o)
    0x080104d4   0x080104d4   0x00000018   Code   RO        10030    x$fpl$dcmpinf       fz_wm.l(dcmpi.o)
    0x080104ec   0x080104ec   0x000002b0   Code   RO         9903    x$fpl$ddiv          fz_wm.l(ddiv.o)
    0x0801079c   0x0801079c   0x00000078   Code   RO        10032    x$fpl$deqf          fz_wm.l(deqf.o)
    0x08010814   0x08010814   0x0000005e   Code   RO         9906    x$fpl$dfix          fz_wm.l(dfix.o)
    0x08010872   0x08010872   0x0000002e   Code   RO         9911    x$fpl$dflt          fz_wm.l(dflt_clz.o)
    0x080108a0   0x080108a0   0x00000026   Code   RO         9910    x$fpl$dfltu         fz_wm.l(dflt_clz.o)
    0x080108c6   0x080108c6   0x00000002   PAD
    0x080108c8   0x080108c8   0x00000078   Code   RO         9916    x$fpl$dleqf         fz_wm.l(dleqf.o)
    0x08010940   0x08010940   0x00000154   Code   RO         9918    x$fpl$dmul          fz_wm.l(dmul.o)
    0x08010a94   0x08010a94   0x0000009c   Code   RO        10034    x$fpl$dnaninf       fz_wm.l(dnaninf.o)
    0x08010b30   0x08010b30   0x0000000c   Code   RO        10036    x$fpl$dretinf       fz_wm.l(dretinf.o)
    0x08010b3c   0x08010b3c   0x0000006c   Code   RO         9920    x$fpl$drleqf        fz_wm.l(drleqf.o)
    0x08010ba8   0x08010ba8   0x00000016   Code   RO         9897    x$fpl$drsb          fz_wm.l(daddsub_clz.o)
    0x08010bbe   0x08010bbe   0x00000002   PAD
    0x08010bc0   0x08010bc0   0x00000198   Code   RO        10038    x$fpl$dsqrt         fz_wm.l(dsqrt_umaal.o)
    0x08010d58   0x08010d58   0x000001d4   Code   RO         9898    x$fpl$dsub          fz_wm.l(daddsub_clz.o)
    0x08010f2c   0x08010f2c   0x00000056   Code   RO         9922    x$fpl$f2d           fz_wm.l(f2d.o)
    0x08010f82   0x08010f82   0x0000008c   Code   RO        10046    x$fpl$fnaninf       fz_wm.l(fnaninf.o)
    0x0801100e   0x0801100e   0x0000000a   Code   RO        10243    x$fpl$fpinit        fz_wm.l(fpinit.o)
    0x08011018   0x08011018   0x0000000a   Code   RO        10048    x$fpl$fretinf       fz_wm.l(fretinf.o)
    0x08011022   0x08011022   0x00000002   PAD
    0x08011024   0x08011024   0x00000086   Code   RO         9936    x$fpl$llsfromf      fz_wm.l(ffixll.o)
    0x080110aa   0x080110aa   0x00000064   Code   RO        10231    x$fpl$retnan        fz_wm.l(retnan.o)
    0x0801110e   0x0801110e   0x0000005c   Code   RO        10050    x$fpl$scalbn        fz_wm.l(scalbn.o)
    0x0801116a   0x0801116a   0x00000030   Code   RO        10245    x$fpl$trapveneer    fz_wm.l(trapv.o)
    0x0801119a   0x0801119a   0x00000000   Code   RO        10052    x$fpl$usenofp       fz_wm.l(usenofp.o)
    0x0801119a   0x0801119a   0x00000002   PAD
    0x0801119c   0x0801119c   0x00000434   Data   RO          315    .constdata          freertos.o
    0x080115d0   0x080115d0   0x0000024c   Data   RO         1334    .constdata          fuzzypid.o
    0x0801181c   0x0801181c   0x00000301   Data   RO         1530    .constdata          crc.o
    0x08011b1d   0x08011b1d   0x00000018   Data   RO         3601    .constdata          system_stm32f4xx.o
    0x08011b35   0x08011b35   0x00000008   Data   RO         5735    .constdata          stm32f4xx_hal_dma.o
    0x08011b3d   0x08011b3d   0x00000004   Data   RO         9753    .constdata          vofa.o
    0x08011b41   0x08011b41   0x00000007   PAD
    0x08011b48   0x08011b48   0x00000088   Data   RO         9977    .constdata          m_wm.l(pow.o)
    0x08011bd0   0x08011bd0   0x00000098   Data   RO        10056    .constdata          m_wm.l(atan.o)
    0x08011c68   0x08011c68   0x00000030   Data   RO        10068    .constdata          m_wm.l(cos_i.o)
    0x08011c98   0x08011c98   0x00000008   Data   RO        10088    .constdata          m_wm.l(qnan.o)
    0x08011ca0   0x08011ca0   0x000000c8   Data   RO        10091    .constdata          m_wm.l(rred.o)
    0x08011d68   0x08011d68   0x00000028   Data   RO        10095    .constdata          m_wm.l(sin_i.o)
    0x08011d90   0x08011d90   0x000000cf   Data   RO          316    .conststring        freertos.o
    0x08011e5f   0x08011e5f   0x00000001   PAD
    0x08011e60   0x08011e60   0x00000020   Data   RO        10316    Region$$Table       anon$$obj.o


    Execution Region RW_IRAM1 (Exec base: 0x20000000, Load base: 0x08011e80, Size: 0x0000bb80, Max: 0x0001c000, ABSOLUTE, COMPRESSED[0x00000170])

    Exec Addr    Load Addr    Size         Type   Attr      Idx    E Section Name        Object

    0x20000000   COMPRESSED   0x00000040   Data   RW          317    .data               freertos.o
    0x20000040   COMPRESSED   0x00000004   Data   RW          529    .data               can.o
    0x20000044   COMPRESSED   0x00000040   Data   RW         1335    .data               fuzzypid.o
    0x20000084   COMPRESSED   0x00000028   Data   RW         1419    .data               bsp_boardcommunication.o
    0x200000ac   COMPRESSED   0x00000036   Data   RW         1472    .data               protocol_uppercomputer.o
    0x200000e2   COMPRESSED   0x00000004   Data   RW         1531    .data               crc.o
    0x200000e6   COMPRESSED   0x00000002   PAD
    0x200000e8   COMPRESSED   0x00000039   Data   RW         1645    .data               bsp_can.o
    0x20000121   COMPRESSED   0x00000003   PAD
    0x20000124   COMPRESSED   0x00000005   Data   RW         1696    .data               bsp_usart.o
    0x20000129   COMPRESSED   0x00000003   PAD
    0x2000012c   COMPRESSED   0x00000008   Data   RW         1738    .data               bsp_delay.o
    0x20000134   COMPRESSED   0x00000008   Data   RW         1846    .data               bsp_led.o
    0x2000013c   COMPRESSED   0x00000003   Data   RW         2061    .data               saber_c3.o
    0x2000013f   COMPRESSED   0x00000001   PAD
    0x20000140   COMPRESSED   0x0000000c   Data   RW         2160    .data               dt7.o
    0x2000014c   COMPRESSED   0x00000008   Data   RW         2444    .data               m3508_motor.o
    0x20000154   COMPRESSED   0x00000018   Data   RW         2511    .data               m6020_motor.o
    0x2000016c   COMPRESSED   0x00000004   PAD
    0x20000170   COMPRESSED   0x00000064   Data   RW         2625    .data               dm_motor.o
    0x200001d4   COMPRESSED   0x00000061   Data   RW         2705    .data               cloud_control.o
    0x20000235   COMPRESSED   0x00000003   PAD
    0x20000238   COMPRESSED   0x00000010   Data   RW         2813    .data               powercontrol.o
    0x20000248   COMPRESSED   0x00000010   Data   RW         2865    .data               steer_omni_chassis.o
    0x20000258   COMPRESSED   0x0000001c   Data   RW         3019    .data               task_led.o
    0x20000274   COMPRESSED   0x00000002   Data   RW         3128    .data               task_offlinecheck.o
    0x20000276   COMPRESSED   0x00000002   PAD
    0x20000278   COMPRESSED   0x0000001c   Data   RW         3264    .data               usbd_desc.o
    0x20000294   COMPRESSED   0x00000032   Data   RW         3265    .data               usbd_desc.o
    0x200002c6   COMPRESSED   0x00000002   PAD
    0x200002c8   COMPRESSED   0x00000014   Data   RW         3339    .data               usbd_cdc_if.o
    0x200002dc   COMPRESSED   0x00000004   Data   RW         3602    .data               system_stm32f4xx.o
    0x200002e0   COMPRESSED   0x00000009   Data   RW         6185    .data               stm32f4xx_hal.o
    0x200002e9   COMPRESSED   0x00000001   Data   RW         7923    .data               usbd_ctlreq.o
    0x200002ea   COMPRESSED   0x00000002   PAD
    0x200002ec   COMPRESSED   0x00000053   Data   RW         8082    .data               usbd_cdc.o
    0x2000033f   COMPRESSED   0x00000001   PAD
    0x20000340   COMPRESSED   0x00000038   Data   RW         8083    .data               usbd_cdc.o
    0x20000378   COMPRESSED   0x0000003c   Data   RW         8707    .data               tasks.o
    0x200003b4   COMPRESSED   0x00000014   Data   RW         9016    .data               timers.o
    0x200003c8   COMPRESSED   0x00000020   Data   RW         9525    .data               heap_4.o
    0x200003e8   COMPRESSED   0x0000000c   Data   RW         9581    .data               port.o
    0x200003f4   COMPRESSED   0x00000004   Data   RW         9754    .data               vofa.o
    0x200003f8        -       0x000006a8   Zero   RW          314    .bss                freertos.o
    0x20000aa0        -       0x00000050   Zero   RW          528    .bss                can.o
    0x20000af0        -       0x00000020   Zero   RW          600    .bss                rtc.o
    0x20000b10        -       0x00000058   Zero   RW          642    .bss                spi.o
    0x20000b68        -       0x00000048   Zero   RW          685    .bss                tim.o
    0x20000bb0        -       0x000002b8   Zero   RW          734    .bss                usart.o
    0x20000e68        -       0x00000048   Zero   RW          946    .bss                stm32f4xx_hal_timebase_tim.o
    0x20000eb0        -       0x00000060   Zero   RW         1143    .bss                pid.o
    0x20000f10        -       0x00000020   Zero   RW         1417    .bss                bsp_boardcommunication.o
    0x20000f30        -       0x00000224   Zero   RW         1593    .bss                protocol_judgement.o
    0x20001154        -       0x000000e0   Zero   RW         1644    .bss                bsp_can.o
    0x20001234        -       0x00000082   Zero   RW         1694    .bss                bsp_usart.o
    0x200012b6   COMPRESSED   0x00000002   PAD
    0x200012b8        -       0x000000fc   Zero   RW         2060    .bss                saber_c3.o
    0x200013b4        -       0x00000028   Zero   RW         2158    .bss                dt7.o
    0x200013dc        -       0x00000578   Zero   RW         2442    .bss                m3508_motor.o
    0x20001954        -       0x00000258   Zero   RW         2510    .bss                m6020_motor.o
    0x20001bac        -       0x00000098   Zero   RW         2624    .bss                dm_motor.o
    0x20001c44        -       0x000001e8   Zero   RW         2703    .bss                cloud_control.o
    0x20001e2c        -       0x0000000c   Zero   RW         2812    .bss                powercontrol.o
    0x20001e38        -       0x000000cc   Zero   RW         2863    .bss                steer_omni_chassis.o
    0x20001f04        -       0x0000001f   Zero   RW         3188    .bss                task_communicatewithpc.o
    0x20001f23   COMPRESSED   0x00000001   PAD
    0x20001f24        -       0x000002dc   Zero   RW         3224    .bss                usb_device.o
    0x20002200        -       0x00000200   Zero   RW         3263    .bss                usbd_desc.o
    0x20002400        -       0x00001000   Zero   RW         3338    .bss                usbd_cdc_if.o
    0x20003400        -       0x00000704   Zero   RW         3423    .bss                usbd_conf.o
    0x20003b04        -       0x00000040   Zero   RW         8344    .bss                queue.o
    0x20003b44        -       0x000000f0   Zero   RW         8706    .bss                tasks.o
    0x20003c34        -       0x000000e8   Zero   RW         9015    .bss                timers.o
    0x20003d1c        -       0x00007800   Zero   RW         9524    .bss                heap_4.o
    0x2000b51c        -       0x00000060   Zero   RW        10168    .bss                c_w.l(libspace.o)
    0x2000b57c   COMPRESSED   0x00000004   PAD
    0x2000b580        -       0x00000200   Zero   RW            2    HEAP                startup_stm32f407xx.o
    0x2000b780        -       0x00000400   Zero   RW            1    STACK               startup_stm32f407xx.o


    Execution Region RW_IRAM2 (Exec base: 0x2001c000, Load base: 0x08011ff0, Size: 0x00000000, Max: 0x00004000, ABSOLUTE)

    **** No section assigned to this execution region ****


==============================================================================

Image component sizes


      Code (inc. data)   RO Data    RW Data    ZI Data      Debug   Object Name

      1060        134          0         40         32       5987   bsp_boardcommunication.o
       446         36          0         57        224       9566   bsp_can.o
        48         16          0          8          0        757   bsp_delay.o
       104         22          0          8          0        632   bsp_led.o
       176         52          0          5        130       3571   bsp_usart.o
       520         44          0          4         80       2710   can.o
      1292        230          0         97        488       8428   cloud_control.o
       142          0          0          0          0      23463   cmsis_os.o
       234         16        769          4          0       4608   crc.o
      1768         74          0        100        152      11414   dm_motor.o
       152          6          0          0          0        938   dma.o
       728         60          0         12         40       3454   dt7.o
         0          0          0          0          0      20260   event_groups.o
         0          0          0          0          0       1600   feedforward.o
       734        168       1283         64       1704      16174   freertos.o
      1018         12        588         64          0       4042   fuzzypid.o
       284         14          0          0          0       1175   gpio.o
       724         74          0         32      30720       5195   heap_4.o
       198          6          0          0          0       1800   kalman_filter.o
       148          0          0          0          0       3894   list.o
      1888         70          0          8       1400       5856   m3508_motor.o
       850         32          0         24        600       7368   m6020_motor.o
       286         14          0          0          0     780076   main.o
      1414         18          0          0         96       7955   pid.o
      1014         92          0         12          0      12645   port.o
       168         26          0         16         12       2484   powercontrol.o
       660         24          0          0        548       8541   protocol_judgement.o
       300         56          0         54          0       3004   protocol_uppercomputer.o
      2008         20          0          0         64      19238   queue.o
       196         18          0          0         32       1867   rtc.o
       348         34          0          3        252       3775   saber_c3.o
       212         22          0          0         88       1885   spi.o
        64         26        392          0       1536        892   startup_stm32f407xx.o
      4300        436          0         16        204       9398   steer_omni_chassis.o
       136         24          0          9          0       9074   stm32f4xx_hal.o
      2148          6          0          0          0      15391   stm32f4xx_hal_can.o
       260         22          0          0          0      33886   stm32f4xx_hal_cortex.o
      1436         16          8          0          0       7478   stm32f4xx_hal_dma.o
       542         50          0          0          0       3576   stm32f4xx_hal_gpio.o
        84          6          0          0          0        962   stm32f4xx_hal_msp.o
      3562         16          0          0          0      14588   stm32f4xx_hal_pcd.o
        90          0          0          0          0       2633   stm32f4xx_hal_pcd_ex.o
      1888         94          0          0          0       6665   stm32f4xx_hal_rcc.o
       416         20          0          0          0       1504   stm32f4xx_hal_rcc_ex.o
       810         18          0          0          0       6204   stm32f4xx_hal_rtc.o
       200          0          0          0          0       1307   stm32f4xx_hal_spi.o
      2522        172          0          0          0      18517   stm32f4xx_hal_tim.o
       184         30          0          0          0       2725   stm32f4xx_hal_tim_ex.o
       160         20          0          0         72       1583   stm32f4xx_hal_timebase_tim.o
      2624         28          0          0          0      15370   stm32f4xx_hal_uart.o
       224         72          0          0          0      10299   stm32f4xx_it.o
      3894         84          0          0          0      24404   stm32f4xx_ll_usb.o
        20          6         24          4          0       1283   system_stm32f4xx.o
       268         30          0          0          0       1358   task_canreceive.o
        36          4          0          0          0        645   task_cansend.o
        48          8          0          0         31       1953   task_communicatewithpc.o
       424          8          0         28          0       1809   task_led.o
        68         14          0          2          0       1401   task_offlinecheck.o
        64         12          0          0          0       1072   task_robotcontrol.o
        52          8          0          0          0       1554   task_vofa.o
      3314        402          0         60        240      31070   tasks.o
       380         34          0          0         72       2680   tim.o
      1274        124          0         20        232      31591   timers.o
       984         94          0          0        696       3895   usart.o
        84         18          0          0        732        912   usb_device.o
      1446         40          0        139          0      15597   usbd_cdc.o
       180         28          0         20       4096       4736   usbd_cdc_if.o
       658         28          0          0       1796      18292   usbd_conf.o
      1050          0          0          0          0      17553   usbd_core.o
      1928         28          0          1          0      18820   usbd_ctlreq.o
       362        110          0         78        512       7509   usbd_desc.o
       132          0          0          0          0       4876   usbd_ioreq.o
         0          0          0          0          0       1056   user_lib.o
       142          8          4          4          0       2143   vofa.o

    ----------------------------------------------------------------------
     57644       3534       3108       1016      46884    1342623   Object Totals
         0          0         32          0          0          0   (incl. Generated)
        66          0          8         23          3          0   (incl. Padding)

    ----------------------------------------------------------------------

      Code (inc. data)   RO Data    RW Data    ZI Data      Debug   Library Member Name

        90          0          0          0          0          0   __dczerorl2.o
         8          0          0          0          0         68   __main.o
         0          0          0          0          0          0   __rtentry.o
        12          0          0          0          0          0   __rtentry2.o
         6          0          0          0          0          0   __rtentry4.o
        52          8          0          0          0          0   __scatter.o
        28          0          0          0          0          0   __scatter_zi.o
        22          0          0          0          0        100   _rserrno.o
        18          0          0          0          0         80   exit.o
         6          0          0          0          0        152   heapauxi.o
         0          0          0          0          0          0   indicate_semi.o
         2          0          0          0          0          0   libinit.o
         6          0          0          0          0          0   libinit2.o
         2          0          0          0          0          0   libshutdown.o
         2          0          0          0          0          0   libshutdown2.o
         8          4          0          0         96         68   libspace.o
       238          0          0          0          0        100   lludivv7m.o
         8          4          0          0          0         68   rt_errno_addr_intlibspace.o
        78          0          0          0          0         80   rt_memclr_w.o
       138          0          0          0          0         68   rt_memcpy_v6.o
       100          0          0          0          0         80   rt_memcpy_w.o
         2          0          0          0          0          0   rtexit.o
        10          0          0          0          0          0   rtexit2.o
        12          4          0          0          0         68   sys_exit.o
        74          0          0          0          0         80   sys_stackheap_outer.o
         2          0          0          0          0         68   use_no_semi.o
        24          0          0          0          0        164   basic.o
        98          4          0          0          0        140   d2f.o
       826         16          0          0          0        492   daddsub_clz.o
        16          4          0          0          0        116   dcheck1.o
        24          0          0          0          0        116   dcmpi.o
       688        140          0          0          0        256   ddiv.o
       120          4          0          0          0        140   deqf.o
        94          4          0          0          0        140   dfix.o
        84          0          0          0          0        232   dflt_clz.o
       120          4          0          0          0        140   dleqf.o
       340         12          0          0          0        152   dmul.o
       156          4          0          0          0        140   dnaninf.o
        12          0          0          0          0        116   dretinf.o
       108          0          0          0          0        128   drleqf.o
       408         56          0          0          0        168   dsqrt_umaal.o
        86          4          0          0          0        132   f2d.o
       134          4          0          0          0        132   ffixll.o
       140          4          0          0          0        132   fnaninf.o
        10          0          0          0          0        116   fpinit.o
        10          0          0          0          0        116   fretinf.o
       100          0          0          0          0        116   retnan.o
        92          0          0          0          0        116   scalbn.o
        48          0          0          0          0        116   trapv.o
         0          0          0          0          0          0   usenofp.o
       744        106        152          0          0        352   atan.o
       512         64          0          0          0        208   atan2.o
       200         20          0          0          0        164   cos.o
       368         46         48          0          0        200   cos_i.o
       184         44          0          0          0        744   dunder.o
        44          0          0          0          0        248   fabs.o
        48          0          0          0          0        124   fpclassify.o
       248          0          0          0          0        152   poly.o
      3152        296        136          0          0        352   pow.o
         0          0          8          0          0          0   qnan.o
      1080        142        200          0          0        188   rred.o
       200         20          0          0          0        164   sin.o
       304         24         40          0          0        208   sin_i.o
       232          0          0          0          0        296   sqrt.o

    ----------------------------------------------------------------------
     12008       1042        584          0        100       8096   Library Totals
        30          0          0          0          4          0   (incl. Padding)

    ----------------------------------------------------------------------

      Code (inc. data)   RO Data    RW Data    ZI Data      Debug   Library Name

       924         20          0          0         96       1080   c_w.l
      3738        260          0          0          0       3616   fz_wm.l
      7316        762        584          0          0       3400   m_wm.l

    ----------------------------------------------------------------------
     12008       1042        584          0        100       8096   Library Totals

    ----------------------------------------------------------------------

==============================================================================


      Code (inc. data)   RO Data    RW Data    ZI Data      Debug   

     69652       4576       3692       1016      46984    1301451   Grand Totals
     69652       4576       3692        368      46984    1301451   ELF Image Totals (compressed)
     69652       4576       3692        368          0          0   ROM Totals

==============================================================================

    Total RO  Size (Code + RO Data)                73344 (  71.63kB)
    Total RW  Size (RW Data + ZI Data)             48000 (  46.88kB)
    Total ROM Size (Code + RO Data + RW Data)      73712 (  71.98kB)

==============================================================================

