<html>
<body>
<pre>
<h1>µVision Build Log</h1>
<h2>Tool Versions:</h2>
IDE-Version: ¦ÌVision V5.43.1.0
Copyright (C) 2025 ARM Ltd and ARM Germany GmbH. All rights reserved.
License Information: ruohan yu, bh, LIC=YA39H-WNICA-74YS0-BQ8ZA-0DQAB-6CKE7
 
Tool Versions:
Toolchain:       MDK-ARM Plus  Version: 5.43.0.0
Toolchain Path:  G:\Software2\Keil_v5\ARM\ARM_Compiler_5.06u7\Bin
C Compiler:      Armcc.exe V5.06 update 7 (build 960)
Assembler:       Armasm.exe V5.06 update 7 (build 960)
Linker/Locator:  ArmLink.exe V5.06 update 7 (build 960)
Library Manager: ArmAr.exe V5.06 update 7 (build 960)
Hex Converter:   FromElf.exe V5.06 update 7 (build 960)
CPU DLL:         SARMCM3.DLL V5.43.0.0
Dialog DLL:      DCM.DLL V1.17.5.0
Target DLL:      CMSIS_AGDI.dll V1.33.24.0
Dialog DLL:      TCM.DLL V1.56.6.0
 
<h2>Project:</h2>
D:\Files\desktop\document-important\TransistorÕ½¶Ó\µç¿Ø\buaa2026_sentry_chassis_mcu\MDK-ARM\DraftOfOmniWheel.uvprojx
Project File Date:  01/02/2026

<h2>Output:</h2>
*** Using Compiler 'V5.06 update 7 (build 960)', folder: 'G:\Software2\Keil_v5\ARM\ARM_Compiler_5.06u7\Bin'
Rebuild target 'DraftOfOmniWheel'
assembling startup_stm32f407xx.s...
compiling stm32f4xx_it.c...
compiling spi.c...
compiling dma.c...
compiling gpio.c...
compiling stm32f4xx_hal_timebase_tim.c...
compiling FuzzyPID.c...
compiling user_lib.c...
compiling usart.c...
compiling rtc.c...
compiling stm32f4xx_hal_msp.c...
compiling can.c...
compiling UI.c...
compiling tim.c...
compiling main.c...
../Debug/TraceRecorder/include/trcRecorder.h(1857): warning:  #47-D: incompatible redefinition of macro "vTraceConsoleChannelPrintF"  (declared at line 84)
  #define vTraceConsoleChannelPrintF(fmt, ...) (void)(fmt)
../Core/Src/main.c: 1 warning, 0 errors
compiling freertos.c...
compiling FeedForward.c...
..\Algorithm\Algorithm.c\FeedForward.c(133): warning:  #550-D: variable "exp1"  was set but never used
  	float exp1,exp2, exp3, exp4;
..\Algorithm\Algorithm.c\FeedForward.c(133): warning:  #550-D: variable "exp2"  was set but never used
  	float exp1,exp2, exp3, exp4;
..\Algorithm\Algorithm.c\FeedForward.c(133): warning:  #550-D: variable "exp3"  was set but never used
  	float exp1,exp2, exp3, exp4;
..\Algorithm\Algorithm.c\FeedForward.c: 3 warnings, 0 errors
compiling pid.c...
compiling kalman_filter.c...
compiling CRC.c...
compiling bsp_delay.c...
compiling bsp_led.c...
compiling Protocol_Judgement.c...
compiling BSP_Test.c...
compiling BSP_BoardCommunication.c...
..\Protocol\Protocol.c\BSP_BoardCommunication.c(68): warning:  #177-D: variable "data2"  was declared but never referenced
      uint8_t data2[8] = {0};
..\Protocol\Protocol.c\BSP_BoardCommunication.c(165): warning:  #1035-D: single-precision operand implicitly converted to double-precision
      Cloud.Target_Yaw += speed_nonlinear_function(little_yaw_bias) * 0.02;
..\Protocol\Protocol.c\BSP_BoardCommunication.c: 2 warnings, 0 errors
compiling Protocol_UpperComputer.c...
..\Protocol\Protocol.c\Protocol_UpperComputer.c(69): warning:  #177-D: function "R2float"  was declared but never referenced
  static float R2float(uint8_t *p)
..\Protocol\Protocol.c\Protocol_UpperComputer.c(79): warning:  #177-D: function "R2int16"  was declared but never referenced
  static float R2int16(uint8_t *p)
..\Protocol\Protocol.c\Protocol_UpperComputer.c: 2 warnings, 0 errors
compiling BSP_Can.c...
compiling Gimbal_Chassis_Pitch_Angle.c...
..\Algorithm\Algorithm.c\Gimbal_Chassis_Pitch_Angle.c(18): warning:  #47-D: incompatible redefinition of macro "M_PI"  (declared at line 37 of "../Protocol/Protocol.h/Protocol_UpperComputer.h")
  #define M_PI 3.1415926536f 
..\Algorithm\Algorithm.c\Gimbal_Chassis_Pitch_Angle.c: 1 warning, 0 errors
compiling BSP_Usart.c...
compiling Saber_C3.c...
compiling N100.c...
compiling MA600_use.c...
compiling MA600_base.c...
compiling Time_Stamp.c...
compiling DT7.c...
compiling Task_RobotUI.c...
compiling Cloud_Control.c...
compiling M2006_Motor.c...
compiling M6020_Motor.c...
compiling PowerControl.c...
compiling DM_Motor.c...
compiling M3508_Motor.c...
compiling Task_CanReceive.c...
compiling Steer_Omni_Chassis.c...
..\APPs\APPs.c\Steer_Omni_Chassis.c(88): warning:  #1035-D: single-precision operand implicitly converted to double-precision
      Steer_Omni_Data.Speed_ToChassis.wz =Steer_Omni_Data.Speed_ToCloud.wz*0.6;
..\APPs\APPs.c\Steer_Omni_Chassis.c(276): warning:  #1035-D: single-precision operand implicitly converted to double-precision
      wheel_rpm_ratio = 60.0f  / WHEEL_PERIMETER * M3508_RATIO*1.5 ;
..\APPs\APPs.c\Steer_Omni_Chassis.c: 2 warnings, 0 errors
compiling Task_CanSend.c...
compiling Task_LED.c...
compiling usbd_conf.c...
compiling Task_UsartSend.c...
compiling usb_device.c...
compiling Task_RobotControl.c...
compiling usbd_desc.c...
compiling Task_Vofa.c...
compiling Task_OffLineCheck.c...
compiling Task_CommunicateWithPC.c...
compiling system_stm32f4xx.c...
compiling usbd_cdc_if.c...
compiling stm32f4xx_hal_tim.c...
compiling stm32f4xx_hal_tim_ex.c...
compiling stm32f4xx_hal_pcd.c...
compiling stm32f4xx_hal_flash_ex.c...
compiling stm32f4xx_hal_rcc_ex.c...
compiling stm32f4xx_hal_pcd_ex.c...
compiling stm32f4xx_ll_usb.c...
compiling stm32f4xx_hal_gpio.c...
compiling stm32f4xx_hal_flash.c...
compiling stm32f4xx_hal_flash_ramfunc.c...
compiling stm32f4xx_hal_pwr_ex.c...
compiling stm32f4xx_hal_dma.c...
compiling stm32f4xx_hal_rcc.c...
compiling stm32f4xx_hal_pwr.c...
compiling stm32f4xx_hal_dma_ex.c...
compiling croutine.c...
compiling event_groups.c...
compiling list.c...
compiling queue.c...
compiling stream_buffer.c...
compiling tasks.c...
compiling timers.c...
compiling cmsis_os.c...
compiling stm32f4xx_hal_cortex.c...
compiling heap_4.c...
compiling port.c...
compiling stm32f4xx_hal_can.c...
compiling stm32f4xx_hal_exti.c...
compiling stm32f4xx_hal.c...
compiling stm32f4xx_hal_rtc_ex.c...
compiling stm32f4xx_hal_rtc.c...
compiling usbd_ioreq.c...
compiling usbd_core.c...
compiling stm32f4xx_hal_spi.c...
compiling usbd_cdc.c...
compiling stm32f4xx_hal_uart.c...
compiling usbd_ctlreq.c...
compiling sys.c...
compiling vofa.c...
linking...
Program Size: Code=69652 RO-data=3692 RW-data=1016 ZI-data=46984  
FromELF: creating hex file...
"DraftOfOmniWheel\DraftOfOmniWheel.axf" - 0 Error(s), 11 Warning(s).

<h2>Software Packages used:</h2>

Package Vendor: ARM
                https://www.keil.com/pack/ARM.CMSIS.6.2.0.pack
                ARM::CMSIS@6.2.0
                CMSIS (Common Microcontroller Software Interface Standard)
   * Component: CORE Version: 6.1.1

Package Vendor: Keil
                https://www.keil.com/pack/Keil.STM32F4xx_DFP.3.1.1.pack
                Keil::STM32F4xx_DFP@3.1.1
                STMicroelectronics STM32F4 Series Device Support

<h2>Collection of Component include folders:</h2>
  ./RTE/_DraftOfOmniWheel
  G:/Software2/Arm/Packs/ARM/CMSIS/6.2.0/CMSIS/Core/Include

<h2>Collection of Component Files used:</h2>

   * Component: ARM::CMSIS:CORE@6.1.1
Build Time Elapsed:  00:00:33
</pre>
</body>
</html>
