<html>
<body>
<pre>
<h1>µVision Build Log</h1>
<h2>Tool Versions:</h2>
IDE-Version: ¦ÌVision V5.38.0.0
Copyright (C) 2022 ARM Ltd and ARM Germany GmbH. All rights reserved.
License Information: zheng 110114201@qq.com, beihang, LIC=FYKYW-QWEWI-LQL0Q-NT2TR-SG492-WM7L8
 
Tool Versions:
Toolchain:       MDK-ARM Plus  Version: 5.38.0.0
Toolchain Path:  G:\STEM32\keil5\core\ARM\ARMCC\Bin
C Compiler:      Armcc.exe V5.06 update 7 (build 960)
Assembler:       Armasm.exe V5.06 update 7 (build 960)
Linker/Locator:  ArmLink.exe V5.06 update 7 (build 960)
Library Manager: ArmAr.exe V5.06 update 7 (build 960)
Hex Converter:   FromElf.exe V5.06 update 7 (build 960)
CPU DLL:         SARMCM3.DLL V5.38.0.0
Dialog DLL:      DCM.DLL V1.17.5.0
Target DLL:      CMSIS_AGDI.dll V1.33.15.0
Dialog DLL:      TCM.DLL V1.56.4.0
 
<h2>Project:</h2>
G:\ztc-comu\final-board_TODO_1203\MDK-ARM\DraftOfOmniWheel.uvprojx
Project File Date:  12/17/2025

<h2>Output:</h2>
*** Using Compiler 'V5.06 update 7 (build 960)', folder: 'G:\STEM32\keil5\core\ARM\ARMCC\Bin'
Build target 'DraftOfOmniWheel'
compiling Protocol_Judgement.c...
compiling DT7.c...
compiling Cloud_Control.c...
compiling Task_CanReceive.c...
compiling BSP_Usart.c...
compiling Steer_Omni_Chassis.c...
..\APPs\APPs.c\Steer_Omni_Chassis.c(87): warning:  #1035-D: single-precision operand implicitly converted to double-precision
      Steer_Omni_Data.Speed_ToChassis.wz =Steer_Omni_Data.Speed_ToCloud.wz*0.6;
..\APPs\APPs.c\Steer_Omni_Chassis.c(260): warning:  #1035-D: single-precision operand implicitly converted to double-precision
      wheel_rpm_ratio = 60.0f  / WHEEL_PERIMETER * M3508_RATIO*1.5 ;
..\APPs\APPs.c\Steer_Omni_Chassis.c: 2 warnings, 0 errors
compiling Gimbal_Chassis_Pitch_Angle.c...
..\Algorithm\Algorithm.c\Gimbal_Chassis_Pitch_Angle.c(18): warning:  #47-D: incompatible redefinition of macro "M_PI"  (declared at line 37 of "../Protocol/Protocol.h/Protocol_UpperComputer.h")
  #define M_PI 3.1415926536f 
..\Algorithm\Algorithm.c\Gimbal_Chassis_Pitch_Angle.c: 1 warning, 0 errors
compiling BSP_BoardCommunication.c...
..\Protocol\Protocol.c\BSP_BoardCommunication.c(68): warning:  #550-D: variable "data2"  was set but never used
      uint8_t data2[8] = {0};
..\Protocol\Protocol.c\BSP_BoardCommunication.c(133): warning:  #177-D: variable "cloud_mode"  was declared but never referenced
      uint8_t cloud_mode = (uint8_t)(RxMessage.CANx_Export_RxMessage[3] >> 6) & 0x01;
..\Protocol\Protocol.c\BSP_BoardCommunication.c: 2 warnings, 0 errors
compiling FeedForward.c...
..\Algorithm\Algorithm.c\FeedForward.c(133): warning:  #550-D: variable "exp1"  was set but never used
  	float exp1,exp2, exp3, exp4;
..\Algorithm\Algorithm.c\FeedForward.c(133): warning:  #550-D: variable "exp2"  was set but never used
  	float exp1,exp2, exp3, exp4;
..\Algorithm\Algorithm.c\FeedForward.c(133): warning:  #550-D: variable "exp3"  was set but never used
  	float exp1,exp2, exp3, exp4;
..\Algorithm\Algorithm.c\FeedForward.c: 3 warnings, 0 errors
compiling BSP_Test.c...
compiling M3508_Motor.c...
compiling Protocol_UpperComputer.c...
..\Protocol\Protocol.c\Protocol_UpperComputer.c(69): warning:  #177-D: function "R2float"  was declared but never referenced
  static float R2float(uint8_t *p)
..\Protocol\Protocol.c\Protocol_UpperComputer.c(79): warning:  #177-D: function "R2int16"  was declared but never referenced
  static float R2int16(uint8_t *p)
..\Protocol\Protocol.c\Protocol_UpperComputer.c: 2 warnings, 0 errors
compiling freertos.c...
compiling Task_RobotControl.c...
compiling Task_UsartSend.c...
compiling Task_OffLineCheck.c...
compiling Task_CommunicateWithPC.c...
linking...
Program Size: Code=69336 RO-data=3688 RW-data=1016 ZI-data=46904  
FromELF: creating hex file...
"DraftOfOmniWheel\DraftOfOmniWheel.axf" - 0 Error(s), 10 Warning(s).

<h2>Software Packages used:</h2>

Package Vendor: ARM
                http://www.keil.com/pack/ARM.CMSIS.5.9.0.pack
                ARM.CMSIS.5.9.0
                CMSIS (Common Microcontroller Software Interface Standard)
   * Component: CORE Version: 5.6.0

Package Vendor: Keil
                https://www.keil.com/pack/Keil.STM32F4xx_DFP.3.1.0.pack
                Keil.STM32F4xx_DFP.3.1.0
                STMicroelectronics STM32F4 Series Device Support

<h2>Collection of Component include folders:</h2>
  ./RTE/_DraftOfOmniWheel
  G:/STEM32/keil5/packs/ARM/CMSIS/5.9.0/CMSIS/Core/Include

<h2>Collection of Component Files used:</h2>

   * Component: ARM::CMSIS:CORE:5.6.0
Build Time Elapsed:  00:00:15
</pre>
</body>
</html>
