Component: ARM Compiler 5.06 update 5 (build 528) Tool: armlink [4d35e2]

==============================================================================

Section Cross References

    startup_stm32f407xx.o(STACK) refers (Special) to heapauxi.o(.text) for __use_two_region_memory
    startup_stm32f407xx.o(HEAP) refers (Special) to heapauxi.o(.text) for __use_two_region_memory
    startup_stm32f407xx.o(RESET) refers (Special) to heapauxi.o(.text) for __use_two_region_memory
    startup_stm32f407xx.o(RESET) refers to startup_stm32f407xx.o(STACK) for __initial_sp
    startup_stm32f407xx.o(RESET) refers to startup_stm32f407xx.o(.text) for Reset_Handler
    startup_stm32f407xx.o(RESET) refers to stm32f4xx_it.o(i.NMI_Handler) for NMI_Handler
    startup_stm32f407xx.o(RESET) refers to stm32f4xx_it.o(i.HardFault_Handler) for HardFault_Handler
    startup_stm32f407xx.o(RESET) refers to stm32f4xx_it.o(i.MemManage_Handler) for MemManage_Handler
    startup_stm32f407xx.o(RESET) refers to stm32f4xx_it.o(i.BusFault_Handler) for BusFault_Handler
    startup_stm32f407xx.o(RESET) refers to stm32f4xx_it.o(i.UsageFault_Handler) for UsageFault_Handler
    startup_stm32f407xx.o(RESET) refers to port.o(.emb_text) for SVC_Handler
    startup_stm32f407xx.o(RESET) refers to stm32f4xx_it.o(i.DebugMon_Handler) for DebugMon_Handler
    startup_stm32f407xx.o(RESET) refers to port.o(i.SysTick_Handler) for SysTick_Handler
    startup_stm32f407xx.o(RESET) refers to stm32f4xx_it.o(i.EXTI0_IRQHandler) for EXTI0_IRQHandler
    startup_stm32f407xx.o(RESET) refers to stm32f4xx_it.o(i.DMA1_Stream1_IRQHandler) for DMA1_Stream1_IRQHandler
    startup_stm32f407xx.o(RESET) refers to stm32f4xx_it.o(i.CAN1_TX_IRQHandler) for CAN1_TX_IRQHandler
    startup_stm32f407xx.o(RESET) refers to stm32f4xx_it.o(i.CAN1_RX0_IRQHandler) for CAN1_RX0_IRQHandler
    startup_stm32f407xx.o(RESET) refers to stm32f4xx_it.o(i.TIM1_UP_TIM10_IRQHandler) for TIM1_UP_TIM10_IRQHandler
    startup_stm32f407xx.o(RESET) refers to stm32f4xx_it.o(i.DMA2_Stream1_IRQHandler) for DMA2_Stream1_IRQHandler
    startup_stm32f407xx.o(RESET) refers to stm32f4xx_it.o(i.CAN2_TX_IRQHandler) for CAN2_TX_IRQHandler
    startup_stm32f407xx.o(RESET) refers to stm32f4xx_it.o(i.CAN2_RX0_IRQHandler) for CAN2_RX0_IRQHandler
    startup_stm32f407xx.o(RESET) refers to stm32f4xx_it.o(i.OTG_FS_IRQHandler) for OTG_FS_IRQHandler
    startup_stm32f407xx.o(RESET) refers to stm32f4xx_it.o(i.DMA2_Stream5_IRQHandler) for DMA2_Stream5_IRQHandler
    startup_stm32f407xx.o(RESET) refers to stm32f4xx_it.o(i.DMA2_Stream6_IRQHandler) for DMA2_Stream6_IRQHandler
    startup_stm32f407xx.o(RESET) refers to stm32f4xx_it.o(i.DMA2_Stream7_IRQHandler) for DMA2_Stream7_IRQHandler
    startup_stm32f407xx.o(RESET) refers to stm32f4xx_it.o(i.USART6_IRQHandler) for USART6_IRQHandler
    startup_stm32f407xx.o(.text) refers (Special) to heapauxi.o(.text) for __use_two_region_memory
    startup_stm32f407xx.o(.text) refers to system_stm32f4xx.o(i.SystemInit) for SystemInit
    startup_stm32f407xx.o(.text) refers to __main.o(!!!main) for __main
    startup_stm32f407xx.o(.text) refers to startup_stm32f407xx.o(HEAP) for Heap_Mem
    startup_stm32f407xx.o(.text) refers to startup_stm32f407xx.o(STACK) for Stack_Mem
    main.o(i.HAL_TIM_PeriodElapsedCallback) refers to stm32f4xx_hal.o(i.HAL_IncTick) for HAL_IncTick
    main.o(i.SystemClock_Config) refers to rt_memclr_w.o(.text) for __aeabi_memclr4
    main.o(i.SystemClock_Config) refers to stm32f4xx_hal_rcc.o(i.HAL_RCC_OscConfig) for HAL_RCC_OscConfig
    main.o(i.SystemClock_Config) refers to main.o(i.Error_Handler) for Error_Handler
    main.o(i.SystemClock_Config) refers to stm32f4xx_hal_rcc.o(i.HAL_RCC_ClockConfig) for HAL_RCC_ClockConfig
    main.o(i.main) refers to stm32f4xx_hal.o(i.HAL_Init) for HAL_Init
    main.o(i.main) refers to main.o(i.SystemClock_Config) for SystemClock_Config
    main.o(i.main) refers to gpio.o(i.MX_GPIO_Init) for MX_GPIO_Init
    main.o(i.main) refers to dma.o(i.MX_DMA_Init) for MX_DMA_Init
    main.o(i.main) refers to can.o(i.MX_CAN1_Init) for MX_CAN1_Init
    main.o(i.main) refers to usart.o(i.MX_USART1_UART_Init) for MX_USART1_UART_Init
    main.o(i.main) refers to tim.o(i.MX_TIM5_Init) for MX_TIM5_Init
    main.o(i.main) refers to can.o(i.MX_CAN2_Init) for MX_CAN2_Init
    main.o(i.main) refers to usart.o(i.MX_USART3_UART_Init) for MX_USART3_UART_Init
    main.o(i.main) refers to usart.o(i.MX_USART6_UART_Init) for MX_USART6_UART_Init
    main.o(i.main) refers to rtc.o(i.MX_RTC_Init) for MX_RTC_Init
    main.o(i.main) refers to spi.o(i.MX_SPI2_Init) for MX_SPI2_Init
    main.o(i.main) refers to bsp_delay.o(i.delay_init) for delay_init
    main.o(i.main) refers to stm32f4xx_hal.o(i.HAL_Delay) for HAL_Delay
    main.o(i.main) refers to freertos.o(i.MX_FREERTOS_Init) for MX_FREERTOS_Init
    main.o(i.main) refers to cmsis_os.o(i.osKernelStart) for osKernelStart
    freertos.o(i.ALL_Init) refers to usb_device.o(i.MX_USB_DEVICE_Init) for MX_USB_DEVICE_Init
[...]
    Control_Self_Yaw                         0x200001d4   Data           4  cloud_control.o(.data)
    shit                                     0x200001d8   Data           4  cloud_control.o(.data)
    kk                                       0x200001dc   Data           1  cloud_control.o(.data)
    Linear                                   0x200001e0   Data           4  cloud_control.o(.data)
    Setup_Angleoffset                        0x200001e4   Data           4  cloud_control.o(.data)
    first_flag                               0x200001e8   Data           2  cloud_control.o(.data)
    J6006_Yaw_T                              0x200001ec   Data           4  cloud_control.o(.data)
    J6006_Yaw_P                              0x200001f0   Data           4  cloud_control.o(.data)
    J6006_Yaw_V                              0x200001f4   Data           4  cloud_control.o(.data)
    J6006_Yaw_Kp                             0x200001f8   Data           4  cloud_control.o(.data)
    J6006_Yaw_Kd                             0x200001fc   Data           4  cloud_control.o(.data)
    yaw_angle_last                           0x20000200   Data           4  cloud_control.o(.data)
    chassis_yaw_last                         0x20000204   Data           4  cloud_control.o(.data)
    chassis_yaw_unwrapped                    0x20000208   Data           4  cloud_control.o(.data)
    follow_cloud                             0x2000020c   Data           1  cloud_control.o(.data)
    chassis_turns                            0x20000210   Data           4  cloud_control.o(.data)
    Info_flag                                0x20000214   Data           4  cloud_control.o(.data)
    flag5                                    0x20000218   Data           4  cloud_control.o(.data)
    flag6                                    0x2000021c   Data           4  cloud_control.o(.data)
    flag_Angle_Cloud                         0x20000220   Data           4  cloud_control.o(.data)
    Cloud_FUN                                0x20000224   Data          16  cloud_control.o(.data)
    PowerTxData                              0x20000238   Data           8  powercontrol.o(.data)
    PowerControl_Fun                         0x20000240   Data           8  powercontrol.o(.data)
    dirt                                     0x20000248   Data           2  steer_omni_chassis.o(.data)
    follow                                   0x2000024a   Data           1  steer_omni_chassis.o(.data)
    flag_angletocloud                        0x2000024c   Data           4  steer_omni_chassis.o(.data)
    flag_Angle_ChassisToCloud                0x20000250   Data           4  steer_omni_chassis.o(.data)
    flag_angle_hd                            0x20000254   Data           4  steer_omni_chassis.o(.data)
    RGB_flow_color                           0x20000258   Data          28  task_led.o(.data)
    FS_Desc                                  0x20000278   Data          28  usbd_desc.o(.data)
    USBD_LangIDDesc                          0x20000294   Data           4  usbd_desc.o(.data)
    USBD_FS_DeviceDesc                       0x20000298   Data          18  usbd_desc.o(.data)
    USBD_StringSerial                        0x200002ac   Data          26  usbd_desc.o(.data)
    USBD_Interface_fops_FS                   0x200002c8   Data          20  usbd_cdc_if.o(.data)
    SystemCoreClock                          0x200002dc   Data           4  system_stm32f4xx.o(.data)
    uwTick                                   0x200002e0   Data           4  stm32f4xx_hal.o(.data)
    uwTickPrio                               0x200002e4   Data           4  stm32f4xx_hal.o(.data)
    uwTickFreq                               0x200002e8   Data           1  stm32f4xx_hal.o(.data)
    USBD_CDC                                 0x20000340   Data          56  usbd_cdc.o(.data)
    pxCurrentTCB                             0x20000378   Data           4  tasks.o(.data)
    c_data                                   0x200003f4   Data           4  vofa.o(.data)
    hcan1                                    0x20000aa0   Data          40  can.o(.bss)
    hcan2                                    0x20000ac8   Data          40  can.o(.bss)
    hrtc                                     0x20000af0   Data          32  rtc.o(.bss)
    hspi2                                    0x20000b10   Data          88  spi.o(.bss)
    htim5                                    0x20000b68   Data          72  tim.o(.bss)
    huart1                                   0x20000bb0   Data          72  usart.o(.bss)
    huart3                                   0x20000bf8   Data          72  usart.o(.bss)
    huart6                                   0x20000c40   Data          72  usart.o(.bss)
    hdma_usart1_rx                           0x20000c88   Data          96  usart.o(.bss)
    hdma_usart1_tx                           0x20000ce8   Data          96  usart.o(.bss)
    hdma_usart3_rx                           0x20000d48   Data          96  usart.o(.bss)
    hdma_usart6_rx                           0x20000da8   Data          96  usart.o(.bss)
    hdma_usart6_tx                           0x20000e08   Data          96  usart.o(.bss)
    htim1                                    0x20000e68   Data          72  stm32f4xx_hal_timebase_tim.o(.bss)
    Cloud_YAWODKalman                        0x20000eb0   Data          48  pid.o(.bss)
    Cloud_PITCHODKalman                      0x20000ee0   Data          48  pid.o(.bss)
    ControlMes                               0x20000f10   Data          32  bsp_boardcommunication.o(.bss)
    JudgeSystem_rxBuff                       0x20000f30   Data         136  protocol_judgement.o(.bss)
    g_referee                                0x20000fb8   Data         412  protocol_judgement.o(.bss)
    Can_Data                                 0x20001154   Data         152  bsp_can.o(.bss)
    Usart_Data                               0x20001234   Data         130  bsp_usart.o(.bss)
    Saber_Rxbuffer                           0x200012b8   Data          76  saber_c3.o(.bss)
    Saber_Montage                            0x20001304   Data         152  saber_c3.o(.bss)
    Saber_Angle                              0x2000139c   Data          24  saber_c3.o(.bss)
    RC_CtrlData                              0x200013b4   Data          22  dt7.o(.bss)
    M3508_Array                              0x200013dc   Data        1400  m3508_motor.o(.bss)
    M6020s_Yaw                               0x20001954   Data         200  m6020_motor.o(.bss)
    M6020s_Chassis1                          0x20001a1c   Data         200  m6020_motor.o(.bss)
    M6020s_Chassis2                          0x20001ae4   Data         200  m6020_motor.o(.bss)
    J4310s_Pitch                             0x20001bac   Data          76  dm_motor.o(.bss)
    J6006s_Yaw                               0x20001bf8   Data          76  dm_motor.o(.bss)
    J6006s_YawIPID                           0x20001c44   Data          80  cloud_control.o(.bss)
    J6006s_YawOPID                           0x20001c94   Data          80  cloud_control.o(.bss)
    AutoAim_J6006s_YawIPID                   0x20001ce4   Data          80  cloud_control.o(.bss)
    AutoAim_J6006s_YawOPID                   0x20001d34   Data          80  cloud_control.o(.bss)
    Cloud_YawMotorAngle_Error_Kalman         0x20001d84   Data          48  cloud_control.o(.bss)
    Cloud_YawCurrent_Kalman                  0x20001db4   Data          48  cloud_control.o(.bss)
    Cloud_YawCurrent_Kalman_manul            0x20001de4   Data          48  cloud_control.o(.bss)
    Cloud                                    0x20001e14   Data          24  cloud_control.o(.bss)
    PowerRxData                              0x20001e2c   Data          12  powercontrol.o(.bss)
    Steer_Omni_Data                          0x20001e38   Data          44  steer_omni_chassis.o(.bss)
    chassis_follow                           0x20001e64   Data          80  steer_omni_chassis.o(.bss)
    cloud_follow                             0x20001eb4   Data          80  steer_omni_chassis.o(.bss)
    UpperCom_Receive_Buffer                  0x20001f04   Data          31  task_communicatewithpc.o(.bss)
    hUsbDeviceFS                             0x20001f24   Data         732  usb_device.o(.bss)
    USBD_StrDesc                             0x20002200   Data         512  usbd_desc.o(.bss)
    UserRxBufferFS                           0x20002400   Data        2048  usbd_cdc_if.o(.bss)
    UserTxBufferFS                           0x20002c00   Data        2048  usbd_cdc_if.o(.bss)
    hpcd_USB_OTG_FS                          0x20003620   Data        1252  usbd_conf.o(.bss)
    xQueueRegistry                           0x20003b04   Data          64  queue.o(.bss)
    __libspace_start                         0x2000b51c   Data          96  libspace.o(.bss)
    __temporary_stack_top$libspace           0x2000b57c   Data           0  libspace.o(.bss)



==============================================================================

Memory Map of the image

  Image Entry point : 0x08000189

  Load Region LR_IROM1 (Base: 0x08000000, Size: 0x000120e8, Max: 0x00100000, ABSOLUTE, COMPRESSED[0x00011e60])

    Execution Region ER_IROM1 (Exec base: 0x08000000, Load base: 0x08000000, Size: 0x00011cf0, Max: 0x00100000, ABSOLUTE)

    Exec Addr    Load Addr    Size         Type   Attr      Idx    E Section Name        Object

    0x08000000   0x08000000   0x00000188   Data   RO            3    RESET               startup_stm32f407xx.o
    0x08000188   0x08000188   0x00000008   Code   RO         9878  * !!!main             c_w.l(__main.o)
    0x08000190   0x08000190   0x00000034   Code   RO        10304    !!!scatter          c_w.l(__scatter.o)
    0x080001c4   0x080001c4   0x0000005a   Code   RO        10302    !!dczerorl2         c_w.l(__dczerorl2.o)
    0x0800021e   0x0800021e   0x00000002   PAD
    0x08000220   0x08000220   0x0000001c   Code   RO        10306    !!handler_zi        c_w.l(__scatter_zi.o)
    0x0800023c   0x0800023c   0x00000002   Code   RO        10171    .ARM.Collect$$libinit$$00000000  c_w.l(libinit.o)
    0x0800023e   0x0800023e   0x00000004   Code   RO        10172    .ARM.Collect$$libinit$$00000001  c_w.l(libinit2.o)
    0x08000242   0x08000242   0x00000000   Code   RO        10175    .ARM.Collect$$libinit$$00000004  c_w.l(libinit2.o)
    0x08000242   0x08000242   0x00000000   Code   RO        10178    .ARM.Collect$$libinit$$0000000A  c_w.l(libinit2.o)
    0x08000242   0x08000242   0x00000000   Code   RO        10180    .ARM.Collect$$libinit$$0000000C  c_w.l(libinit2.o)
    0x08000242   0x08000242   0x00000000   Code   RO        10182    .ARM.Collect$$libinit$$0000000E  c_w.l(libinit2.o)
    0x08000242   0x08000242   0x00000000   Code   RO        10185    .ARM.Collect$$libinit$$00000011  c_w.l(libinit2.o)
    0x08000242   0x08000242   0x00000000   Code   RO        10187    .ARM.Collect$$libinit$$00000013  c_w.l(libinit2.o)
    0x08000242   0x08000242   0x00000000   Code   RO        10189    .ARM.Collect$$libinit$$00000015  c_w.l(libinit2.o)
    0x08000242   0x08000242   0x00000000   Code   RO        10191    .ARM.Collect$$libinit$$00000017  c_w.l(libinit2.o)
    0x08000242   0x08000242   0x00000000   Code   RO        10193    .ARM.Collect$$libinit$$00000019  c_w.l(libinit2.o)
    0x08000242   0x08000242   0x00000000   Code   RO        10195    .ARM.Collect$$libinit$$0000001B  c_w.l(libinit2.o)
    0x08000242   0x08000242   0x00000000   Code   RO        10197    .ARM.Collect$$libinit$$0000001D  c_w.l(libinit2.o)
    0x08000242   0x08000242   0x00000000   Code   RO        10199    .ARM.Collect$$libinit$$0000001F  c_w.l(libinit2.o)
    0x08000242   0x08000242   0x00000000   Code   RO        10201    .ARM.Collect$$libinit$$00000021  c_w.l(libinit2.o)
    0x08000242   0x08000242   0x00000000   Code   RO        10203    .ARM.Collect$$libinit$$00000023  c_w.l(libinit2.o)
    0x08000242   0x08000242   0x00000000   Code   RO        10205    .ARM.Collect$$libinit$$00000025  c_w.l(libinit2.o)
    0x08000242   0x08000242   0x00000000   Code   RO        10209    .ARM.Collect$$libinit$$0000002C  c_w.l(libinit2.o)
    0x08000242   0x08000242   0x00000000   Code   RO        10211    .ARM.Collect$$libinit$$0000002E  c_w.l(libinit2.o)
    0x08000242   0x08000242   0x00000000   Code   RO        10213    .ARM.Collect$$libinit$$00000030  c_w.l(libinit2.o)
    0x08000242   0x08000242   0x00000000   Code   RO        10215    .ARM.Collect$$libinit$$00000032  c_w.l(libinit2.o)
    0x08000242   0x08000242   0x00000002   Code   RO        10216    .ARM.Collect$$libinit$$00000033  c_w.l(libinit2.o)
    0x08000244   0x08000244   0x00000002   Code   RO        10267    .ARM.Collect$$libshutdown$$00000000  c_w.l(libshutdown.o)
    0x08000246   0x08000246   0x00000000   Code   RO        10285    .ARM.Collect$$libshutdown$$00000002  c_w.l(libshutdown2.o)
    0x08000246   0x08000246   0x00000000   Code   RO        10287    .ARM.Collect$$libshutdown$$00000004  c_w.l(libshutdown2.o)
    0x08000246   0x08000246   0x00000000   Code   RO        10290    .ARM.Collect$$libshutdown$$00000007  c_w.l(libshutdown2.o)
    0x08000246   0x08000246   0x00000000   Code   RO        10293    .ARM.Collect$$libshutdown$$0000000A  c_w.l(libshutdown2.o)
    0x08000246   0x08000246   0x00000000   Code   RO        10295    .ARM.Collect$$libshutdown$$0000000C  c_w.l(libshutdown2.o)
    0x08000246   0x08000246   0x00000000   Code   RO        10298    .ARM.Collect$$libshutdown$$0000000F  c_w.l(libshutdown2.o)
    0x08000246   0x08000246   0x00000002   Code   RO        10299    .ARM.Collect$$libshutdown$$00000010  c_w.l(libshutdown2.o)
    0x08000248   0x08000248   0x00000000   Code   RO        10000    .ARM.Collect$$rtentry$$00000000  c_w.l(__rtentry.o)
    0x08000248   0x08000248   0x00000000   Code   RO        10087    .ARM.Collect$$rtentry$$00000002  c_w.l(__rtentry2.o)
    0x08000248   0x08000248   0x00000006   Code   RO        10099    .ARM.Collect$$rtentry$$00000004  c_w.l(__rtentry4.o)
    0x0800024e   0x0800024e   0x00000000   Code   RO        10089    .ARM.Collect$$rtentry$$00000009  c_w.l(__rtentry2.o)
    0x0800024e   0x0800024e   0x00000004   Code   RO        10090    .ARM.Collect$$rtentry$$0000000A  c_w.l(__rtentry2.o)
    0x08000252   0x08000252   0x00000000   Code   RO        10092    .ARM.Collect$$rtentry$$0000000C  c_w.l(__rtentry2.o)
    0x08000252   0x08000252   0x00000008   Code   RO        10093    .ARM.Collect$$rtentry$$0000000D  c_w.l(__rtentry2.o)
    0x0800025a   0x0800025a   0x00000002   Code   RO        10219    .ARM.Collect$$rtexit$$00000000  c_w.l(rtexit.o)
    0x0800025c   0x0800025c   0x00000000   Code   RO        10236    .ARM.Collect$$rtexit$$00000002  c_w.l(rtexit2.o)
    0x0800025c   0x0800025c   0x00000004   Code   RO        10237    .ARM.Collect$$rtexit$$00000003  c_w.l(rtexit2.o)
    0x08000260   0x08000260   0x00000006   Code   RO        10238    .ARM.Collect$$rtexit$$00000004  c_w.l(rtexit2.o)
    0x08000266   0x08000266   0x00000002   PAD
    0x08000268   0x08000268   0x000000be   Code   RO         9559    .emb_text           port.o
    0x08000326   0x08000326   0x00000002   PAD
    0x08000328   0x08000328   0x00000040   Code   RO            4    .text               startup_stm32f407xx.o
    0x08000368   0x08000368   0x000000ee   Code   RO         9831    .text               c_w.l(lludivv7m.o)
    0x08000456   0x08000456   0x0000008a   Code   RO         9868    .text               c_w.l(rt_memcpy_v6.o)
    0x080004e0   0x080004e0   0x00000064   Code   RO         9870    .text               c_w.l(rt_memcpy_w.o)
    0x08000544   0x08000544   0x0000004e   Code   RO         9874    .text               c_w.l(rt_memclr_w.o)
    0x08000592   0x08000592   0x00000006   Code   RO         9876    .text               c_w.l(heapauxi.o)
    0x08000598   0x08000598   0x00000016   Code   RO        10005    .text               c_w.l(_rserrno.o)
    0x080005ae   0x080005ae   0x00000002   PAD
    0x080005b0   0x080005b0   0x00000008   Code   RO        10111    .text               c_w.l(rt_errno_addr_intlibspace.o)
    0x080005b8   0x080005b8   0x00000008   Code   RO        10153    .text               c_w.l(libspace.o)
    0x080005c0   0x080005c0   0x0000004a   Code   RO        10156    .text               c_w.l(sys_stackheap_outer.o)
    0x0800060a   0x0800060a   0x00000012   Code   RO        10158    .text               c_w.l(exit.o)
    0x0800061c   0x0800061c   0x0000000c   Code   RO        10233    .text               c_w.l(sys_exit.o)
    0x08000628   0x08000628   0x00000002   Code   RO        10254    .text               c_w.l(use_no_semi.o)
    0x0800062a   0x0800062a   0x00000000   Code   RO        10256    .text               c_w.l(indicate_semi.o)
    0x0800062a   0x0800062a   0x00000002   PAD
    0x0800062c   0x0800062c   0x0000011c   Code   RO          309    i.ALL_Init          freertos.o
    0x08000748   0x08000748   0x00000024   Code   RO         2975    i.AllCanSend        task_cansend.o
    0x0800076c   0x0800076c   0x00000174   Code   RO         1133    i.Angle_PID         pid.o
    0x080008e0   0x080008e0   0x00000024   Code   RO         1517    i.Append_CRC8_Check_Sum  crc.o
    0x08000904   0x08000904   0x00000108   Code   RO         1413    i.Board2_To_1       bsp_boardcommunication.o
    0x08000a0c   0x08000a0c   0x000000f8   Code   RO         1414    i.Board2_getChassisInfo  bsp_boardcommunication.o
    0x08000b04   0x08000b04   0x000000fc   Code   RO         1415    i.Board2_getGimbalInfo  bsp_boardcommunication.o
    0x08000c00   0x08000c00   0x00000004   Code   RO          783    i.BusFault_Handler  stm32f4xx_it.o
    0x08000c04   0x08000c04   0x00000010   Code   RO          784    i.CAN1_RX0_IRQHandler  stm32f4xx_it.o
    0x08000c14   0x08000c14   0x00000010   Code   RO          785    i.CAN1_TX_IRQHandler  stm32f4xx_it.o
    0x08000c24   0x08000c24   0x00000010   Code   RO          786    i.CAN2_RX0_IRQHandler  stm32f4xx_it.o
    0x08000c34   0x08000c34   0x00000010   Code   RO          787    i.CAN2_TX_IRQHandler  stm32f4xx_it.o
    0x08000c44   0x08000c44   0x00000030   Code   RO         1634    i.CAN_FILTER_Init   bsp_can.o
    0x08000c74   0x08000c74   0x00000034   Code   RO         1635    i.CAN_IT_Init       bsp_can.o
    0x08000ca8   0x08000ca8   0x0000004a   Code   RO         1636    i.CAN_SendData      bsp_can.o
    0x08000cf2   0x08000cf2   0x00000008   Code   RO         3320    i.CDC_Control_FS    usbd_cdc_if.o
    0x08000cfa   0x08000cfa   0x00000004   Code   RO         3321    i.CDC_DeInit_FS     usbd_cdc_if.o
    0x08000cfe   0x08000cfe   0x00000002   PAD
    0x08000d00   0x08000d00   0x00000024   Code   RO         3322    i.CDC_Init_FS       usbd_cdc_if.o
    0x08000d24   0x08000d24   0x00000054   Code   RO         3323    i.CDC_Receive_FS    usbd_cdc_if.o
    0x08000d78   0x08000d78   0x00000004   Code   RO         3324    i.CDC_TransmitCplt_FS  usbd_cdc_if.o
    0x08000d7c   0x08000d7c   0x0000002c   Code   RO         3325    i.CDC_Transmit_FS   usbd_cdc_if.o
    0x08000da8   0x08000da8   0x0000005c   Code   RO         2939    i.Can1Receives      task_canreceive.o
    0x08000e04   0x08000e04   0x000000b0   Code   RO         2940    i.Can2Receives      task_canreceive.o
    0x08000eb4   0x08000eb4   0x000001fc   Code   RO         2840    i.Chassis_Init      steer_omni_chassis.o
    0x080010b0   0x080010b0   0x00000044   Code   RO         2608    i.Check_DM          dm_motor.o
    0x080010f4   0x080010f4   0x00000050   Code   RO         1135    i.Clear_PositionPIDData  pid.o
    0x08001144   0x08001144   0x00000104   Code   RO         2691    i.Cloud_Init        cloud_control.o
    0x08001248   0x08001248   0x000000bc   Code   RO         2692    i.Cloud_Sport_Out   cloud_control.o
    0x08001304   0x08001304   0x000002c0   Code   RO         2693    i.Cloud_Yaw_Angle_Set  cloud_control.o
    0x080015c4   0x080015c4   0x00000010   Code   RO          788    i.DMA1_Stream1_IRQHandler  stm32f4xx_it.o
    0x080015d4   0x080015d4   0x00000010   Code   RO          789    i.DMA2_Stream1_IRQHandler  stm32f4xx_it.o
    0x080015e4   0x080015e4   0x00000010   Code   RO          790    i.DMA2_Stream5_IRQHandler  stm32f4xx_it.o
    0x080015f4   0x080015f4   0x00000010   Code   RO          791    i.DMA2_Stream6_IRQHandler  stm32f4xx_it.o
    0x08001604   0x08001604   0x00000010   Code   RO          792    i.DMA2_Stream7_IRQHandler  stm32f4xx_it.o
    0x08001614   0x08001614   0x00000034   Code   RO         5708    i.DMA_CalcBaseAndBitshift  stm32f4xx_hal_dma.o
    0x08001648   0x08001648   0x000000aa   Code   RO         5709    i.DMA_CheckFifoParam  stm32f4xx_hal_dma.o
    0x080016f2   0x080016f2   0x0000002c   Code   RO         5710    i.DMA_SetConfig     stm32f4xx_hal_dma.o
    0x0800171e   0x0800171e   0x00000002   PAD
    0x08001720   0x08001720   0x0000005c   Code   RO         2609    i.DM_Enable         dm_motor.o
    0x0800177c   0x0800177c   0x0000002a   Code   RO         2610    i.DM_MIT_Init       dm_motor.o
    0x080017a6   0x080017a6   0x0000001c   Code   RO         2611    i.DM_Reset          dm_motor.o
    0x080017c2   0x080017c2   0x0000004c   Code   RO         2612    i.DM_Save_Pos_Zero  dm_motor.o
    0x0800180e   0x0800180e   0x00000002   PAD
    0x08001810   0x08001810   0x0000044c   Code   RO         2613    i.DM_getInfo        dm_motor.o
    0x08001c5c   0x08001c5c   0x00000100   Code   RO         2614    i.DM_setParameter   dm_motor.o
    0x08001d5c   0x08001d5c   0x00000004   Code   RO         2615    i.DM_setTargetAngle  dm_motor.o
    0x08001d60   0x08001d60   0x000002c0   Code   RO         2150    i.DT7_Handle        dt7.o
    0x08002020   0x08002020   0x00000018   Code   RO         2151    i.DT7_Init          dt7.o
    0x08002038   0x08002038   0x00000002   Code   RO          793    i.DebugMon_Handler  stm32f4xx_it.o
    0x0800203a   0x0800203a   0x0000000a   Code   RO          794    i.EXTI0_IRQHandler  stm32f4xx_it.o
    0x08002044   0x08002044   0x00000006   Code   RO           13    i.Error_Handler     main.o
    0x0800204a   0x0800204a   0x00000002   PAD
    0x0800204c   0x0800204c   0x00000240   Code   RO         1331    i.FuzzyComputation  fuzzypid.o
    0x0800228c   0x0800228c   0x00000034   Code   RO         1518    i.Get_CRC16_Check_Sum  crc.o
    0x080022c0   0x080022c0   0x00000024   Code   RO         1519    i.Get_CRC8_Check_Sum  crc.o
    0x080022e4   0x080022e4   0x00000038   Code   RO         3242    i.Get_SerialNum     usbd_desc.o
    0x0800231c   0x0800231c   0x0000002a   Code   RO         6405    i.HAL_CAN_ActivateNotification  stm32f4xx_hal_can.o
    0x08002346   0x08002346   0x0000014a   Code   RO         6406    i.HAL_CAN_AddTxMessage  stm32f4xx_hal_can.o
    0x08002490   0x08002490   0x00000124   Code   RO         6407    i.HAL_CAN_ConfigFilter  stm32f4xx_hal_can.o
    0x080025b4   0x080025b4   0x00000002   Code   RO         6410    i.HAL_CAN_ErrorCallback  stm32f4xx_hal_can.o
    0x080025b6   0x080025b6   0x00000194   Code   RO         6413    i.HAL_CAN_GetRxMessage  stm32f4xx_hal_can.o
    0x0800274a   0x0800274a   0x0000024e   Code   RO         6417    i.HAL_CAN_IRQHandler  stm32f4xx_hal_can.o
    0x08002998   0x08002998   0x00000174   Code   RO         6418    i.HAL_CAN_Init      stm32f4xx_hal_can.o
    0x08002b0c   0x08002b0c   0x00000180   Code   RO          525    i.HAL_CAN_MspInit   can.o
    0x08002c8c   0x08002c8c   0x00000002   Code   RO         6425    i.HAL_CAN_RxFifo0FullCallback  stm32f4xx_hal_can.o
    0x08002c8e   0x08002c8e   0x00000002   PAD
    0x08002c90   0x08002c90   0x00000110   Code   RO         1637    i.HAL_CAN_RxFifo0MsgPendingCallback  bsp_can.o
    0x08002da0   0x08002da0   0x00000002   Code   RO         6427    i.HAL_CAN_RxFifo1FullCallback  stm32f4xx_hal_can.o
    0x08002da2   0x08002da2   0x00000002   Code   RO         6428    i.HAL_CAN_RxFifo1MsgPendingCallback  stm32f4xx_hal_can.o
    0x08002da4   0x08002da4   0x00000002   Code   RO         6429    i.HAL_CAN_SleepCallback  stm32f4xx_hal_can.o
    0x08002da6   0x08002da6   0x0000005e   Code   RO         6430    i.HAL_CAN_Start     stm32f4xx_hal_can.o
    0x08002e04   0x08002e04   0x00000002   Code   RO         6432    i.HAL_CAN_TxMailbox0AbortCallback  stm32f4xx_hal_can.o
    0x08002e06   0x08002e06   0x00000002   Code   RO         6433    i.HAL_CAN_TxMailbox0CompleteCallback  stm32f4xx_hal_can.o
    0x08002e08   0x08002e08   0x00000002   Code   RO         6434    i.HAL_CAN_TxMailbox1AbortCallback  stm32f4xx_hal_can.o
    0x08002e0a   0x08002e0a   0x00000002   Code   RO         6435    i.HAL_CAN_TxMailbox1CompleteCallback  stm32f4xx_hal_can.o
    0x08002e0c   0x08002e0c   0x00000002   Code   RO         6436    i.HAL_CAN_TxMailbox2AbortCallback  stm32f4xx_hal_can.o
    0x08002e0e   0x08002e0e   0x00000002   Code   RO         6437    i.HAL_CAN_TxMailbox2CompleteCallback  stm32f4xx_hal_can.o
    0x08002e10   0x08002e10   0x00000002   Code   RO         6439    i.HAL_CAN_WakeUpFromRxMsgCallback  stm32f4xx_hal_can.o
    0x08002e12   0x08002e12   0x000000ac   Code   RO         5711    i.HAL_DMA_Abort     stm32f4xx_hal_dma.o
    0x08002ebe   0x08002ebe   0x00000028   Code   RO         5712    i.HAL_DMA_Abort_IT  stm32f4xx_hal_dma.o
    0x08002ee6   0x08002ee6   0x00000002   PAD
    0x08002ee8   0x08002ee8   0x00000240   Code   RO         5716    i.HAL_DMA_IRQHandler  stm32f4xx_hal_dma.o
    0x08003128   0x08003128   0x000000ec   Code   RO         5717    i.HAL_DMA_Init      stm32f4xx_hal_dma.o
    0x08003214   0x08003214   0x00000092   Code   RO         5721    i.HAL_DMA_Start_IT  stm32f4xx_hal_dma.o
    0x080032a6   0x080032a6   0x00000002   PAD
    0x080032a8   0x080032a8   0x00000028   Code   RO         6153    i.HAL_Delay         stm32f4xx_hal.o
    0x080032d0   0x080032d0   0x00000002   Code   RO         5602    i.HAL_GPIO_EXTI_Callback  stm32f4xx_hal_gpio.o
    0x080032d2   0x080032d2   0x00000002   PAD
    0x080032d4   0x080032d4   0x0000001c   Code   RO         5603    i.HAL_GPIO_EXTI_IRQHandler  stm32f4xx_hal_gpio.o
    0x080032f0   0x080032f0   0x000001f4   Code   RO         5604    i.HAL_GPIO_Init     stm32f4xx_hal_gpio.o
    0x080034e4   0x080034e4   0x0000000c   Code   RO         5608    i.HAL_GPIO_WritePin  stm32f4xx_hal_gpio.o
    0x080034f0   0x080034f0   0x0000000c   Code   RO         6159    i.HAL_GetTick       stm32f4xx_hal.o
    0x080034fc   0x080034fc   0x00000018   Code   RO         6165    i.HAL_IncTick       stm32f4xx_hal.o
    0x08003514   0x08003514   0x0000003c   Code   RO         6166    i.HAL_Init          stm32f4xx_hal.o
    0x08003550   0x08003550   0x000000a0   Code   RO          943    i.HAL_InitTick      stm32f4xx_hal_timebase_tim.o
    0x080035f0   0x080035f0   0x00000054   Code   RO          919    i.HAL_MspInit       stm32f4xx_hal_msp.o
    0x08003644   0x08003644   0x00000028   Code   RO         5996    i.HAL_NVIC_EnableIRQ  stm32f4xx_hal_cortex.o
    0x0800366c   0x0800366c   0x0000007c   Code   RO         6002    i.HAL_NVIC_SetPriority  stm32f4xx_hal_cortex.o
    0x080036e8   0x080036e8   0x00000028   Code   RO         6003    i.HAL_NVIC_SetPriorityGrouping  stm32f4xx_hal_cortex.o
    0x08003710   0x08003710   0x00000002   Code   RO         4852    i.HAL_PCDEx_LPM_Callback  stm32f4xx_hal_pcd_ex.o
    0x08003712   0x08003712   0x0000000a   Code   RO         4853    i.HAL_PCDEx_SetRxFiFo  stm32f4xx_hal_pcd_ex.o
    0x0800371c   0x0800371c   0x0000004e   Code   RO         4854    i.HAL_PCDEx_SetTxFiFo  stm32f4xx_hal_pcd_ex.o
    0x0800376a   0x0800376a   0x00000008   Code   RO         3380    i.HAL_PCD_ConnectCallback  usbd_conf.o
    0x08003772   0x08003772   0x00000012   Code   RO         3381    i.HAL_PCD_DataInStageCallback  usbd_conf.o
    0x08003784   0x08003784   0x00000014   Code   RO         3382    i.HAL_PCD_DataOutStageCallback  usbd_conf.o
    0x08003798   0x08003798   0x00000008   Code   RO         3383    i.HAL_PCD_DisconnectCallback  usbd_conf.o
    0x080037a0   0x080037a0   0x00000042   Code   RO         4617    i.HAL_PCD_EP_Abort  stm32f4xx_hal_pcd.o
    0x080037e2   0x080037e2   0x0000006a   Code   RO         4618    i.HAL_PCD_EP_Close  stm32f4xx_hal_pcd.o
    0x0800384c   0x0800384c   0x0000007c   Code   RO         4619    i.HAL_PCD_EP_ClrStall  stm32f4xx_hal_pcd.o
    0x080038c8   0x080038c8   0x00000016   Code   RO         4621    i.HAL_PCD_EP_GetRxCount  stm32f4xx_hal_pcd.o
    0x080038de   0x080038de   0x0000008e   Code   RO         4622    i.HAL_PCD_EP_Open   stm32f4xx_hal_pcd.o
    0x0800396c   0x0800396c   0x00000046   Code   RO         4623    i.HAL_PCD_EP_Receive  stm32f4xx_hal_pcd.o
    0x080039b2   0x080039b2   0x0000008a   Code   RO         4624    i.HAL_PCD_EP_SetStall  stm32f4xx_hal_pcd.o
    0x08003a3c   0x08003a3c   0x00000048   Code   RO         4625    i.HAL_PCD_EP_Transmit  stm32f4xx_hal_pcd.o
    0x08003a84   0x08003a84   0x000006ca   Code   RO         4627    i.HAL_PCD_IRQHandler  stm32f4xx_hal_pcd.o
    0x0800414e   0x0800414e   0x00000008   Code   RO         3384    i.HAL_PCD_ISOINIncompleteCallback  usbd_conf.o
    0x08004156   0x08004156   0x00000008   Code   RO         3385    i.HAL_PCD_ISOOUTIncompleteCallback  usbd_conf.o
    0x0800415e   0x0800415e   0x0000015e   Code   RO         4630    i.HAL_PCD_Init      stm32f4xx_hal_pcd.o
    0x080042bc   0x080042bc   0x00000084   Code   RO         3387    i.HAL_PCD_MspInit   usbd_conf.o
    0x08004340   0x08004340   0x0000002e   Code   RO         3388    i.HAL_PCD_ResetCallback  usbd_conf.o
    0x0800436e   0x0800436e   0x00000008   Code   RO         3389    i.HAL_PCD_ResumeCallback  usbd_conf.o
    0x08004376   0x08004376   0x00000008   Code   RO         3390    i.HAL_PCD_SOFCallback  usbd_conf.o
    0x0800437e   0x0800437e   0x00000034   Code   RO         4636    i.HAL_PCD_SetAddress  stm32f4xx_hal_pcd.o
    0x080043b2   0x080043b2   0x0000000e   Code   RO         3391    i.HAL_PCD_SetupStageCallback  usbd_conf.o
    0x080043c0   0x080043c0   0x0000004c   Code   RO         4639    i.HAL_PCD_Start     stm32f4xx_hal_pcd.o
    0x0800440c   0x0800440c   0x00000030   Code   RO         3392    i.HAL_PCD_SuspendCallback  usbd_conf.o
    0x0800443c   0x0800443c   0x000001a0   Code   RO         5310    i.HAL_RCCEx_PeriphCLKConfig  stm32f4xx_hal_rcc_ex.o
    0x080045dc   0x080045dc   0x00000184   Code   RO         5205    i.HAL_RCC_ClockConfig  stm32f4xx_hal_rcc.o
    0x08004760   0x08004760   0x00000044   Code   RO         5209    i.HAL_RCC_GetClockConfig  stm32f4xx_hal_rcc.o
    0x080047a4   0x080047a4   0x0000000c   Code   RO         5210    i.HAL_RCC_GetHCLKFreq  stm32f4xx_hal_rcc.o
    0x080047b0   0x080047b0   0x00000020   Code   RO         5212    i.HAL_RCC_GetPCLK1Freq  stm32f4xx_hal_rcc.o
    0x080047d0   0x080047d0   0x00000020   Code   RO         5213    i.HAL_RCC_GetPCLK2Freq  stm32f4xx_hal_rcc.o
    0x080047f0   0x080047f0   0x000000b0   Code   RO         5214    i.HAL_RCC_GetSysClockFreq  stm32f4xx_hal_rcc.o
    0x080048a0   0x080048a0   0x0000049c   Code   RO         5217    i.HAL_RCC_OscConfig  stm32f4xx_hal_rcc.o
    0x08004d3c   0x08004d3c   0x000000b4   Code   RO         6651    i.HAL_RTC_Init      stm32f4xx_hal_rtc.o
    0x08004df0   0x08004df0   0x0000003c   Code   RO          598    i.HAL_RTC_MspInit   rtc.o
    0x08004e2c   0x08004e2c   0x000000c0   Code   RO         6657    i.HAL_RTC_SetDate   stm32f4xx_hal_rtc.o
    0x08004eec   0x08004eec   0x000000ec   Code   RO         6658    i.HAL_RTC_SetTime   stm32f4xx_hal_rtc.o
    0x08004fd8   0x08004fd8   0x00000038   Code   RO         6659    i.HAL_RTC_WaitForSynchro  stm32f4xx_hal_rtc.o
    0x08005010   0x08005010   0x000000c8   Code   RO         7051    i.HAL_SPI_Init      stm32f4xx_hal_spi.o
    0x080050d8   0x080050d8   0x00000088   Code   RO          640    i.HAL_SPI_MspInit   spi.o
    0x08005160   0x08005160   0x00000002   Code   RO         4341    i.HAL_TIMEx_BreakCallback  stm32f4xx_hal_tim_ex.o
    0x08005162   0x08005162   0x00000002   Code   RO         4342    i.HAL_TIMEx_CommutCallback  stm32f4xx_hal_tim_ex.o
    0x08005164   0x08005164   0x000000b4   Code   RO         4360    i.HAL_TIMEx_MasterConfigSynchronization  stm32f4xx_hal_tim_ex.o
    0x08005218   0x08005218   0x00000066   Code   RO         3626    i.HAL_TIM_Base_Init  stm32f4xx_hal_tim.o
    0x0800527e   0x0800527e   0x00000002   PAD
    0x08005280   0x08005280   0x00000034   Code   RO          682    i.HAL_TIM_Base_MspInit  tim.o
    0x080052b4   0x080052b4   0x0000009c   Code   RO         3629    i.HAL_TIM_Base_Start  stm32f4xx_hal_tim.o
    0x08005350   0x08005350   0x000000a8   Code   RO         3631    i.HAL_TIM_Base_Start_IT  stm32f4xx_hal_tim.o
    0x080053f8   0x080053f8   0x0000010c   Code   RO         3635    i.HAL_TIM_ConfigClockSource  stm32f4xx_hal_tim.o
    0x08005504   0x08005504   0x00000002   Code   RO         3660    i.HAL_TIM_IC_CaptureCallback  stm32f4xx_hal_tim.o
    0x08005506   0x08005506   0x0000016c   Code   RO         3674    i.HAL_TIM_IRQHandler  stm32f4xx_hal_tim.o
    0x08005672   0x08005672   0x00000002   PAD
    0x08005674   0x08005674   0x00000084   Code   RO          683    i.HAL_TIM_MspPostInit  tim.o
    0x080056f8   0x080056f8   0x00000002   Code   RO         3677    i.HAL_TIM_OC_DelayElapsedCallback  stm32f4xx_hal_tim.o
    0x080056fa   0x080056fa   0x00000104   Code   RO         3698    i.HAL_TIM_PWM_ConfigChannel  stm32f4xx_hal_tim.o
    0x080057fe   0x080057fe   0x00000066   Code   RO         3701    i.HAL_TIM_PWM_Init  stm32f4xx_hal_tim.o
    0x08005864   0x08005864   0x00000002   Code   RO         3703    i.HAL_TIM_PWM_MspInit  stm32f4xx_hal_tim.o
    0x08005866   0x08005866   0x00000002   Code   RO         3704    i.HAL_TIM_PWM_PulseFinishedCallback  stm32f4xx_hal_tim.o
    0x08005868   0x08005868   0x0000010c   Code   RO         3706    i.HAL_TIM_PWM_Start  stm32f4xx_hal_tim.o
    0x08005974   0x08005974   0x00000018   Code   RO           14    i.HAL_TIM_PeriodElapsedCallback  main.o
    0x0800598c   0x0800598c   0x00000002   Code   RO         3717    i.HAL_TIM_TriggerCallback  stm32f4xx_hal_tim.o
    0x0800598e   0x0800598e   0x00000072   Code   RO         7372    i.HAL_UARTEx_ReceiveToIdle_DMA  stm32f4xx_hal_uart.o
    0x08005a00   0x08005a00   0x00000070   Code   RO         1685    i.HAL_UARTEx_RxEventCallback  bsp_usart.o
    0x08005a70   0x08005a70   0x00000002   Code   RO         7388    i.HAL_UART_ErrorCallback  stm32f4xx_hal_uart.o
    0x08005a72   0x08005a72   0x00000002   PAD
    0x08005a74   0x08005a74   0x000002e8   Code   RO         7391    i.HAL_UART_IRQHandler  stm32f4xx_hal_uart.o
    0x08005d5c   0x08005d5c   0x00000076   Code   RO         7392    i.HAL_UART_Init     stm32f4xx_hal_uart.o
    0x08005dd2   0x08005dd2   0x00000002   PAD
    0x08005dd4   0x08005dd4   0x00000328   Code   RO          730    i.HAL_UART_MspInit  usart.o
    0x080060fc   0x080060fc   0x0000002c   Code   RO         7396    i.HAL_UART_Receive_DMA  stm32f4xx_hal_uart.o
    0x08006128   0x08006128   0x00000028   Code   RO         1686    i.HAL_UART_RxCpltCallback  bsp_usart.o
    0x08006150   0x08006150   0x00000002   Code   RO         7399    i.HAL_UART_RxHalfCpltCallback  stm32f4xx_hal_uart.o
    0x08006152   0x08006152   0x00000002   Code   RO         7403    i.HAL_UART_TxCpltCallback  stm32f4xx_hal_uart.o
    0x08006154   0x08006154   0x00000004   Code   RO          795    i.HardFault_Handler  stm32f4xx_it.o
    0x08006158   0x08006158   0x0000003e   Code   RO         3243    i.IntToUnicode      usbd_desc.o
    0x08006196   0x08006196   0x00000002   PAD
    0x08006198   0x08006198   0x0000001c   Code   RO         1584    i.JudgeSystem_Handler  protocol_judgement.o
    0x080061b4   0x080061b4   0x00000014   Code   RO         1585    i.JudgeSystem_USART_Receive_DMA  protocol_judgement.o
    0x080061c8   0x080061c8   0x00000264   Code   RO         1586    i.Judge_GetMessage  protocol_judgement.o
    0x0800642c   0x0800642c   0x00000070   Code   RO         9739    i.JustFloat_Send    vofa.o
    0x0800649c   0x0800649c   0x00000042   Code   RO         1332    i.Linear_Quantization  fuzzypid.o
    0x080064de   0x080064de   0x0000001a   Code   RO         2429    i.M3508_Init        m3508_motor.o
    0x080064f8   0x080064f8   0x00000198   Code   RO         2430    i.M3508_getInfo     m3508_motor.o
    0x08006690   0x08006690   0x0000001e   Code   RO         2431    i.M3508_setCurrent  m3508_motor.o
    0x080066ae   0x080066ae   0x00000002   PAD
    0x080066b0   0x080066b0   0x00000024   Code   RO         2497    i.M6020_Init        m6020_motor.o
    0x080066d4   0x080066d4   0x00000018   Code   RO         2498    i.M6020_Reset       m6020_motor.o
    0x080066ec   0x080066ec   0x00000110   Code   RO         2499    i.M6020_getInfo     m6020_motor.o
    0x080067fc   0x080067fc   0x000000a8   Code   RO         2500    i.M6020_location_change  m6020_motor.o
    0x080068a4   0x080068a4   0x00000004   Code   RO         2501    i.M6020_setTargetAngle  m6020_motor.o
    0x080068a8   0x080068a8   0x0000001e   Code   RO         2502    i.M6020_setVoltage  m6020_motor.o
    0x080068c6   0x080068c6   0x00000002   PAD
    0x080068c8   0x080068c8   0x0000013c   Code   RO         2503    i.M6020_velocity_change  m6020_motor.o
    0x08006a04   0x08006a04   0x00000044   Code   RO          526    i.MX_CAN1_Init      can.o
    0x08006a48   0x08006a48   0x00000044   Code   RO          527    i.MX_CAN2_Init      can.o
    0x08006a8c   0x08006a8c   0x00000098   Code   RO          573    i.MX_DMA_Init       dma.o
    0x08006b24   0x08006b24   0x00000188   Code   RO          310    i.MX_FREERTOS_Init  freertos.o
    0x08006cac   0x08006cac   0x0000011c   Code   RO          500    i.MX_GPIO_Init      gpio.o
    0x08006dc8   0x08006dc8   0x00000088   Code   RO          599    i.MX_RTC_Init       rtc.o
    0x08006e50   0x08006e50   0x0000004c   Code   RO          641    i.MX_SPI2_Init      spi.o
    0x08006e9c   0x08006e9c   0x000000c4   Code   RO          684    i.MX_TIM5_Init      tim.o
    0x08006f60   0x08006f60   0x00000038   Code   RO          731    i.MX_USART1_UART_Init  usart.o
    0x08006f98   0x08006f98   0x00000040   Code   RO          732    i.MX_USART3_UART_Init  usart.o
    0x08006fd8   0x08006fd8   0x00000038   Code   RO          733    i.MX_USART6_UART_Init  usart.o
    0x08007010   0x08007010   0x00000054   Code   RO         3211    i.MX_USB_DEVICE_Init  usb_device.o
    0x08007064   0x08007064   0x00000004   Code   RO          796    i.MemManage_Handler  stm32f4xx_it.o
    0x08007068   0x08007068   0x00000178   Code   RO         1333    i.Membership_Calc   fuzzypid.o
    0x080071e0   0x080071e0   0x00000004   Code   RO          797    i.NMI_Handler       stm32f4xx_it.o
    0x080071e4   0x080071e4   0x00000010   Code   RO          798    i.OTG_FS_IRQHandler  stm32f4xx_it.o
    0x080071f4   0x080071f4   0x00000044   Code   RO         3114    i.Off_Line_Check    task_offlinecheck.o
    0x08007238   0x08007238   0x00000040   Code   RO         1085    i.One_Kalman_Create  kalman_filter.o
    0x08007278   0x08007278   0x00000086   Code   RO         1086    i.One_Kalman_Filter  kalman_filter.o
    0x080072fe   0x080072fe   0x00000002   PAD
    0x08007300   0x08007300   0x00000064   Code   RO         4643    i.PCD_EP_OutSetupPacket_int  stm32f4xx_hal_pcd.o
    0x08007364   0x08007364   0x00000144   Code   RO         4644    i.PCD_EP_OutXfrComplete_int  stm32f4xx_hal_pcd.o
    0x080074a8   0x080074a8   0x000000b6   Code   RO         4645    i.PCD_WriteEmptyTxFifo  stm32f4xx_hal_pcd.o
    0x0800755e   0x0800755e   0x00000002   PAD
    0x08007560   0x08007560   0x00000018   Code   RO         2694    i.PID_Clear_Yaw     cloud_control.o
    0x08007578   0x08007578   0x000000ee   Code   RO         1138    i.Position_PID      pid.o
    0x08007666   0x08007666   0x00000002   PAD
    0x08007668   0x08007668   0x00000074   Code   RO         1139    i.Position_PIDInit  pid.o
    0x080076dc   0x080076dc   0x00000140   Code   RO         1140    i.Position_PID_Yaw  pid.o
    0x0800781c   0x0800781c   0x00000050   Code   RO         2798    i.PowerControl_MsgRec  powercontrol.o
    0x0800786c   0x0800786c   0x00000058   Code   RO         2799    i.PowerControl_MsgSend  powercontrol.o
    0x080078c4   0x080078c4   0x0000000c   Code   RO         2050    i.R4                saber_c3.o
    0x080078d0   0x080078d0   0x0000001a   Code   RO         6661    i.RTC_ByteToBcd2    stm32f4xx_hal_rtc.o
    0x080078ea   0x080078ea   0x0000004a   Code   RO         6662    i.RTC_EnterInitMode  stm32f4xx_hal_rtc.o
    0x08007934   0x08007934   0x0000002e   Code   RO         6663    i.RTC_ExitInitMode  stm32f4xx_hal_rtc.o
    0x08007962   0x08007962   0x00000002   PAD
    0x08007964   0x08007964   0x00000040   Code   RO         3048    i.Robot_Control     task_robotcontrol.o
    0x080079a4   0x080079a4   0x0000009c   Code   RO         2051    i.Saber_Cheak       saber_c3.o
    0x08007a40   0x08007a40   0x00000018   Code   RO         2052    i.Saber_Init        saber_c3.o
    0x08007a58   0x08007a58   0x0000009c   Code   RO         2053    i.Saber_Read        saber_c3.o
    0x08007af4   0x08007af4   0x00000124   Code   RO         2841    i.Set_Chassis_Speed_From_UpperCom  steer_omni_chassis.o
    0x08007c18   0x08007c18   0x0000000a   Code   RO          311    i.StartDefaultTask  freertos.o
    0x08007c22   0x08007c22   0x00000002   PAD
    0x08007c24   0x08007c24   0x00000190   Code   RO         2842    i.Steer_Omni_Chassis_Out  steer_omni_chassis.o
    0x08007db4   0x08007db4   0x00000020   Code   RO         2843    i.Steer_Omni_GetAngle  steer_omni_chassis.o
    0x08007dd4   0x08007dd4   0x00000034   Code   RO         9560    i.SysTick_Handler   port.o
    0x08007e08   0x08007e08   0x000000b8   Code   RO           15    i.SystemClock_Config  main.o
    0x08007ec0   0x08007ec0   0x00000014   Code   RO         3588    i.SystemInit        system_stm32f4xx.o
    0x08007ed4   0x08007ed4   0x00000010   Code   RO          799    i.TIM1_UP_TIM10_IRQHandler  stm32f4xx_it.o
    0x08007ee4   0x08007ee4   0x000000e8   Code   RO         3719    i.TIM_Base_SetConfig  stm32f4xx_hal_tim.o
    0x08007fcc   0x08007fcc   0x00000022   Code   RO         3720    i.TIM_CCxChannelCmd  stm32f4xx_hal_tim.o
    0x08007fee   0x08007fee   0x00000016   Code   RO         3730    i.TIM_ETR_SetConfig  stm32f4xx_hal_tim.o
    0x08008004   0x08008004   0x00000012   Code   RO         3731    i.TIM_ITRx_SetConfig  stm32f4xx_hal_tim.o
    0x08008016   0x08008016   0x00000002   PAD
    0x08008018   0x08008018   0x00000070   Code   RO         3732    i.TIM_OC1_SetConfig  stm32f4xx_hal_tim.o
    0x08008088   0x08008088   0x0000007c   Code   RO         3733    i.TIM_OC2_SetConfig  stm32f4xx_hal_tim.o
    0x08008104   0x08008104   0x00000078   Code   RO         3734    i.TIM_OC3_SetConfig  stm32f4xx_hal_tim.o
    0x0800817c   0x0800817c   0x00000054   Code   RO         3735    i.TIM_OC4_SetConfig  stm32f4xx_hal_tim.o
    0x080081d0   0x080081d0   0x00000026   Code   RO         3737    i.TIM_TI1_ConfigInputStage  stm32f4xx_hal_tim.o
    0x080081f6   0x080081f6   0x00000028   Code   RO         3739    i.TIM_TI2_ConfigInputStage  stm32f4xx_hal_tim.o
    0x0800821e   0x0800821e   0x00000014   Code   RO         7405    i.UART_DMAAbortOnError  stm32f4xx_hal_uart.o
    0x08008232   0x08008232   0x00000050   Code   RO         7406    i.UART_DMAError     stm32f4xx_hal_uart.o
    0x08008282   0x08008282   0x000000b4   Code   RO         7407    i.UART_DMAReceiveCplt  stm32f4xx_hal_uart.o
    0x08008336   0x08008336   0x00000024   Code   RO         7409    i.UART_DMARxHalfCplt  stm32f4xx_hal_uart.o
    0x0800835a   0x0800835a   0x0000006c   Code   RO         7415    i.UART_EndRxTransfer  stm32f4xx_hal_uart.o
    0x080083c6   0x080083c6   0x00000020   Code   RO         7416    i.UART_EndTransmit_IT  stm32f4xx_hal_uart.o
    0x080083e6   0x080083e6   0x00000026   Code   RO         7417    i.UART_EndTxTransfer  stm32f4xx_hal_uart.o
    0x0800840c   0x0800840c   0x000000fc   Code   RO         7418    i.UART_Receive_IT   stm32f4xx_hal_uart.o
    0x08008508   0x08008508   0x0000022c   Code   RO         7419    i.UART_SetConfig    stm32f4xx_hal_uart.o
    0x08008734   0x08008734   0x000000c8   Code   RO         7420    i.UART_Start_Receive_DMA  stm32f4xx_hal_uart.o
    0x080087fc   0x080087fc   0x00000060   Code   RO         7422    i.UART_Transmit_IT  stm32f4xx_hal_uart.o
    0x0800885c   0x0800885c   0x00000010   Code   RO          800    i.USART6_IRQHandler  stm32f4xx_it.o
    0x0800886c   0x0800886c   0x00000020   Code   RO         3174    i.USBCommunicateTask_Receive  task_communicatewithpc.o
    0x0800888c   0x0800888c   0x00000010   Code   RO         3175    i.USBCommunicateTask_Send  task_communicatewithpc.o
    0x0800889c   0x0800889c   0x00000078   Code   RO         8055    i.USBD_CDC_DataIn   usbd_cdc.o
    0x08008914   0x08008914   0x0000003e   Code   RO         8056    i.USBD_CDC_DataOut  usbd_cdc.o
    0x08008952   0x08008952   0x00000002   PAD
    0x08008954   0x08008954   0x00000094   Code   RO         8057    i.USBD_CDC_DeInit   usbd_cdc.o
    0x080089e8   0x080089e8   0x00000038   Code   RO         8058    i.USBD_CDC_EP0_RxReady  usbd_cdc.o
    0x08008a20   0x08008a20   0x0000000c   Code   RO         8059    i.USBD_CDC_GetDeviceQualifierDescriptor  usbd_cdc.o
    0x08008a2c   0x08008a2c   0x0000003c   Code   RO         8060    i.USBD_CDC_GetFSCfgDesc  usbd_cdc.o
    0x08008a68   0x08008a68   0x00000040   Code   RO         8061    i.USBD_CDC_GetHSCfgDesc  usbd_cdc.o
    0x08008aa8   0x08008aa8   0x0000003c   Code   RO         8062    i.USBD_CDC_GetOtherSpeedCfgDesc  usbd_cdc.o
    0x08008ae4   0x08008ae4   0x00000160   Code   RO         8063    i.USBD_CDC_Init     usbd_cdc.o
    0x08008c44   0x08008c44   0x00000048   Code   RO         8064    i.USBD_CDC_ReceivePacket  usbd_cdc.o
    0x08008c8c   0x08008c8c   0x00000018   Code   RO         8065    i.USBD_CDC_RegisterInterface  usbd_cdc.o
    0x08008ca4   0x08008ca4   0x0000001c   Code   RO         8066    i.USBD_CDC_SetRxBuffer  usbd_cdc.o
    0x08008cc0   0x08008cc0   0x00000020   Code   RO         8067    i.USBD_CDC_SetTxBuffer  usbd_cdc.o
    0x08008ce0   0x08008ce0   0x00000110   Code   RO         8068    i.USBD_CDC_Setup    usbd_cdc.o
    0x08008df0   0x08008df0   0x00000054   Code   RO         8069    i.USBD_CDC_TransmitPacket  usbd_cdc.o
    0x08008e44   0x08008e44   0x00000014   Code   RO         7735    i.USBD_ClrClassConfig  usbd_core.o
    0x08008e58   0x08008e58   0x00000026   Code   RO         7897    i.USBD_ClrFeature   usbd_ctlreq.o
    0x08008e7e   0x08008e7e   0x00000004   Code   RO         7736    i.USBD_CoreFindEP   usbd_core.o
    0x08008e82   0x08008e82   0x00000004   Code   RO         7737    i.USBD_CoreFindIF   usbd_core.o
    0x08008e86   0x08008e86   0x00000010   Code   RO         7995    i.USBD_CtlContinueRx  usbd_ioreq.o
    0x08008e96   0x08008e96   0x00000010   Code   RO         7996    i.USBD_CtlContinueSendData  usbd_ioreq.o
    0x08008ea6   0x08008ea6   0x00000018   Code   RO         7898    i.USBD_CtlError     usbd_ctlreq.o
    0x08008ebe   0x08008ebe   0x0000001e   Code   RO         7997    i.USBD_CtlPrepareRx  usbd_ioreq.o
    0x08008edc   0x08008edc   0x00000016   Code   RO         7998    i.USBD_CtlReceiveStatus  usbd_ioreq.o
    0x08008ef2   0x08008ef2   0x0000001a   Code   RO         7999    i.USBD_CtlSendData  usbd_ioreq.o
    0x08008f0c   0x08008f0c   0x00000016   Code   RO         8000    i.USBD_CtlSendStatus  usbd_ioreq.o
    0x08008f22   0x08008f22   0x00000002   PAD
    0x08008f24   0x08008f24   0x00000030   Code   RO         3244    i.USBD_FS_ConfigStrDescriptor  usbd_desc.o
    0x08008f54   0x08008f54   0x0000000c   Code   RO         3245    i.USBD_FS_DeviceDescriptor  usbd_desc.o
    0x08008f60   0x08008f60   0x00000034   Code   RO         3246    i.USBD_FS_InterfaceStrDescriptor  usbd_desc.o
    0x08008f94   0x08008f94   0x0000000c   Code   RO         3247    i.USBD_FS_LangIDStrDescriptor  usbd_desc.o
    0x08008fa0   0x08008fa0   0x00000028   Code   RO         3248    i.USBD_FS_ManufacturerStrDescriptor  usbd_desc.o
    0x08008fc8   0x08008fc8   0x0000003c   Code   RO         3249    i.USBD_FS_ProductStrDescriptor  usbd_desc.o
    0x08009004   0x08009004   0x00000014   Code   RO         3250    i.USBD_FS_SerialStrDescriptor  usbd_desc.o
    0x08009018   0x08009018   0x00000034   Code   RO         7899    i.USBD_GetConfig    usbd_ctlreq.o
    0x0800904c   0x0800904c   0x000001b4   Code   RO         7900    i.USBD_GetDescriptor  usbd_ctlreq.o
    0x08009200   0x08009200   0x0000003c   Code   RO         7739    i.USBD_GetEpDesc    usbd_core.o
    0x0800923c   0x0800923c   0x00000018   Code   RO         7901    i.USBD_GetLen       usbd_ctlreq.o
    0x08009254   0x08009254   0x0000000e   Code   RO         7740    i.USBD_GetNextDesc  usbd_core.o
    0x08009262   0x08009262   0x00000036   Code   RO         7902    i.USBD_GetStatus    usbd_ctlreq.o
    0x08009298   0x08009298   0x00000058   Code   RO         7903    i.USBD_GetString    usbd_ctlreq.o
    0x080092f0   0x080092f0   0x00000024   Code   RO         3393    i.USBD_Get_USB_Status  usbd_conf.o
    0x08009314   0x08009314   0x00000028   Code   RO         7741    i.USBD_Init         usbd_core.o
    0x0800933c   0x0800933c   0x00000012   Code   RO         3394    i.USBD_LL_ClearStallEP  usbd_conf.o
    0x0800934e   0x0800934e   0x00000012   Code   RO         3395    i.USBD_LL_CloseEP   usbd_conf.o
    0x08009360   0x08009360   0x000000dc   Code   RO         7742    i.USBD_LL_DataInStage  usbd_core.o
    0x0800943c   0x0800943c   0x000000d0   Code   RO         7743    i.USBD_LL_DataOutStage  usbd_core.o
    0x0800950c   0x0800950c   0x00000004   Code   RO         7744    i.USBD_LL_DevConnected  usbd_core.o
    0x08009510   0x08009510   0x00000020   Code   RO         7745    i.USBD_LL_DevDisconnected  usbd_core.o
    0x08009530   0x08009530   0x00000008   Code   RO         3399    i.USBD_LL_GetRxDataSize  usbd_conf.o
    0x08009538   0x08009538   0x00000060   Code   RO         3400    i.USBD_LL_Init      usbd_conf.o
    0x08009598   0x08009598   0x00000020   Code   RO         3401    i.USBD_LL_IsStallEP  usbd_conf.o
    0x080095b8   0x080095b8   0x0000002a   Code   RO         7746    i.USBD_LL_IsoINIncomplete  usbd_core.o
    0x080095e2   0x080095e2   0x0000002a   Code   RO         7747    i.USBD_LL_IsoOUTIncomplete  usbd_core.o
    0x0800960c   0x0800960c   0x00000018   Code   RO         3402    i.USBD_LL_OpenEP    usbd_conf.o
    0x08009624   0x08009624   0x00000012   Code   RO         3403    i.USBD_LL_PrepareReceive  usbd_conf.o
    0x08009636   0x08009636   0x00000060   Code   RO         7748    i.USBD_LL_Reset     usbd_core.o
    0x08009696   0x08009696   0x00000014   Code   RO         7749    i.USBD_LL_Resume    usbd_core.o
    0x080096aa   0x080096aa   0x0000001a   Code   RO         7750    i.USBD_LL_SOF       usbd_core.o
    0x080096c4   0x080096c4   0x00000006   Code   RO         7751    i.USBD_LL_SetSpeed  usbd_core.o
    0x080096ca   0x080096ca   0x00000012   Code   RO         3404    i.USBD_LL_SetUSBAddress  usbd_conf.o
    0x080096dc   0x080096dc   0x00000064   Code   RO         7752    i.USBD_LL_SetupStage  usbd_core.o
    0x08009740   0x08009740   0x00000012   Code   RO         3405    i.USBD_LL_StallEP   usbd_conf.o
    0x08009752   0x08009752   0x00000012   Code   RO         3406    i.USBD_LL_Start     usbd_conf.o
    0x08009764   0x08009764   0x0000001a   Code   RO         7753    i.USBD_LL_Suspend   usbd_core.o
    0x0800977e   0x0800977e   0x00000012   Code   RO         3408    i.USBD_LL_Transmit  usbd_conf.o
    0x08009790   0x08009790   0x00000032   Code   RO         7904    i.USBD_ParseSetupRequest  usbd_ctlreq.o
    0x080097c2   0x080097c2   0x0000003a   Code   RO         7754    i.USBD_RegisterClass  usbd_core.o
    0x080097fc   0x080097fc   0x00000004   Code   RO         7755    i.USBD_RunTestMode  usbd_core.o
    0x08009800   0x08009800   0x00000058   Code   RO         7905    i.USBD_SetAddress   usbd_ctlreq.o
    0x08009858   0x08009858   0x00000014   Code   RO         7756    i.USBD_SetClassConfig  usbd_core.o
    0x0800986c   0x0800986c   0x000000dc   Code   RO         7906    i.USBD_SetConfig    usbd_ctlreq.o
    0x08009948   0x08009948   0x00000024   Code   RO         7907    i.USBD_SetFeature   usbd_ctlreq.o
    0x0800996c   0x0800996c   0x00000004   Code   RO         7757    i.USBD_Start        usbd_core.o
    0x08009970   0x08009970   0x00000076   Code   RO         7908    i.USBD_StdDevReq    usbd_ctlreq.o
    0x080099e6   0x080099e6   0x0000022e   Code   RO         7909    i.USBD_StdEPReq     usbd_ctlreq.o
    0x08009c14   0x08009c14   0x0000008e   Code   RO         7910    i.USBD_StdItfReq    usbd_ctlreq.o
    0x08009ca2   0x08009ca2   0x00000002   Code   RO         3409    i.USBD_static_free  usbd_conf.o
    0x08009ca4   0x08009ca4   0x00000008   Code   RO         3410    i.USBD_static_malloc  usbd_conf.o
    0x08009cac   0x08009cac   0x000000d0   Code   RO         4894    i.USB_ActivateEndpoint  stm32f4xx_ll_usb.o
    0x08009d7c   0x08009d7c   0x00000028   Code   RO         4896    i.USB_ActivateSetup  stm32f4xx_ll_usb.o
    0x08009da4   0x08009da4   0x0000008c   Code   RO         4898    i.USB_CoreInit      stm32f4xx_ll_usb.o
    0x08009e30   0x08009e30   0x00000054   Code   RO         4899    i.USB_CoreReset     stm32f4xx_ll_usb.o
    0x08009e84   0x08009e84   0x0000014c   Code   RO         4902    i.USB_DeactivateEndpoint  stm32f4xx_ll_usb.o
    0x08009fd0   0x08009fd0   0x00000024   Code   RO         4903    i.USB_DevConnect    stm32f4xx_ll_usb.o
    0x08009ff4   0x08009ff4   0x00000024   Code   RO         4904    i.USB_DevDisconnect  stm32f4xx_ll_usb.o
    0x0800a018   0x0800a018   0x000001e8   Code   RO         4905    i.USB_DevInit       stm32f4xx_ll_usb.o
    0x0800a200   0x0800a200   0x0000000e   Code   RO         4906    i.USB_DisableGlobalInt  stm32f4xx_ll_usb.o
    0x0800a20e   0x0800a20e   0x00000002   PAD
    0x0800a210   0x0800a210   0x00000070   Code   RO         4909    i.USB_EP0_OutStart  stm32f4xx_ll_usb.o
    0x0800a280   0x0800a280   0x0000008e   Code   RO         4910    i.USB_EPClearStall  stm32f4xx_ll_usb.o
    0x0800a30e   0x0800a30e   0x0000009a   Code   RO         4911    i.USB_EPSetStall    stm32f4xx_ll_usb.o
    0x0800a3a8   0x0800a3a8   0x000003c0   Code   RO         4912    i.USB_EPStartXfer   stm32f4xx_ll_usb.o
    0x0800a768   0x0800a768   0x000000ec   Code   RO         4913    i.USB_EPStopXfer    stm32f4xx_ll_usb.o
    0x0800a854   0x0800a854   0x0000000e   Code   RO         4914    i.USB_EnableGlobalInt  stm32f4xx_ll_usb.o
    0x0800a862   0x0800a862   0x00000050   Code   RO         4915    i.USB_FlushRxFifo   stm32f4xx_ll_usb.o
    0x0800a8b2   0x0800a8b2   0x00000054   Code   RO         4916    i.USB_FlushTxFifo   stm32f4xx_ll_usb.o
    0x0800a906   0x0800a906   0x00000026   Code   RO         4918    i.USB_GetDevSpeed   stm32f4xx_ll_usb.o
    0x0800a92c   0x0800a92c   0x0000000a   Code   RO         4920    i.USB_GetMode       stm32f4xx_ll_usb.o
    0x0800a936   0x0800a936   0x00000014   Code   RO         4928    i.USB_ReadDevAllInEpInterrupt  stm32f4xx_ll_usb.o
    0x0800a94a   0x0800a94a   0x00000014   Code   RO         4929    i.USB_ReadDevAllOutEpInterrupt  stm32f4xx_ll_usb.o
    0x0800a95e   0x0800a95e   0x00000032   Code   RO         4930    i.USB_ReadDevInEPInterrupt  stm32f4xx_ll_usb.o
    0x0800a990   0x0800a990   0x0000001a   Code   RO         4931    i.USB_ReadDevOutEPInterrupt  stm32f4xx_ll_usb.o
    0x0800a9aa   0x0800a9aa   0x0000000a   Code   RO         4932    i.USB_ReadInterrupts  stm32f4xx_ll_usb.o
    0x0800a9b4   0x0800a9b4   0x00000060   Code   RO         4933    i.USB_ReadPacket    stm32f4xx_ll_usb.o
    0x0800aa14   0x0800aa14   0x00000068   Code   RO         4935    i.USB_SetCurrentMode  stm32f4xx_ll_usb.o
    0x0800aa7c   0x0800aa7c   0x0000002a   Code   RO         4936    i.USB_SetDevAddress  stm32f4xx_ll_usb.o
    0x0800aaa6   0x0800aaa6   0x00000012   Code   RO         4937    i.USB_SetDevSpeed   stm32f4xx_ll_usb.o
    0x0800aab8   0x0800aab8   0x000000e8   Code   RO         4938    i.USB_SetTurnaroundTime  stm32f4xx_ll_usb.o
    0x0800aba0   0x0800aba0   0x00000044   Code   RO         4941    i.USB_WritePacket   stm32f4xx_ll_usb.o
    0x0800abe4   0x0800abe4   0x000000a4   Code   RO         1463    i.UpperCom_Receive_From_Up  protocol_uppercomputer.o
    0x0800ac88   0x0800ac88   0x00000088   Code   RO         1464    i.UpperCom_Send_To_Up  protocol_uppercomputer.o
    0x0800ad10   0x0800ad10   0x00000004   Code   RO          801    i.UsageFault_Handler  stm32f4xx_it.o
    0x0800ad14   0x0800ad14   0x00000018   Code   RO         1687    i.Usart_DMA_Receive_Init  bsp_usart.o
    0x0800ad2c   0x0800ad2c   0x00000040   Code   RO         1521    i.Verify_CRC16_Check_Sum  crc.o
    0x0800ad6c   0x0800ad6c   0x0000002e   Code   RO         1522    i.Verify_CRC8_Check_Sum  crc.o
    0x0800ad9a   0x0800ad9a   0x00000002   PAD
    0x0800ad9c   0x0800ad9c   0x00000034   Code   RO         3141    i.Vofa_Assist       task_vofa.o
    0x0800add0   0x0800add0   0x00000030   Code   RO        10070    i.__ARM_fpclassify  m_wm.l(fpclassify.o)
    0x0800ae00   0x0800ae00   0x00000010   Code   RO         6009    i.__NVIC_GetPriorityGrouping  stm32f4xx_hal_cortex.o
    0x0800ae10   0x0800ae10   0x00000028   Code   RO         6010    i.__NVIC_SetPriority  stm32f4xx_hal_cortex.o
    0x0800ae38   0x0800ae38   0x000002d8   Code   RO        10039    i.__hardfp_atan     m_wm.l(atan.o)
    0x0800b110   0x0800b110   0x000001f0   Code   RO         9932    i.__hardfp_atan2    m_wm.l(atan2.o)
    0x0800b300   0x0800b300   0x000000c8   Code   RO         9944    i.__hardfp_cos      m_wm.l(cos.o)
    0x0800b3c8   0x0800b3c8   0x00000014   Code   RO         9956    i.__hardfp_fabs     m_wm.l(fabs.o)
    0x0800b3dc   0x0800b3dc   0x00000004   PAD
    0x0800b3e0   0x0800b3e0   0x00000c50   Code   RO         9962    i.__hardfp_pow      m_wm.l(pow.o)
    0x0800c030   0x0800c030   0x000000c8   Code   RO         9976    i.__hardfp_sin      m_wm.l(sin.o)
    0x0800c0f8   0x0800c0f8   0x0000007a   Code   RO         9988    i.__hardfp_sqrt     m_wm.l(sqrt.o)
    0x0800c172   0x0800c172   0x00000006   PAD
    0x0800c178   0x0800c178   0x00000438   Code   RO        10075    i.__ieee754_rem_pio2  m_wm.l(rred.o)
    0x0800c5b0   0x0800c5b0   0x00000170   Code   RO        10053    i.__kernel_cos      m_wm.l(cos_i.o)
    0x0800c720   0x0800c720   0x000000f8   Code   RO        10072    i.__kernel_poly     m_wm.l(poly.o)
    0x0800c818   0x0800c818   0x00000130   Code   RO        10080    i.__kernel_sin      m_wm.l(sin_i.o)
    0x0800c948   0x0800c948   0x00000030   Code   RO        10056    i.__mathlib_dbl_divzero  m_wm.l(dunder.o)
    0x0800c978   0x0800c978   0x00000014   Code   RO        10057    i.__mathlib_dbl_infnan  m_wm.l(dunder.o)
    0x0800c98c   0x0800c98c   0x00000014   Code   RO        10058    i.__mathlib_dbl_infnan2  m_wm.l(dunder.o)
    0x0800c9a0   0x0800c9a0   0x00000020   Code   RO        10059    i.__mathlib_dbl_invalid  m_wm.l(dunder.o)
    0x0800c9c0   0x0800c9c0   0x00000020   Code   RO        10060    i.__mathlib_dbl_overflow  m_wm.l(dunder.o)
    0x0800c9e0   0x0800c9e0   0x00000020   Code   RO        10062    i.__mathlib_dbl_underflow  m_wm.l(dunder.o)
    0x0800ca00   0x0800ca00   0x00000068   Code   RO         1839    i.aRGB_led_show     bsp_led.o
    0x0800ca68   0x0800ca68   0x0000002e   Code   RO         1141    i.abs_limit         pid.o
    0x0800ca96   0x0800ca96   0x00000010   Code   RO        10041    i.atan              m_wm.l(atan.o)
    0x0800caa6   0x0800caa6   0x00000002   PAD
    0x0800caa8   0x0800caa8   0x00000098   Code   RO         2695    i.chassis_follow_mode_cloud  cloud_control.o
    0x0800cb40   0x0800cb40   0x000000b0   Code   RO         2845    i.chassis_target_calc  steer_omni_chassis.o
    0x0800cbf0   0x0800cbf0   0x00000028   Code   RO         2846    i.choose_UpperComorDT7  steer_omni_chassis.o
    0x0800cc18   0x0800cc18   0x00000084   Code   RO         2847    i.cloud_follow_mode_chassis  steer_omni_chassis.o
    0x0800cc9c   0x0800cc9c   0x00000030   Code   RO         1729    i.delay_init        bsp_delay.o
    0x0800cccc   0x0800cccc   0x00000510   Code   RO         2848    i.direction_motor_angle_set  steer_omni_chassis.o
    0x0800d1dc   0x0800d1dc   0x00000018   Code   RO         9958    i.fabs              m_wm.l(fabs.o)
    0x0800d1f4   0x0800d1f4   0x00000032   Code   RO         2616    i.float_to_uint     dm_motor.o
    0x0800d226   0x0800d226   0x0000001e   Code   RO         9740    i.float_turn_u8     vofa.o
    0x0800d244   0x0800d244   0x000001a8   Code   RO         3006    i.led_RGB_flow_task  task_led.o
    0x0800d3ec   0x0800d3ec   0x00000048   Code   RO           16    i.main              main.o
    0x0800d434   0x0800d434   0x0000000e   Code   RO         9137    i.makeFreeRtosPriority  cmsis_os.o
    0x0800d442   0x0800d442   0x00000002   PAD
    0x0800d444   0x0800d444   0x00000590   Code   RO         2435    i.motor_velocity_change  m3508_motor.o
    0x0800d9d4   0x0800d9d4   0x000003ec   Code   RO         2849    i.move_motor_speed_set  steer_omni_chassis.o
    0x0800ddc0   0x0800ddc0   0x00000018   Code   RO         9139    i.osDelay           cmsis_os.o
    0x0800ddd8   0x0800ddd8   0x0000000a   Code   RO         9142    i.osKernelStart     cmsis_os.o
    0x0800dde2   0x0800dde2   0x0000005e   Code   RO         9176    i.osThreadCreate    cmsis_os.o
    0x0800de40   0x0800de40   0x00000098   Code   RO         8639    i.prvAddCurrentTaskToDelayedList  tasks.o
    0x0800ded8   0x0800ded8   0x000000b4   Code   RO         8640    i.prvAddNewTaskToReadyList  tasks.o
    0x0800df8c   0x0800df8c   0x00000074   Code   RO         8981    i.prvCheckForValidListAndQueue  timers.o
    0x0800e000   0x0800e000   0x00000048   Code   RO         8641    i.prvCheckTasksWaitingTermination  tasks.o
    0x0800e048   0x0800e048   0x0000002a   Code   RO         8302    i.prvCopyDataFromQueue  queue.o
    0x0800e072   0x0800e072   0x0000007e   Code   RO         8303    i.prvCopyDataToQueue  queue.o
    0x0800e0f0   0x0800e0f0   0x00000050   Code   RO         8642    i.prvDeleteTCB      tasks.o
    0x0800e140   0x0800e140   0x00000028   Code   RO         8982    i.prvGetNextExpireTime  timers.o
    0x0800e168   0x0800e168   0x0000007c   Code   RO         9504    i.prvHeapInit       heap_4.o
    0x0800e1e4   0x0800e1e4   0x00000028   Code   RO         8643    i.prvIdleTask       tasks.o
    0x0800e20c   0x0800e20c   0x00000026   Code   RO         8306    i.prvInitialiseNewQueue  queue.o
    0x0800e232   0x0800e232   0x000000b4   Code   RO         8644    i.prvInitialiseNewTask  tasks.o
    0x0800e2e6   0x0800e2e6   0x00000002   PAD
    0x0800e2e8   0x0800e2e8   0x00000068   Code   RO         8645    i.prvInitialiseTaskLists  tasks.o
    0x0800e350   0x0800e350   0x00000068   Code   RO         9505    i.prvInsertBlockIntoFreeList  heap_4.o
    0x0800e3b8   0x0800e3b8   0x00000058   Code   RO         8984    i.prvInsertTimerInActiveList  timers.o
    0x0800e410   0x0800e410   0x0000001a   Code   RO         8307    i.prvIsQueueEmpty   queue.o
    0x0800e42a   0x0800e42a   0x0000001e   Code   RO         8308    i.prvIsQueueFull    queue.o
    0x0800e448   0x0800e448   0x00000074   Code   RO         8985    i.prvProcessExpiredTimer  timers.o
    0x0800e4bc   0x0800e4bc   0x00000138   Code   RO         8986    i.prvProcessReceivedCommands  timers.o
    0x0800e5f4   0x0800e5f4   0x00000074   Code   RO         8987    i.prvProcessTimerOrBlockTask  timers.o
    0x0800e668   0x0800e668   0x00000034   Code   RO         8646    i.prvResetNextTaskUnblockTime  tasks.o
    0x0800e69c   0x0800e69c   0x0000002c   Code   RO         8988    i.prvSampleTimeNow  timers.o
    0x0800e6c8   0x0800e6c8   0x000000a4   Code   RO         8989    i.prvSwitchTimerLists  timers.o
    0x0800e76c   0x0800e76c   0x00000040   Code   RO         9561    i.prvTaskExitError  port.o
    0x0800e7ac   0x0800e7ac   0x0000001a   Code   RO         8990    i.prvTimerTask      timers.o
    0x0800e7c6   0x0800e7c6   0x0000007e   Code   RO         8309    i.prvUnlockQueue    queue.o
    0x0800e844   0x0800e844   0x0000014c   Code   RO         9506    i.pvPortMalloc      heap_4.o
    0x0800e990   0x0800e990   0x0000002c   Code   RO         9562    i.pxPortInitialiseStack  port.o
    0x0800e9bc   0x0800e9bc   0x000000f2   Code   RO         1142    i.speed_angle_limit_pid  pid.o
    0x0800eaae   0x0800eaae   0x0000006e   Code   RO         9990    i.sqrt              m_wm.l(sqrt.o)
    0x0800eb1c   0x0800eb1c   0x00000034   Code   RO         2617    i.uint_to_float     dm_motor.o
    0x0800eb50   0x0800eb50   0x00000028   Code   RO         8262    i.uxListRemove      list.o
    0x0800eb78   0x0800eb78   0x00000018   Code   RO          312    i.vApplicationGetIdleTaskMemory  freertos.o
    0x0800eb90   0x0800eb90   0x00000018   Code   RO          313    i.vApplicationGetTimerTaskMemory  freertos.o
    0x0800eba8   0x0800eba8   0x0000001a   Code   RO         8263    i.vListInitialise   list.o
    0x0800ebc2   0x0800ebc2   0x00000006   Code   RO         8264    i.vListInitialiseItem  list.o
    0x0800ebc8   0x0800ebc8   0x00000034   Code   RO         8265    i.vListInsert       list.o
    0x0800ebfc   0x0800ebfc   0x00000018   Code   RO         8266    i.vListInsertEnd    list.o
    0x0800ec14   0x0800ec14   0x00000054   Code   RO         9564    i.vPortEnterCritical  port.o
    0x0800ec68   0x0800ec68   0x0000003c   Code   RO         9565    i.vPortExitCritical  port.o
    0x0800eca4   0x0800eca4   0x000000a4   Code   RO         9507    i.vPortFree         heap_4.o
    0x0800ed48   0x0800ed48   0x00000028   Code   RO         9566    i.vPortSetupTimerInterrupt  port.o
    0x0800ed70   0x0800ed70   0x00000078   Code   RO         9567    i.vPortValidateInterruptPriority  port.o
    0x0800ede8   0x0800ede8   0x0000002c   Code   RO         8313    i.vQueueAddToRegistry  queue.o
    0x0800ee14   0x0800ee14   0x0000004a   Code   RO         8316    i.vQueueWaitForMessageRestricted  queue.o
    0x0800ee5e   0x0800ee5e   0x00000002   PAD
    0x0800ee60   0x0800ee60   0x0000005c   Code   RO         8656    i.vTaskDelay        tasks.o
    0x0800eebc   0x0800eebc   0x000000d4   Code   RO         8657    i.vTaskDelayUntil   tasks.o
    0x0800ef90   0x0800ef90   0x000000f4   Code   RO         8658    i.vTaskDelete       tasks.o
    0x0800f084   0x0800f084   0x00000018   Code   RO         8660    i.vTaskInternalSetTimeOutState  tasks.o
    0x0800f09c   0x0800f09c   0x0000000c   Code   RO         8661    i.vTaskMissedYield  tasks.o
    0x0800f0a8   0x0800f0a8   0x00000038   Code   RO         8663    i.vTaskPlaceOnEventList  tasks.o
    0x0800f0e0   0x0800f0e0   0x00000040   Code   RO         8664    i.vTaskPlaceOnEventListRestricted  tasks.o
    0x0800f120   0x0800f120   0x000000b8   Code   RO         8671    i.vTaskStartScheduler  tasks.o
    0x0800f1d8   0x0800f1d8   0x00000010   Code   RO         8673    i.vTaskSuspendAll   tasks.o
    0x0800f1e8   0x0800f1e8   0x0000008c   Code   RO         8674    i.vTaskSwitchContext  tasks.o
    0x0800f274   0x0800f274   0x000001a4   Code   RO         2850    i.v_cloud_convertto_chassis  steer_omni_chassis.o
    0x0800f418   0x0800f418   0x00000168   Code   RO         9568    i.xPortStartScheduler  port.o
    0x0800f580   0x0800f580   0x0000005a   Code   RO         8319    i.xQueueGenericCreate  queue.o
    0x0800f5da   0x0800f5da   0x000000e0   Code   RO         8320    i.xQueueGenericCreateStatic  queue.o
    0x0800f6ba   0x0800f6ba   0x00000002   PAD
    0x0800f6bc   0x0800f6bc   0x00000098   Code   RO         8321    i.xQueueGenericReset  queue.o
    0x0800f754   0x0800f754   0x000001a8   Code   RO         8322    i.xQueueGenericSend  queue.o
    0x0800f8fc   0x0800f8fc   0x000000fc   Code   RO         8323    i.xQueueGenericSendFromISR  queue.o
    0x0800f9f8   0x0800f9f8   0x00000168   Code   RO         8329    i.xQueueReceive     queue.o
    0x0800fb60   0x0800fb60   0x0000008c   Code   RO         8676    i.xTaskCheckForTimeOut  tasks.o
    0x0800fbec   0x0800fbec   0x00000064   Code   RO         8677    i.xTaskCreate       tasks.o
    0x0800fc50   0x0800fc50   0x000000ba   Code   RO         8678    i.xTaskCreateStatic  tasks.o
    0x0800fd0a   0x0800fd0a   0x00000002   PAD
    0x0800fd0c   0x0800fd0c   0x00000020   Code   RO         8683    i.xTaskGetSchedulerState  tasks.o
    0x0800fd2c   0x0800fd2c   0x0000000c   Code   RO         8684    i.xTaskGetTickCount  tasks.o
    0x0800fd38   0x0800fd38   0x00000148   Code   RO         8686    i.xTaskIncrementTick  tasks.o
    0x0800fe80   0x0800fe80   0x000000c8   Code   RO         8689    i.xTaskPriorityDisinherit  tasks.o
    0x0800ff48   0x0800ff48   0x00000098   Code   RO         8691    i.xTaskRemoveFromEventList  tasks.o
    0x0800ffe0   0x0800ffe0   0x00000104   Code   RO         8692    i.xTaskResumeAll    tasks.o
    0x080100e4   0x080100e4   0x00000078   Code   RO         8997    i.xTimerCreateTimerTask  timers.o
    0x0801015c   0x0801015c   0x00000084   Code   RO         8998    i.xTimerGenericCommand  timers.o
    0x080101e0   0x080101e0   0x00000018   Code   RO         9880    x$fpl$basic         fz_wm.l(basic.o)
    0x080101f8   0x080101f8   0x00000062   Code   RO         9882    x$fpl$d2f           fz_wm.l(d2f.o)
    0x0801025a   0x0801025a   0x00000002   PAD
    0x0801025c   0x0801025c   0x00000150   Code   RO         9884    x$fpl$dadd          fz_wm.l(daddsub_clz.o)
    0x080103ac   0x080103ac   0x00000010   Code   RO        10147    x$fpl$dcheck1       fz_wm.l(dcheck1.o)
    0x080103bc   0x080103bc   0x00000018   Code   RO        10018    x$fpl$dcmpinf       fz_wm.l(dcmpi.o)
    0x080103d4   0x080103d4   0x000002b0   Code   RO         9891    x$fpl$ddiv          fz_wm.l(ddiv.o)
    0x08010684   0x08010684   0x0000005e   Code   RO         9894    x$fpl$dfix          fz_wm.l(dfix.o)
    0x080106e2   0x080106e2   0x0000002e   Code   RO         9899    x$fpl$dflt          fz_wm.l(dflt_clz.o)
    0x08010710   0x08010710   0x00000026   Code   RO         9898    x$fpl$dfltu         fz_wm.l(dflt_clz.o)
    0x08010736   0x08010736   0x00000002   PAD
    0x08010738   0x08010738   0x00000078   Code   RO         9904    x$fpl$dleqf         fz_wm.l(dleqf.o)
    0x080107b0   0x080107b0   0x00000154   Code   RO         9906    x$fpl$dmul          fz_wm.l(dmul.o)
    0x08010904   0x08010904   0x0000009c   Code   RO        10020    x$fpl$dnaninf       fz_wm.l(dnaninf.o)
    0x080109a0   0x080109a0   0x0000000c   Code   RO        10022    x$fpl$dretinf       fz_wm.l(dretinf.o)
    0x080109ac   0x080109ac   0x0000006c   Code   RO         9908    x$fpl$drleqf        fz_wm.l(drleqf.o)
    0x08010a18   0x08010a18   0x00000016   Code   RO         9885    x$fpl$drsb          fz_wm.l(daddsub_clz.o)
    0x08010a2e   0x08010a2e   0x00000002   PAD
    0x08010a30   0x08010a30   0x00000198   Code   RO        10024    x$fpl$dsqrt         fz_wm.l(dsqrt_umaal.o)
    0x08010bc8   0x08010bc8   0x000001d4   Code   RO         9886    x$fpl$dsub          fz_wm.l(daddsub_clz.o)
    0x08010d9c   0x08010d9c   0x00000056   Code   RO         9910    x$fpl$f2d           fz_wm.l(f2d.o)
    0x08010df2   0x08010df2   0x0000008c   Code   RO        10032    x$fpl$fnaninf       fz_wm.l(fnaninf.o)
    0x08010e7e   0x08010e7e   0x0000000a   Code   RO        10229    x$fpl$fpinit        fz_wm.l(fpinit.o)
    0x08010e88   0x08010e88   0x0000000a   Code   RO        10034    x$fpl$fretinf       fz_wm.l(fretinf.o)
    0x08010e92   0x08010e92   0x00000002   PAD
    0x08010e94   0x08010e94   0x00000086   Code   RO         9924    x$fpl$llsfromf      fz_wm.l(ffixll.o)
    0x08010f1a   0x08010f1a   0x00000064   Code   RO        10217    x$fpl$retnan        fz_wm.l(retnan.o)
    0x08010f7e   0x08010f7e   0x0000005c   Code   RO        10036    x$fpl$scalbn        fz_wm.l(scalbn.o)
    0x08010fda   0x08010fda   0x00000030   Code   RO        10231    x$fpl$trapveneer    fz_wm.l(trapv.o)
    0x0801100a   0x0801100a   0x00000000   Code   RO        10038    x$fpl$usenofp       fz_wm.l(usenofp.o)
    0x0801100a   0x0801100a   0x00000002   PAD
    0x0801100c   0x0801100c   0x00000434   Data   RO          315    .constdata          freertos.o
    0x08011440   0x08011440   0x0000024c   Data   RO         1334    .constdata          fuzzypid.o
    0x0801168c   0x0801168c   0x00000301   Data   RO         1524    .constdata          crc.o
    0x0801198d   0x0801198d   0x00000018   Data   RO         3589    .constdata          system_stm32f4xx.o
    0x080119a5   0x080119a5   0x00000008   Data   RO         5723    .constdata          stm32f4xx_hal_dma.o
    0x080119ad   0x080119ad   0x00000004   Data   RO         9741    .constdata          vofa.o
    0x080119b1   0x080119b1   0x00000007   PAD
    0x080119b8   0x080119b8   0x00000088   Data   RO         9965    .constdata          m_wm.l(pow.o)
    0x08011a40   0x08011a40   0x00000098   Data   RO        10042    .constdata          m_wm.l(atan.o)
    0x08011ad8   0x08011ad8   0x00000030   Data   RO        10054    .constdata          m_wm.l(cos_i.o)
    0x08011b08   0x08011b08   0x00000008   Data   RO        10074    .constdata          m_wm.l(qnan.o)
    0x08011b10   0x08011b10   0x000000c8   Data   RO        10077    .constdata          m_wm.l(rred.o)
    0x08011bd8   0x08011bd8   0x00000028   Data   RO        10081    .constdata          m_wm.l(sin_i.o)
    0x08011c00   0x08011c00   0x000000cf   Data   RO          316    .conststring        freertos.o
    0x08011ccf   0x08011ccf   0x00000001   PAD
    0x08011cd0   0x08011cd0   0x00000020   Data   RO        10300    Region$$Table       anon$$obj.o


    Execution Region RW_IRAM1 (Exec base: 0x20000000, Load base: 0x08011cf0, Size: 0x0000bb80, Max: 0x0001c000, ABSOLUTE, COMPRESSED[0x00000170])

    Exec Addr    Load Addr    Size         Type   Attr      Idx    E Section Name        Object

    0x20000000   COMPRESSED   0x00000040   Data   RW          317    .data               freertos.o
    0x20000040   COMPRESSED   0x00000004   Data   RW          529    .data               can.o
    0x20000044   COMPRESSED   0x00000040   Data   RW         1335    .data               fuzzypid.o
    0x20000084   COMPRESSED   0x0000002c   Data   RW         1418    .data               bsp_boardcommunication.o
    0x200000b0   COMPRESSED   0x00000036   Data   RW         1466    .data               protocol_uppercomputer.o
    0x200000e6   COMPRESSED   0x00000004   Data   RW         1525    .data               crc.o
    0x200000ea   COMPRESSED   0x00000002   PAD
    0x200000ec   COMPRESSED   0x00000039   Data   RW         1639    .data               bsp_can.o
    0x20000125   COMPRESSED   0x00000003   PAD
    0x20000128   COMPRESSED   0x00000005   Data   RW         1690    .data               bsp_usart.o
    0x2000012d   COMPRESSED   0x00000003   PAD
    0x20000130   COMPRESSED   0x00000008   Data   RW         1732    .data               bsp_delay.o
    0x20000138   COMPRESSED   0x00000008   Data   RW         1840    .data               bsp_led.o
    0x20000140   COMPRESSED   0x00000003   Data   RW         2055    .data               saber_c3.o
    0x20000143   COMPRESSED   0x00000001   PAD
    0x20000144   COMPRESSED   0x0000000c   Data   RW         2154    .data               dt7.o
    0x20000150   COMPRESSED   0x00000008   Data   RW         2438    .data               m3508_motor.o
    0x20000158   COMPRESSED   0x00000018   Data   RW         2505    .data               m6020_motor.o
    0x20000170   COMPRESSED   0x00000064   Data   RW         2619    .data               dm_motor.o
    0x200001d4   COMPRESSED   0x00000061   Data   RW         2698    .data               cloud_control.o
    0x20000235   COMPRESSED   0x00000003   PAD
    0x20000238   COMPRESSED   0x00000010   Data   RW         2801    .data               powercontrol.o
    0x20000248   COMPRESSED   0x00000010   Data   RW         2853    .data               steer_omni_chassis.o
    0x20000258   COMPRESSED   0x0000001c   Data   RW         3007    .data               task_led.o
    0x20000274   COMPRESSED   0x00000002   Data   RW         3116    .data               task_offlinecheck.o
    0x20000276   COMPRESSED   0x00000002   PAD
    0x20000278   COMPRESSED   0x0000001c   Data   RW         3252    .data               usbd_desc.o
    0x20000294   COMPRESSED   0x00000032   Data   RW         3253    .data               usbd_desc.o
    0x200002c6   COMPRESSED   0x00000002   PAD
    0x200002c8   COMPRESSED   0x00000014   Data   RW         3327    .data               usbd_cdc_if.o
    0x200002dc   COMPRESSED   0x00000004   Data   RW         3590    .data               system_stm32f4xx.o
    0x200002e0   COMPRESSED   0x00000009   Data   RW         6173    .data               stm32f4xx_hal.o
    0x200002e9   COMPRESSED   0x00000001   Data   RW         7911    .data               usbd_ctlreq.o
    0x200002ea   COMPRESSED   0x00000002   PAD
    0x200002ec   COMPRESSED   0x00000053   Data   RW         8070    .data               usbd_cdc.o
    0x2000033f   COMPRESSED   0x00000001   PAD
    0x20000340   COMPRESSED   0x00000038   Data   RW         8071    .data               usbd_cdc.o
    0x20000378   COMPRESSED   0x0000003c   Data   RW         8695    .data               tasks.o
    0x200003b4   COMPRESSED   0x00000014   Data   RW         9004    .data               timers.o
    0x200003c8   COMPRESSED   0x00000020   Data   RW         9513    .data               heap_4.o
    0x200003e8   COMPRESSED   0x0000000c   Data   RW         9569    .data               port.o
    0x200003f4   COMPRESSED   0x00000004   Data   RW         9742    .data               vofa.o
    0x200003f8        -       0x000006a8   Zero   RW          314    .bss                freertos.o
    0x20000aa0        -       0x00000050   Zero   RW          528    .bss                can.o
    0x20000af0        -       0x00000020   Zero   RW          600    .bss                rtc.o
    0x20000b10        -       0x00000058   Zero   RW          642    .bss                spi.o
    0x20000b68        -       0x00000048   Zero   RW          685    .bss                tim.o
    0x20000bb0        -       0x000002b8   Zero   RW          734    .bss                usart.o
    0x20000e68        -       0x00000048   Zero   RW          946    .bss                stm32f4xx_hal_timebase_tim.o
    0x20000eb0        -       0x00000060   Zero   RW         1143    .bss                pid.o
    0x20000f10        -       0x00000020   Zero   RW         1416    .bss                bsp_boardcommunication.o
    0x20000f30        -       0x00000224   Zero   RW         1587    .bss                protocol_judgement.o
    0x20001154        -       0x000000e0   Zero   RW         1638    .bss                bsp_can.o
    0x20001234        -       0x00000082   Zero   RW         1688    .bss                bsp_usart.o
    0x200012b6   COMPRESSED   0x00000002   PAD
    0x200012b8        -       0x000000fc   Zero   RW         2054    .bss                saber_c3.o
    0x200013b4        -       0x00000028   Zero   RW         2152    .bss                dt7.o
    0x200013dc        -       0x00000578   Zero   RW         2436    .bss                m3508_motor.o
    0x20001954        -       0x00000258   Zero   RW         2504    .bss                m6020_motor.o
    0x20001bac        -       0x00000098   Zero   RW         2618    .bss                dm_motor.o
    0x20001c44        -       0x000001e8   Zero   RW         2696    .bss                cloud_control.o
    0x20001e2c        -       0x0000000c   Zero   RW         2800    .bss                powercontrol.o
    0x20001e38        -       0x000000cc   Zero   RW         2851    .bss                steer_omni_chassis.o
    0x20001f04        -       0x0000001f   Zero   RW         3176    .bss                task_communicatewithpc.o
    0x20001f23   COMPRESSED   0x00000001   PAD
    0x20001f24        -       0x000002dc   Zero   RW         3212    .bss                usb_device.o
    0x20002200        -       0x00000200   Zero   RW         3251    .bss                usbd_desc.o
    0x20002400        -       0x00001000   Zero   RW         3326    .bss                usbd_cdc_if.o
    0x20003400        -       0x00000704   Zero   RW         3411    .bss                usbd_conf.o
    0x20003b04        -       0x00000040   Zero   RW         8332    .bss                queue.o
    0x20003b44        -       0x000000f0   Zero   RW         8694    .bss                tasks.o
    0x20003c34        -       0x000000e8   Zero   RW         9003    .bss                timers.o
    0x20003d1c        -       0x00007800   Zero   RW         9512    .bss                heap_4.o
    0x2000b51c        -       0x00000060   Zero   RW        10154    .bss                c_w.l(libspace.o)
    0x2000b57c   COMPRESSED   0x00000004   PAD
    0x2000b580        -       0x00000200   Zero   RW            2    HEAP                startup_stm32f407xx.o
    0x2000b780        -       0x00000400   Zero   RW            1    STACK               startup_stm32f407xx.o


    Execution Region RW_IRAM2 (Exec base: 0x2001c000, Load base: 0x08011e60, Size: 0x00000000, Max: 0x00004000, ABSOLUTE)

    **** No section assigned to this execution region ****


==============================================================================

Image component sizes


      Code (inc. data)   RO Data    RW Data    ZI Data      Debug   Object Name

       764        110          0         44         32       4640   bsp_boardcommunication.o
       446         36          0         57        224       9074   bsp_can.o
        48         16          0          8          0        645   bsp_delay.o
       104         22          0          8          0        576   bsp_led.o
       176         52          0          5        130       3207   bsp_usart.o
       520         44          0          4         80       2426   can.o
      1328        238          0         97        488       7425   cloud_control.o
       142          0          0          0          0      22903   cmsis_os.o
       234         16        769          4          0       4208   crc.o
      1768         74          0        100        152      10678   dm_motor.o
       152          6          0          0          0        822   dma.o
       728         60          0         12         40       3162   dt7.o
         0          0          0          0          0      19900   event_groups.o
         0          0          0          0          0       1520   feedforward.o
       734        168       1283         64       1704      15362   freertos.o
      1018         12        588         64          0       3698   fuzzypid.o
       284         14          0          0          0       1063   gpio.o
       724         74          0         32      30720       4831   heap_4.o
       198          6          0          0          0       1628   kalman_filter.o
       148          0          0          0          0       3530   list.o
      1888         70          0          8       1400       5412   m3508_motor.o
       850         32          0         24        600       6776   m6020_motor.o
       286         14          0          0          0     778088   main.o
      1414         18          0          0         96       7355   pid.o
      1014         92          0         12          0      11957   port.o
       168         26          0         16         12       2252   powercontrol.o
       660         24          0          0        548       8201   protocol_judgement.o
       300         56          0         54          0       2776   protocol_uppercomputer.o
      2008         20          0          0         64      18246   queue.o
       196         18          0          0         32       1643   rtc.o
       348         34          0          3        252       3375   saber_c3.o
       212         22          0          0         88       1657   spi.o
        64         26        392          0       1536        836   startup_stm32f407xx.o
      4300        436          0         16        204       8654   steer_omni_chassis.o
       136         24          0          9          0       8674   stm32f4xx_hal.o
      2148          6          0          0          0      14251   stm32f4xx_hal_can.o
       260         22          0          0          0      33518   stm32f4xx_hal_cortex.o
      1436         16          8          0          0       6966   stm32f4xx_hal_dma.o
       542         50          0          0          0       3288   stm32f4xx_hal_gpio.o
        84          6          0          0          0        846   stm32f4xx_hal_msp.o
      3562         16          0          0          0      13676   stm32f4xx_hal_pcd.o
        90          0          0          0          0       2405   stm32f4xx_hal_pcd_ex.o
      1888         94          0          0          0       6209   stm32f4xx_hal_rcc.o
       416         20          0          0          0       1392   stm32f4xx_hal_rcc_ex.o
       810         18          0          0          0       5748   stm32f4xx_hal_rtc.o
       200          0          0          0          0       1191   stm32f4xx_hal_spi.o
      2522        172          0          0          0      17161   stm32f4xx_hal_tim.o
       184         30          0          0          0       2501   stm32f4xx_hal_tim_ex.o
       160         20          0          0         72       1411   stm32f4xx_hal_timebase_tim.o
      2624         28          0          0          0      14278   stm32f4xx_hal_uart.o
       224         72          0          0          0       9227   stm32f4xx_it.o
      3894         84          0          0          0      22632   stm32f4xx_ll_usb.o
        20          6         24          4          0       1111   system_stm32f4xx.o
       268         30          0          0          0       1246   task_canreceive.o
        36          4          0          0          0        589   task_cansend.o
        48          8          0          0         31       1729   task_communicatewithpc.o
       424          8          0         28          0       1641   task_led.o
        68         14          0          2          0       1233   task_offlinecheck.o
        64         12          0          0          0        960   task_robotcontrol.o
        52          8          0          0          0       1354   task_vofa.o
      3314        402          0         60        240      29358   tasks.o
       380         34          0          0         72       2396   tim.o
      1274        124          0         20        232      30515   timers.o
       984         94          0          0        696       3559   usart.o
        84         18          0          0        732        796   usb_device.o
      1446         40          0        139          0      14565   usbd_cdc.o
       180         28          0         20       4096       4276   usbd_cdc_if.o
       658         28          0          0       1796      16696   usbd_conf.o
      1050          0          0          0          0      16249   usbd_core.o
      1928         28          0          1          0      17908   usbd_ctlreq.o
       362        110          0         78        512       6885   usbd_desc.o
       132          0          0          0          0       4476   usbd_ioreq.o
         0          0          0          0          0        952   user_lib.o
       142          8          4          4          0       1911   vofa.o

    ----------------------------------------------------------------------
     57380       3518       3108       1016      46884    1304305   Object Totals
         0          0         32          0          0          0   (incl. Generated)
        62          0          8         19          3          0   (incl. Padding)

    ----------------------------------------------------------------------

      Code (inc. data)   RO Data    RW Data    ZI Data      Debug   Library Member Name

        90          0          0          0          0          0   __dczerorl2.o
         8          0          0          0          0         68   __main.o
         0          0          0          0          0          0   __rtentry.o
        12          0          0          0          0          0   __rtentry2.o
         6          0          0          0          0          0   __rtentry4.o
        52          8          0          0          0          0   __scatter.o
        28          0          0          0          0          0   __scatter_zi.o
        22          0          0          0          0        100   _rserrno.o
        18          0          0          0          0         80   exit.o
         6          0          0          0          0        152   heapauxi.o
         0          0          0          0          0          0   indicate_semi.o
         2          0          0          0          0          0   libinit.o
         6          0          0          0          0          0   libinit2.o
         2          0          0          0          0          0   libshutdown.o
         2          0          0          0          0          0   libshutdown2.o
         8          4          0          0         96         68   libspace.o
       238          0          0          0          0        100   lludivv7m.o
         8          4          0          0          0         68   rt_errno_addr_intlibspace.o
        78          0          0          0          0         80   rt_memclr_w.o
       138          0          0          0          0         68   rt_memcpy_v6.o
       100          0          0          0          0         80   rt_memcpy_w.o
         2          0          0          0          0          0   rtexit.o
        10          0          0          0          0          0   rtexit2.o
        12          4          0          0          0         68   sys_exit.o
        74          0          0          0          0         80   sys_stackheap_outer.o
         2          0          0          0          0         68   use_no_semi.o
        24          0          0          0          0        164   basic.o
        98          4          0          0          0        140   d2f.o
       826         16          0          0          0        492   daddsub_clz.o
        16          4          0          0          0        116   dcheck1.o
        24          0          0          0          0        116   dcmpi.o
       688        140          0          0          0        256   ddiv.o
        94          4          0          0          0        140   dfix.o
        84          0          0          0          0        232   dflt_clz.o
       120          4          0          0          0        140   dleqf.o
       340         12          0          0          0        152   dmul.o
       156          4          0          0          0        140   dnaninf.o
        12          0          0          0          0        116   dretinf.o
       108          0          0          0          0        128   drleqf.o
       408         56          0          0          0        168   dsqrt_umaal.o
        86          4          0          0          0        132   f2d.o
       134          4          0          0          0        132   ffixll.o
       140          4          0          0          0        132   fnaninf.o
        10          0          0          0          0        116   fpinit.o
        10          0          0          0          0        116   fretinf.o
       100          0          0          0          0        116   retnan.o
        92          0          0          0          0        116   scalbn.o
        48          0          0          0          0        116   trapv.o
         0          0          0          0          0          0   usenofp.o
       744        106        152          0          0        352   atan.o
       496         64          0          0          0        192   atan2.o
       200         20          0          0          0        164   cos.o
       368         46         48          0          0        200   cos_i.o
       184         44          0          0          0        744   dunder.o
        44          0          0          0          0        248   fabs.o
        48          0          0          0          0        124   fpclassify.o
       248          0          0          0          0        152   poly.o
      3152        296        136          0          0        352   pow.o
         0          0          8          0          0          0   qnan.o
      1080        142        200          0          0        188   rred.o
       200         20          0          0          0        164   sin.o
       304         24         40          0          0        208   sin_i.o
       232          0          0          0          0        296   sqrt.o

    ----------------------------------------------------------------------
     11872       1038        584          0        100       7940   Library Totals
        30          0          0          0          4          0   (incl. Padding)

    ----------------------------------------------------------------------

      Code (inc. data)   RO Data    RW Data    ZI Data      Debug   Library Name

       924         20          0          0         96       1080   c_w.l
      3618        256          0          0          0       3476   fz_wm.l
      7300        762        584          0          0       3384   m_wm.l

    ----------------------------------------------------------------------
     11872       1038        584          0        100       7940   Library Totals

    ----------------------------------------------------------------------

==============================================================================


      Code (inc. data)   RO Data    RW Data    ZI Data      Debug   

     69252       4556       3692       1016      46984    1263177   Grand Totals
     69252       4556       3692        368      46984    1263177   ELF Image Totals (compressed)
     69252       4556       3692        368          0          0   ROM Totals

==============================================================================

    Total RO  Size (Code + RO Data)                72944 (  71.23kB)
    Total RW  Size (RW Data + ZI Data)             48000 (  46.88kB)
    Total ROM Size (Code + RO Data + RW Data)      73312 (  71.59kB)

==============================================================================

